Microchip MPLAB XC8 Compiler V2.31

Linker command line:

-W-3 --edf=C:\Program Files\Microchip\xc8\v2.31\pic\dat\en_msgs.txt -cn \
  -h+dist/default/production\DHT11.X.production.sym \
  --cmf=dist/default/production\DHT11.X.production.cmf -z -Q18F4550 \
  -oC:\Users\Mari\AppData\Local\Temp\s6b8.3 --defsym=__MPLAB_BUILD=1 \
  -Mdist/default/production/DHT11.X.production.map -E1 -ver=XC8 Compiler \
  --acfsm=1493 -ASTACK=0275h-07FFh -pstack=STACK -ACODE=00h-07FFFh \
  -ACONST=00h-07FFFh -ASMALLCONST=0800h-08FFhx120 \
  -AMEDIUMCONST=0800h-07FFFh -ACOMRAM=01h-05Fh -AABS1=00h-07FFh \
  -ABIGRAM=01h-07FFh -ARAM=060h-0FFh,0100h-01FFhx7 -ABANK0=060h-0FFh \
  -ABANK1=0100h-01FFh -ABANK2=0200h-02FFh -ABANK3=0300h-03FFh \
  -ABANK4=0400h-04FFh -ABANK5=0500h-05FFh -ABANK6=0600h-06FFh \
  -ABANK7=0700h-07FFh -ASFR=0F60h-0FFFh -ACONFIG=0300000h-030000Dh \
  -AIDLOC=0200000h-0200007h -AEEDATA=0F00000h-0F000FFh -peeprom_data=EEDATA \
  -preset_vec=00h,intcode,intcodelo,powerup,init -pramtop=0800h \
  -psmallconst=SMALLCONST -pmediumconst=MEDIUMCONST -pconst=CONST \
  -AFARRAM=00h-00h \
  -prdata=COMRAM,nvrram=COMRAM,nvbit=COMRAM,rbss=COMRAM,rbit=COMRAM \
  -pfarbss=FARRAM,fardata=FARRAM,nvFARRAM=FARRAM \
  -pintsave_regs=BIGRAM,bigbss=BIGRAM,bigdata=BIGRAM -pbss=RAM \
  -pidata=CODE,irdata=CODE,ibigdata=CODE,ifardata=CODE -prparam=COMRAM \
  C:\Users\Mari\AppData\Local\Temp\s6b8.o \
  dist/default/production\DHT11.X.production.o 

Object code version is 3.11

Machine type is 18F4550



                Name                               Link     Load   Length Selector   Space Scale
C:\Users\Mari\AppData\Local\Temp\s6b8.o
                idloc                            200000   200000        8        0       5
                config                           300000   300000        E        0       4
                init                                  0        0        4        0       0
dist/default/production\DHT11.X.production.o
                idloc                            200000   200000        8        0       5
                config                           300000   300000        E        0       4
                smallconst                          800      800       1E      400       0
                text23                             1D26     1D26       2C      CC2       0
                text22                             1B06     1B06       5C      CC2       0
                text21                             1D52     1D52       20      CC2       0
                text20                             1BB4     1BB4       4A      CC2       0
                text19                             1D8E     1D8E       1C      CC2       0
                text18                             1CF8     1CF8       2E      CC2       0
                text17                             1D72     1D72       1C      CC2       0
                text16                             1AA8     1AA8       5E      CC2       0
                text15                             1C82     1C82       40      CC2       0
                text14                             1984     1984       64      CC2       0
                text13                             1638     1638       D0      40F       0
                text12                             134C     134C      188      40F       0
                text11                             14D4     14D4      164      40F       0
                text10                             1C42     1C42       40      CC2       0
                text9                              1DBE     1DBE        2      EDF       0
                text8                              1708     1708       CA      40F       0
                text7                              1BFE     1BFE       44      CC2       0
                text6                              1CC2     1CC2       36      CC2       0
                text5                              17D2     17D2       C2      40F       0
                text4                               EBA      EBA      2DE      40F       0
                text3                              1198     1198      1B4      40F       0
                text2                              19E8     19E8       62      CC2       0
                text1                              1B62     1B62       52      CC2       0
                text0                               81E      81E      69C      40F       0
                cstackCOMRAM                          1        1       5D        1       1
                cstackBANK0                          E4       E4        A       60       1
                cstackBANK1                         100      100       DF      100       1
                dataBANK2                           200      200       75      200       1
                dataBANK1                           1DF      1DF       13      100       1
                dataBANK0                            60       60       5E       60       1
                bssBANK0                             BE       BE       26       60       1
                bssCOMRAM                            5E       5E        2        1       1
                cinit                              1894     1894       7A      40F       0
                idataBANK2                         190E     190E       75      40F       0
                idataBANK1                         1DAA     1DAA       13      CC2       0
                idataBANK0                         1A4A     1A4A       5E      CC2       0

TOTAL           Name                               Link     Load   Length     Space
        CLASS   STACK          

        CLASS   CODE           
                init                                  0        0        4         0
                text23                             1D26     1D26       2C         0
                text22                             1B06     1B06       5C         0
                text21                             1D52     1D52       20         0
                text20                             1BB4     1BB4       4A         0
                text19                             1D8E     1D8E       1C         0
                text18                             1CF8     1CF8       2E         0
                text17                             1D72     1D72       1C         0
                text16                             1AA8     1AA8       5E         0
                text15                             1C82     1C82       40         0
                text14                             1984     1984       64         0
                text13                             1638     1638       D0         0
                text12                             134C     134C      188         0
                text11                             14D4     14D4      164         0
                text10                             1C42     1C42       40         0
                text9                              1DBE     1DBE        2         0
                text8                              1708     1708       CA         0
                text7                              1BFE     1BFE       44         0
                text6                              1CC2     1CC2       36         0
                text5                              17D2     17D2       C2         0
                text4                               EBA      EBA      2DE         0
                text3                              1198     1198      1B4         0
                text2                              19E8     19E8       62         0
                text1                              1B62     1B62       52         0
                text0                               81E      81E      69C         0
                cinit                              1894     1894       7A         0
                idataBANK2                         190E     190E       75         0
                idataBANK1                         1DAA     1DAA       13         0
                idataBANK0                         1A4A     1A4A       5E         0

        CLASS   CONST          

        CLASS   SMALLCONST     
                smallconst                          800      800       1E         0

        CLASS   MEDIUMCONST    

        CLASS   COMRAM         
                cstackCOMRAM                          1        1       5D         1
                bssCOMRAM                            5E       5E        2         1

        CLASS   ABS1           

        CLASS   BIGRAM         

        CLASS   RAM            

        CLASS   BANK0          
                cstackBANK0                          E4       E4        A         1
                dataBANK0                            60       60       5E         1
                bssBANK0                             BE       BE       26         1

        CLASS   BANK1          
                cstackBANK1                         100      100       DF         1
                dataBANK1                           1DF      1DF       13         1

        CLASS   BANK2          
                dataBANK2                           200      200       75         1

        CLASS   BANK3          

        CLASS   BANK4          

        CLASS   BANK5          

        CLASS   BANK6          

        CLASS   BANK7          

        CLASS   SFR            

        CLASS   CONFIG         
                config                           300000   300000        E         4

        CLASS   IDLOC          
                idloc                            200000   200000        8         5

        CLASS   EEDATA         

        CLASS   FARRAM         



SEGMENTS        Name                           Load    Length   Top    Selector   Space  Class

                reset_vec                      000000  000004  000004         0       0  CODE    
                cstackCOMRAM                   000001  00005F  000060         1       1  COMRAM  
                dataBANK0                      000060  00008E  0000EE        60       1  BANK0   
                cstackBANK1                    000100  0000F2  0001F2       100       1  BANK1   
                dataBANK2                      000200  000075  000275       200       1  BANK2   
                smallconst                     000800  00001E  00081E       400       0  SMALLCON
                text0                          00081E  001165  001983       40F       0  CODE    
                text14                         001984  000439  001DBD       CC2       0  CODE    
                text9                          001DBE  000002  001DC0       EDF       0  CODE    


UNUSED ADDRESS RANGES

        Name                Unused          Largest block    Delta
        BANK0            0000EE-0000FF               12
        BANK1            0001F2-0001FF                E
        BANK2            000275-0002FF               8B
        BANK3            000300-0003FF              100
        BANK4            000400-0004FF              100
        BANK5            000500-0005FF              100
        BANK6            000600-0006FF              100
        BANK7            000700-0007FF              100
        BIGRAM           0000EE-0000FF               12
                         0001F2-0001FF                E
                         000275-0007FF              58B
        CODE             000004-0007FF              7FC
                         001983-001983                1
                         001DBD-001DBD                1
                         001DC0-007FFF             6240
        CONST            000004-0007FF              7FC
                         001983-001983                1
                         001DBD-001DBD                1
                         001DC0-007FFF             6240
        EEDATA           F00000-F000FF              100
        MEDIUMCONST      001983-001983                1
                         001DBD-001DBD                1
                         001DC0-007FFF             6240
        RAM              0000EE-0000FF               12
                         0001F2-0001FF                E
                         000275-0007FF              100
        SFR              000F60-000FFF               A0
        SMALLCONST       001983-001983                1
                         001DBD-001DBD                1
                         001DC0-007FFF              100
        STACK            000275-0007FF              58B

                                  Symbol Table

?___aodiv                     cstackCOMRAM 000001
?___aomod                     cstackCOMRAM 000001
?_abs                         cstackCOMRAM 000013
?_dtoa                        cstackCOMRAM 00001C
?_pad                         cstackCOMRAM 000011
?_sprintf                     cstackCOMRAM 000058
?_strlen                      cstackCOMRAM 000001
?_vfpfcnvrt                   cstackCOMRAM 000040
?_vfprintf                    cstackCOMRAM 000050
DHT11_ReadData@data           cstackCOMRAM 000002
DHT11_ReadData@i              cstackCOMRAM 000001
LCD_Char@dat                  cstackCOMRAM 000007
LCD_Command@cmd               cstackCOMRAM 000007
LCD_String@msg                cstackCOMRAM 000008
LCD_String_xy@location        cstackCOMRAM 00000E
LCD_String_xy@msg             cstackCOMRAM 00000B
LCD_String_xy@pos             cstackCOMRAM 00000A
LCD_String_xy@row             cstackCOMRAM 00000D
MSdelay@i                     cstackCOMRAM 000003
MSdelay@j                     cstackCOMRAM 000005
MSdelay@val                   cstackCOMRAM 000001
_ADCON1                       (abs)        000FC1
_BAUDCONbits                  (abs)        000FB8
_DHT11_CheckResponse          text23       001D26
_DHT11_ReadData               text22       001B06
_DHT11_Start                  text21       001D52
_LATC0                        (abs)        007C58
_LATC1                        (abs)        007C59
_LATC2                        (abs)        007C5A
_LATD                         (abs)        000F8C
_LCD_Char                     text17       001D72
_LCD_Command                  text19       001D8E
_LCD_Init                     text18       001CF8
_LCD_String                   text16       001AA8
_LCD_String_xy                text15       001C82
_MSdelay                      text20       001BB4
_OSCCON                       (abs)        000FD3
_PORTAbits                    (abs)        000F80
_PORTCbits                    (abs)        000F82
_RCSTAbits                    (abs)        000FAB
_SPBRG                        (abs)        000FAF
_TRISA                        (abs)        000F92
_TRISC                        (abs)        000F94
_TRISCbits                    (abs)        000F94
_TRISD                        (abs)        000F95
_TXREG                        (abs)        000FAD
_TXSTAbits                    (abs)        000FAC
__HRAM                        (abs)        000000
__Habs1                       abs1         000000
__Hbank0                      bank0        000000
__Hbank1                      bank1        000000
__Hbank2                      bank2        000000
__Hbank3                      bank3        000000
__Hbank4                      bank4        000000
__Hbank5                      bank5        000000
__Hbank6                      bank6        000000
__Hbank7                      bank7        000000
__Hbigbss                     bigbss       000000
__Hbigdata                    bigdata      000000
__Hbigram                     bigram       000000
__Hbss                        bss          000000
__HbssBANK0                   bssBANK0     000000
__HbssCOMRAM                  bssCOMRAM    000000
__Hcinit                      cinit        000000
__Hclrtext                    clrtext      000000
__Hcomram                     comram       000000
__Hconfig                     config       30000E
__Hconst                      const        000000
__HcstackBANK0                cstackBANK0  000000
__HcstackBANK1                cstackBANK1  000000
__HcstackCOMRAM               cstackCOMRAM 000000
__Hdata                       data         000000
__HdataBANK0                  dataBANK0    000000
__HdataBANK1                  dataBANK1    000000
__HdataBANK2                  dataBANK2    000000
__Heeprom_data                eeprom_data  000000
__Hfarbss                     farbss       000000
__Hfardata                    fardata      000000
__Hibigdata                   ibigdata     000000
__Hidata                      idata        000000
__HidataBANK0                 idataBANK0   000000
__HidataBANK1                 idataBANK1   000000
__HidataBANK2                 idataBANK2   000000
__Hidloc                      idloc        200008
__Hifardata                   ifardata     000000
__Hinit                       init         000004
__Hintcode                    intcode      000000
__Hintcode_body               intcode_body 000000
__Hintcodelo                  intcodelo    000000
__Hintentry                   intentry     000000
__Hintret                     intret       000000
__Hintsave_regs               intsave_regs 000000
__Hirdata                     irdata       000000
__Hmediumconst                mediumconst  000000
__HnvFARRAM                   nvFARRAM     000000
__Hnvbit                      nvbit        000000
__Hnvrram                     nvrram       000000
__Hparam                      rparam       000000
__Hpowerup                    powerup      000000
__Hram                        ram          000000
__Hramtop                     ramtop       000800
__Hrbit                       rbit         000000
__Hrbss                       rbss         000000
__Hrdata                      rdata        000000
__Hreset_vec                  reset_vec    000000
__Hrparam                     rparam       000000
__Hsfr                        sfr          000000
__Hsmallconst                 smallconst   00081E
__Hspace_0                    (abs)        001DC0
__Hspace_1                    (abs)        000275
__Hspace_2                    (abs)        000000
__Hspace_4                    (abs)        60000E
__Hstack                      stack        000000
__Hstruct                     struct       000000
__Htemp                       temp         000000
__Htext                       text         000000
__Htext0                      text0        000000
__Htext1                      text1        000000
__Htext10                     text10       000000
__Htext11                     text11       000000
__Htext12                     text12       000000
__Htext13                     text13       000000
__Htext14                     text14       000000
__Htext15                     text15       000000
__Htext16                     text16       000000
__Htext17                     text17       000000
__Htext18                     text18       000000
__Htext19                     text19       000000
__Htext2                      text2        000000
__Htext20                     text20       000000
__Htext21                     text21       000000
__Htext22                     text22       000000
__Htext23                     text23       000000
__Htext3                      text3        000000
__Htext4                      text4        000000
__Htext5                      text5        000000
__Htext6                      text6        000000
__Htext7                      text7        000000
__Htext8                      text8        000000
__Htext9                      text9        000000
__LRAM                        (abs)        000001
__Labs1                       abs1         000000
__Lbank0                      bank0        000000
__Lbank1                      bank1        000000
__Lbank2                      bank2        000000
__Lbank3                      bank3        000000
__Lbank4                      bank4        000000
__Lbank5                      bank5        000000
__Lbank6                      bank6        000000
__Lbank7                      bank7        000000
__Lbigbss                     bigbss       000000
__Lbigdata                    bigdata      000000
__Lbigram                     bigram       000000
__Lbss                        bss          000000
__LbssBANK0                   bssBANK0     000000
__LbssCOMRAM                  bssCOMRAM    000000
__Lcinit                      cinit        000000
__Lclrtext                    clrtext      000000
__Lcomram                     comram       000000
__Lconfig                     config       000000
__Lconst                      const        000000
__LcstackBANK0                cstackBANK0  000000
__LcstackBANK1                cstackBANK1  000000
__LcstackCOMRAM               cstackCOMRAM 000000
__Ldata                       data         000000
__LdataBANK0                  dataBANK0    000000
__LdataBANK1                  dataBANK1    000000
__LdataBANK2                  dataBANK2    000000
__Leeprom_data                eeprom_data  000000
__Lfarbss                     farbss       000000
__Lfardata                    fardata      000000
__Libigdata                   ibigdata     000000
__Lidata                      idata        000000
__LidataBANK0                 idataBANK0   000000
__LidataBANK1                 idataBANK1   000000
__LidataBANK2                 idataBANK2   000000
__Lidloc                      idloc        000000
__Lifardata                   ifardata     000000
__Linit                       init         000000
__Lintcode                    intcode      000000
__Lintcode_body               intcode_body 000000
__Lintcodelo                  intcodelo    000000
__Lintentry                   intentry     000000
__Lintret                     intret       000000
__Lintsave_regs               intsave_regs 000000
__Lirdata                     irdata       000000
__Lmediumconst                mediumconst  000000
__LnvFARRAM                   nvFARRAM     000000
__Lnvbit                      nvbit        000000
__Lnvrram                     nvrram       000000
__Lparam                      rparam       000000
__Lpowerup                    powerup      000000
__Lram                        ram          000000
__Lramtop                     ramtop       000800
__Lrbit                       rbit         000000
__Lrbss                       rbss         000000
__Lrdata                      rdata        000000
__Lreset_vec                  reset_vec    000000
__Lrparam                     rparam       000000
__Lsfr                        sfr          000000
__Lsmallconst                 smallconst   000800
__Lspace_0                    (abs)        000000
__Lspace_1                    (abs)        000000
__Lspace_2                    (abs)        000000
__Lspace_4                    (abs)        000000
__Lstack                      stack        000000
__Lstruct                     struct       000000
__Ltemp                       temp         000000
__Ltext                       text         000000
__Ltext0                      text0        000000
__Ltext1                      text1        000000
__Ltext10                     text10       000000
__Ltext11                     text11       000000
__Ltext12                     text12       000000
__Ltext13                     text13       000000
__Ltext14                     text14       000000
__Ltext15                     text15       000000
__Ltext16                     text16       000000
__Ltext17                     text17       000000
__Ltext18                     text18       000000
__Ltext19                     text19       000000
__Ltext2                      text2        000000
__Ltext20                     text20       000000
__Ltext21                     text21       000000
__Ltext22                     text22       000000
__Ltext23                     text23       000000
__Ltext3                      text3        000000
__Ltext4                      text4        000000
__Ltext5                      text5        000000
__Ltext6                      text6        000000
__Ltext7                      text7        000000
__Ltext8                      text8        000000
__Ltext9                      text9        000000
__S0                          (abs)        001DC0
__S1                          (abs)        000275
__S2                          (abs)        000000
__S4                          (abs)        000000
__S5                          (abs)        000000
___aodiv                      text12       00134C
___aodiv@counter              cstackCOMRAM 000011
___aodiv@dividend             cstackCOMRAM 000001
___aodiv@divisor              cstackCOMRAM 000009
___aodiv@quotient             cstackCOMRAM 000013
___aodiv@sign                 cstackCOMRAM 000012
___aomod                      text11       0014D4
___aomod@counter              cstackCOMRAM 000011
___aomod@dividend             cstackCOMRAM 000001
___aomod@divisor              cstackCOMRAM 000009
___aomod@sign                 cstackCOMRAM 000012
___inthi_sp                   stack        000000
___intlo_sp                   stack        000000
___param_bank                 (abs)        000000
___rparam_used                (abs)        000001
___sp                         stack        000000
__accesstop                   (abs)        000060
__activetblptr                (abs)        000002
__end_of_DHT11_CheckResponse  text23       001D52
__end_of_DHT11_ReadData       text22       001B62
__end_of_DHT11_Start          text21       001D72
__end_of_LCD_Char             text17       001D8E
__end_of_LCD_Command          text19       001DAA
__end_of_LCD_Init             text18       001D26
__end_of_LCD_String           text16       001B06
__end_of_LCD_String_xy        text15       001CC2
__end_of_MSdelay              text20       001BFE
__end_of___aodiv              text12       0014D4
__end_of___aomod              text11       001638
__end_of__initialization      cinit        001904
__end_of_abs                  text10       001C82
__end_of_dtoa                 text4        001198
__end_of_fputc                text8        0017D2
__end_of_fputs                text7        001C42
__end_of_main                 text0        000EBA
__end_of_offBombillas         text14       0019E8
__end_of_onLEDS               text13       001708
__end_of_pad                  text5        001894
__end_of_putch                text9        001DC0
__end_of_sprintf              text1        001BB4
__end_of_strlen               text6        001CF8
__end_of_vfpfcnvrt            text3        00134C
__end_of_vfprintf             text2        001A4A
__initialization              cinit        001894
__mediumconst                 mediumconst  000000
__pbssBANK0                   bssBANK0     0000BE
__pbssCOMRAM                  bssCOMRAM    00005E
__pcinit                      cinit        001894
__pcstackBANK0                cstackBANK0  0000E4
__pcstackBANK1                cstackBANK1  000100
__pcstackCOMRAM               cstackCOMRAM 000001
__pdataBANK0                  dataBANK0    000060
__pdataBANK1                  dataBANK1    0001DF
__pdataBANK2                  dataBANK2    000200
__pidataBANK0                 idataBANK0   001A4A
__pidataBANK1                 idataBANK1   001DAA
__pidataBANK2                 idataBANK2   00190E
__psmallconst                 smallconst   000800
__ptext0                      text0        00081E
__ptext1                      text1        001B62
__ptext10                     text10       001C42
__ptext11                     text11       0014D4
__ptext12                     text12       00134C
__ptext13                     text13       001638
__ptext14                     text14       001984
__ptext15                     text15       001C82
__ptext16                     text16       001AA8
__ptext17                     text17       001D72
__ptext18                     text18       001CF8
__ptext19                     text19       001D8E
__ptext2                      text2        0019E8
__ptext20                     text20       001BB4
__ptext21                     text21       001D52
__ptext22                     text22       001B06
__ptext23                     text23       001D26
__ptext3                      text3        001198
__ptext4                      text4        000EBA
__ptext5                      text5        0017D2
__ptext6                      text6        001CC2
__ptext7                      text7        001BFE
__ptext8                      text8        001708
__ptext9                      text9        001DBE
__ramtop                      ramtop       000800
__size_of_DHT11_CheckResponse (abs)        000000
__size_of_DHT11_ReadData      (abs)        000000
__size_of_DHT11_Start         (abs)        000000
__size_of_LCD_Char            (abs)        000000
__size_of_LCD_Command         (abs)        000000
__size_of_LCD_Init            (abs)        000000
__size_of_LCD_String          (abs)        000000
__size_of_LCD_String_xy       (abs)        000000
__size_of_MSdelay             (abs)        000000
__size_of___aodiv             (abs)        000000
__size_of___aomod             (abs)        000000
__size_of_abs                 (abs)        000000
__size_of_dtoa                (abs)        000000
__size_of_fputc               (abs)        000000
__size_of_fputs               (abs)        000000
__size_of_main                (abs)        000000
__size_of_offBombillas        (abs)        000000
__size_of_onLEDS              (abs)        000000
__size_of_pad                 (abs)        000000
__size_of_putch               (abs)        000000
__size_of_sprintf             (abs)        000000
__size_of_strlen              (abs)        000000
__size_of_vfpfcnvrt           (abs)        000000
__size_of_vfprintf            (abs)        000000
__smallconst                  smallconst   000800
_abs                          text10       001C42
_dbuf                         bssBANK0     0000C4
_dtoa                         text4        000EBA
_dtoa$1052                    cstackCOMRAM 00002E
_flags                        bssCOMRAM    00005E
_fputc                        text8        001708
_fputs                        text7        001BFE
_main                         text0        00081E
_nout                         bssBANK0     0000BE
_offBombillas                 text14       001984
_onLEDS                       text13       001638
_pad                          text5        0017D2
_prec                         bssBANK0     0000C2
_putch                        text9        001DBE
_sprintf                      text1        001B62
_strlen                       text6        001CC2
_vfpfcnvrt                    text3        001198
_vfprintf                     text2        0019E8
_width                        bssBANK0     0000C0
abs@a                         cstackCOMRAM 000013
dtoa@d                        cstackCOMRAM 00001E
dtoa@fp                       cstackCOMRAM 00001C
dtoa@i                        cstackCOMRAM 00003E
dtoa@n                        cstackCOMRAM 000036
dtoa@p                        cstackCOMRAM 000030
dtoa@s                        cstackCOMRAM 000034
dtoa@w                        cstackCOMRAM 000032
end_of_initialization         cinit        001904
fputc@c                       cstackCOMRAM 000001
fputc@fp                      cstackCOMRAM 000003
fputs@c                       cstackCOMRAM 00000E
fputs@fp                      cstackCOMRAM 00000C
fputs@i                       cstackCOMRAM 00000F
fputs@s                       cstackCOMRAM 00000A
intlevel0                     text         000000
intlevel1                     text         000000
intlevel2                     text         000000
intlevel3                     text         000000
main@Checksum                 cstackBANK1  0001CD
main@F3507                    dataBANK2    000200
main@F3510                    dataBANK0    00007B
main@F3513                    dataBANK0    000060
main@F3516                    dataBANK2    00025A
main@F3519                    dataBANK2    00023F
main@F3522                    dataBANK2    000224
main@F3525                    dataBANK1    0001DF
main@RH_Decimal               cstackBANK1  0001CA
main@RH_Integral              cstackBANK1  0001CB
main@T_Decimal                cstackBANK1  0001CC
main@T_Integral               cstackBANK1  0001DE
main@acum                     cstackBANK1  0001DC
main@agr                      cstackBANK1  0001C8
main@buffer_TX                cstackBANK1  000100
main@buffer_TX_463            cstackBANK1  000124
main@buffer_TX_466            cstackBANK1  00013F
main@buffer_TX_469            cstackBANK1  00015A
main@buffer_TX_472            cstackBANK1  000175
main@buffer_TX_475            cstackBANK1  000190
main@buffer_TX_478            cstackBANK1  0001AB
main@i                        cstackBANK1  0001CE
main@i_464                    cstackBANK1  0001D0
main@i_467                    cstackBANK1  0001D2
main@i_470                    cstackBANK1  0001D4
main@i_473                    cstackBANK1  0001D6
main@i_476                    cstackBANK1  0001D8
main@i_479                    cstackBANK1  0001DA
main@value                    cstackBANK1  0001BE
offBombillas@F3540            dataBANK0    000096
offBombillas@buffer_TX        cstackCOMRAM 000001
offBombillas@i                cstackCOMRAM 000016
onLEDS@F3536                  dataBANK0    0000AB
onLEDS@T_Integral             cstackCOMRAM 000014
onLEDS@buffer_TX              cstackCOMRAM 000001
onLEDS@i                      cstackCOMRAM 000017
onLEDS@valor                  cstackCOMRAM 000015
pad@buf                       cstackCOMRAM 000013
pad@fp                        cstackCOMRAM 000011
pad@i                         cstackCOMRAM 000018
pad@p                         cstackCOMRAM 000015
pad@w                         cstackCOMRAM 00001A
sprintf@ap                    cstackBANK0  0000E6
sprintf@f                     cstackBANK0  0000E8
sprintf@fmt                   cstackCOMRAM 00005A
sprintf@s                     cstackCOMRAM 000058
stackhi                       (abs)        0007FF
stacklo                       (abs)        000275
start                         init         000000
start_initialization          cinit        001894
strlen@a                      cstackCOMRAM 000003
strlen@s                      cstackCOMRAM 000001
vfpfcnvrt@ap                  cstackCOMRAM 000044
vfpfcnvrt@fmt                 cstackCOMRAM 000042
vfpfcnvrt@fp                  cstackCOMRAM 000040
vfpfcnvrt@ll                  cstackCOMRAM 000048
vfprintf@ap                   cstackCOMRAM 000054
vfprintf@cfmt                 cstackCOMRAM 000056
vfprintf@fmt                  cstackCOMRAM 000052
vfprintf@fp                   cstackCOMRAM 000050


FUNCTION INFORMATION:

 *************** function _main *****************
 Defined at:
		line 28 in file "humidity_Temp.c"
 Parameters:    Size  Location     Type
		None
 Auto vars:     Size  Location     Type
  i               2  218[BANK1 ] int 
  i               2  216[BANK1 ] int 
  i               2  214[BANK1 ] int 
  i               2  212[BANK1 ] int 
  i               2  210[BANK1 ] int 
  i               2  208[BANK1 ] int 
  buffer_TX      19  171[BANK1 ] unsigned char [19]
  buffer_TX      27  144[BANK1 ] unsigned char [27]
  buffer_TX      27  117[BANK1 ] unsigned char [27]
  buffer_TX      27   90[BANK1 ] unsigned char [27]
  buffer_TX      27   63[BANK1 ] unsigned char [27]
  buffer_TX      27   36[BANK1 ] unsigned char [27]
  i               2  206[BANK1 ] int 
  buffer_TX      36    0[BANK1 ] unsigned char [36]
  value          10  190[BANK1 ] unsigned char [10]
  acum            2  220[BANK1 ] int 
  agr             2  200[BANK1 ] int 
  T_Integral      1  222[BANK1 ] unsigned char 
  Checksum        1  205[BANK1 ] unsigned char 
  T_Decimal       1  204[BANK1 ] unsigned char 
  RH_Integral     1  203[BANK1 ] unsigned char 
  RH_Decimal      1  202[BANK1 ] unsigned char 
  valor2          1    0        unsigned char 
 Return value:  Size  Location     Type
                  1    wreg      void 
 Registers used:
		wreg, fsr1l, fsr1h, fsr2l, fsr2h, status,2, status,0, tblptrl, tblptrh, tblptru, cstack
 Tracked objects:
		On entry : 
		On exit  : 
		Unchanged: 
 Data sizes:     COMRAM   BANK0   BANK1   BANK2   BANK3   BANK4   BANK5   BANK6   BANK7
      Params:         0       0       0       0       0       0       0       0       0
      Locals:         0       0     223       0       0       0       0       0       0
      Temps:          0       0       0       0       0       0       0       0       0
      Totals:         0       0     223       0       0       0       0       0       0
Total ram usage:      223 bytes
 Hardware stack levels required when called:    8
 This function calls:
		_DHT11_CheckResponse
		_DHT11_ReadData
		_DHT11_Start
		_LCD_Char
		_LCD_Init
		_LCD_String
		_LCD_String_xy
		_MSdelay
		_offBombillas
		_onLEDS
		_sprintf
 This function is called by:
		Startup code after reset
 This function uses a non-reentrant model


 *************** function _sprintf *****************
 Defined at:
		line 9 in file "C:\Program Files\Microchip\xc8\v2.31\pic\sources\c99\common\nf_sprintf.c"
 Parameters:    Size  Location     Type
  s               2   87[COMRAM] PTR unsigned char 
		 -> main@value(10), 
  fmt             2   89[COMRAM] PTR const unsigned char 
		 -> STR_12(5), STR_11(4), STR_10(3), STR_9(5), 
		 -> STR_8(3), STR_5(5), STR_4(4), STR_3(3), 
		 -> STR_2(5), STR_1(3), 
 Auto vars:     Size  Location     Type
  f               6    4[BANK0 ] struct _IO_FILE
  ap              2    2[BANK0 ] PTR void [1]
		 -> ?_sprintf(2), 
  ret             2    0        int 
 Return value:  Size  Location     Type
                  2   87[COMRAM] int 
 Registers used:
		wreg, fsr1l, fsr1h, fsr2l, fsr2h, status,2, status,0, tblptrl, tblptrh, tblptru, cstack
 Tracked objects:
		On entry : 
		On exit  : 
		Unchanged: 
 Data sizes:     COMRAM   BANK0   BANK1   BANK2   BANK3   BANK4   BANK5   BANK6   BANK7
      Params:         6       0       0       0       0       0       0       0       0
      Locals:         0      10       0       0       0       0       0       0       0
      Temps:          0       0       0       0       0       0       0       0       0
      Totals:         6      10       0       0       0       0       0       0       0
Total ram usage:       16 bytes
 Hardware stack levels used:    1
 Hardware stack levels required when called:    7
 This function calls:
		_vfprintf
 This function is called by:
		_main
 This function uses a non-reentrant model


 *************** function _vfprintf *****************
 Defined at:
		line 1390 in file "C:\Program Files\Microchip\xc8\v2.31\pic\sources\c99\common\doprnt.c"
 Parameters:    Size  Location     Type
  fp              2   79[COMRAM] PTR struct _IO_FILE
		 -> sprintf@f(6), 
  fmt             2   81[COMRAM] PTR const unsigned char 
		 -> STR_12(5), STR_11(4), STR_10(3), STR_9(5), 
		 -> STR_8(3), STR_5(5), STR_4(4), STR_3(3), 
		 -> STR_2(5), STR_1(3), 
  ap              2   83[COMRAM] PTR PTR void 
		 -> sprintf@ap(2), 
 Auto vars:     Size  Location     Type
  cfmt            2   85[COMRAM] PTR unsigned char 
		 -> STR_12(5), STR_11(4), STR_10(3), STR_9(5), 
		 -> STR_8(3), STR_5(5), STR_4(4), STR_3(3), 
		 -> STR_2(5), STR_1(3), 
 Return value:  Size  Location     Type
                  2   79[COMRAM] int 
 Registers used:
		wreg, fsr1l, fsr1h, fsr2l, fsr2h, status,2, status,0, tblptrl, tblptrh, tblptru, cstack
 Tracked objects:
		On entry : 
		On exit  : 
		Unchanged: 
 Data sizes:     COMRAM   BANK0   BANK1   BANK2   BANK3   BANK4   BANK5   BANK6   BANK7
      Params:         6       0       0       0       0       0       0       0       0
      Locals:         2       0       0       0       0       0       0       0       0
      Temps:          0       0       0       0       0       0       0       0       0
      Totals:         8       0       0       0       0       0       0       0       0
Total ram usage:        8 bytes
 Hardware stack levels used:    1
 Hardware stack levels required when called:    6
 This function calls:
		_vfpfcnvrt
 This function is called by:
		_sprintf
 This function uses a non-reentrant model


 *************** function _vfpfcnvrt *****************
 Defined at:
		line 692 in file "C:\Program Files\Microchip\xc8\v2.31\pic\sources\c99\common\doprnt.c"
 Parameters:    Size  Location     Type
  fp              2   63[COMRAM] PTR struct _IO_FILE
		 -> sprintf@f(6), 
  fmt             2   65[COMRAM] PTR PTR unsigned char 
		 -> vfprintf@cfmt(2), 
  ap              2   67[COMRAM] PTR PTR void 
		 -> sprintf@ap(2), 
 Auto vars:     Size  Location     Type
  ll              8   71[COMRAM] long long 
  llu             8    0        unsigned long long 
  f               4    0        unsigned long long 
  vp              3    0        PTR void 
  ct              3    0        unsigned char [3]
  cp              3    0        PTR unsigned char 
  i               2    0        int 
  done            2    0        int 
  c               1    0        unsigned char 
 Return value:  Size  Location     Type
                  2   63[COMRAM] int 
 Registers used:
		wreg, fsr1l, fsr1h, fsr2l, fsr2h, status,2, status,0, tblptrl, tblptrh, tblptru, cstack
 Tracked objects:
		On entry : 
		On exit  : 
		Unchanged: 
 Data sizes:     COMRAM   BANK0   BANK1   BANK2   BANK3   BANK4   BANK5   BANK6   BANK7
      Params:         6       0       0       0       0       0       0       0       0
      Locals:         8       0       0       0       0       0       0       0       0
      Temps:          2       0       0       0       0       0       0       0       0
      Totals:        16       0       0       0       0       0       0       0       0
Total ram usage:       16 bytes
 Hardware stack levels used:    1
 Hardware stack levels required when called:    5
 This function calls:
		_dtoa
		_fputc
 This function is called by:
		_vfprintf
 This function uses a non-reentrant model


 *************** function _dtoa *****************
 Defined at:
		line 287 in file "C:\Program Files\Microchip\xc8\v2.31\pic\sources\c99\common\doprnt.c"
 Parameters:    Size  Location     Type
  fp              2   27[COMRAM] PTR struct _IO_FILE
		 -> sprintf@f(6), 
  d               8   29[COMRAM] long long 
 Auto vars:     Size  Location     Type
  n               8   53[COMRAM] long long 
  i               2   61[COMRAM] int 
  s               2   51[COMRAM] int 
  w               2   49[COMRAM] int 
  p               2   47[COMRAM] int 
 Return value:  Size  Location     Type
                  2   27[COMRAM] int 
 Registers used:
		wreg, fsr1l, fsr1h, fsr2l, fsr2h, status,2, status,0, cstack
 Tracked objects:
		On entry : 
		On exit  : 
		Unchanged: 
 Data sizes:     COMRAM   BANK0   BANK1   BANK2   BANK3   BANK4   BANK5   BANK6   BANK7
      Params:        10       0       0       0       0       0       0       0       0
      Locals:        18       0       0       0       0       0       0       0       0
      Temps:          8       0       0       0       0       0       0       0       0
      Totals:        36       0       0       0       0       0       0       0       0
Total ram usage:       36 bytes
 Hardware stack levels used:    1
 Hardware stack levels required when called:    4
 This function calls:
		___aodiv
		___aomod
		_abs
		_pad
 This function is called by:
		_vfpfcnvrt
 This function uses a non-reentrant model


 *************** function _pad *****************
 Defined at:
		line 72 in file "C:\Program Files\Microchip\xc8\v2.31\pic\sources\c99\common\doprnt.c"
 Parameters:    Size  Location     Type
  fp              2   16[COMRAM] PTR struct _IO_FILE
		 -> sprintf@f(6), 
  buf             2   18[COMRAM] PTR unsigned char 
		 -> dbuf(32), 
  p               2   20[COMRAM] int 
 Auto vars:     Size  Location     Type
  w               2   25[COMRAM] int 
  i               2   23[COMRAM] int 
 Return value:  Size  Location     Type
                  2   16[COMRAM] int 
 Registers used:
		wreg, fsr1l, fsr1h, fsr2l, fsr2h, status,2, status,0, cstack
 Tracked objects:
		On entry : 
		On exit  : 
		Unchanged: 
 Data sizes:     COMRAM   BANK0   BANK1   BANK2   BANK3   BANK4   BANK5   BANK6   BANK7
      Params:         6       0       0       0       0       0       0       0       0
      Locals:         4       0       0       0       0       0       0       0       0
      Temps:          1       0       0       0       0       0       0       0       0
      Totals:        11       0       0       0       0       0       0       0       0
Total ram usage:       11 bytes
 Hardware stack levels used:    1
 Hardware stack levels required when called:    3
 This function calls:
		_fputc
		_fputs
		_strlen
 This function is called by:
		_dtoa
 This function uses a non-reentrant model


 *************** function _strlen *****************
 Defined at:
		line 5 in file "C:\Program Files\Microchip\xc8\v2.31\pic\sources\c99\common\strlen.c"
 Parameters:    Size  Location     Type
  s               2    0[COMRAM] PTR const unsigned char 
		 -> dbuf(32), 
 Auto vars:     Size  Location     Type
  a               2    2[COMRAM] PTR const unsigned char 
		 -> dbuf(32), 
 Return value:  Size  Location     Type
                  2    0[COMRAM] unsigned int 
 Registers used:
		wreg, fsr2l, fsr2h, status,2, status,0
 Tracked objects:
		On entry : 
		On exit  : 
		Unchanged: 
 Data sizes:     COMRAM   BANK0   BANK1   BANK2   BANK3   BANK4   BANK5   BANK6   BANK7
      Params:         2       0       0       0       0       0       0       0       0
      Locals:         2       0       0       0       0       0       0       0       0
      Temps:          0       0       0       0       0       0       0       0       0
      Totals:         4       0       0       0       0       0       0       0       0
Total ram usage:        4 bytes
 Hardware stack levels used:    1
 This function calls:
		Nothing
 This function is called by:
		_pad
 This function uses a non-reentrant model


 *************** function _fputs *****************
 Defined at:
		line 8 in file "C:\Program Files\Microchip\xc8\v2.31\pic\sources\c99\common\nf_fputs.c"
 Parameters:    Size  Location     Type
  s               2    9[COMRAM] PTR const unsigned char 
		 -> dbuf(32), 
  fp              2   11[COMRAM] PTR struct _IO_FILE
		 -> sprintf@f(6), 
 Auto vars:     Size  Location     Type
  i               2   14[COMRAM] int 
  c               1   13[COMRAM] unsigned char 
 Return value:  Size  Location     Type
                  2    9[COMRAM] int 
 Registers used:
		wreg, fsr1l, fsr1h, fsr2l, fsr2h, status,2, status,0, cstack
 Tracked objects:
		On entry : 
		On exit  : 
		Unchanged: 
 Data sizes:     COMRAM   BANK0   BANK1   BANK2   BANK3   BANK4   BANK5   BANK6   BANK7
      Params:         4       0       0       0       0       0       0       0       0
      Locals:         3       0       0       0       0       0       0       0       0
      Temps:          0       0       0       0       0       0       0       0       0
      Totals:         7       0       0       0       0       0       0       0       0
Total ram usage:        7 bytes
 Hardware stack levels used:    1
 Hardware stack levels required when called:    2
 This function calls:
		_fputc
 This function is called by:
		_pad
 This function uses a non-reentrant model


 *************** function _fputc *****************
 Defined at:
		line 8 in file "C:\Program Files\Microchip\xc8\v2.31\pic\sources\c99\common\nf_fputc.c"
 Parameters:    Size  Location     Type
  c               2    0[COMRAM] int 
  fp              2    2[COMRAM] PTR struct _IO_FILE
		 -> sprintf@f(6), 
 Auto vars:     Size  Location     Type
		None
 Return value:  Size  Location     Type
                  2    0[COMRAM] int 
 Registers used:
		wreg, fsr1l, fsr1h, fsr2l, fsr2h, status,2, status,0, cstack
 Tracked objects:
		On entry : 
		On exit  : 
		Unchanged: 
 Data sizes:     COMRAM   BANK0   BANK1   BANK2   BANK3   BANK4   BANK5   BANK6   BANK7
      Params:         4       0       0       0       0       0       0       0       0
      Locals:         0       0       0       0       0       0       0       0       0
      Temps:          5       0       0       0       0       0       0       0       0
      Totals:         9       0       0       0       0       0       0       0       0
Total ram usage:        9 bytes
 Hardware stack levels used:    1
 Hardware stack levels required when called:    1
 This function calls:
		_putch
 This function is called by:
		_pad
		_vfpfcnvrt
		_fputs
 This function uses a non-reentrant model


 *************** function _putch *****************
 Defined at:
		line 7 in file "C:\Program Files\Microchip\xc8\v2.31\pic\sources\c99\common\putch.c"
 Parameters:    Size  Location     Type
  c               1    wreg     unsigned char 
 Auto vars:     Size  Location     Type
  c               1    0[COMRAM] unsigned char 
 Return value:  Size  Location     Type
                  1    wreg      void 
 Registers used:
		wreg
 Tracked objects:
		On entry : 
		On exit  : 
		Unchanged: 
 Data sizes:     COMRAM   BANK0   BANK1   BANK2   BANK3   BANK4   BANK5   BANK6   BANK7
      Params:         0       0       0       0       0       0       0       0       0
      Locals:         0       0       0       0       0       0       0       0       0
      Temps:          0       0       0       0       0       0       0       0       0
      Totals:         0       0       0       0       0       0       0       0       0
Total ram usage:        0 bytes
 Hardware stack levels used:    1
 This function calls:
		Nothing
 This function is called by:
		_fputc
 This function uses a non-reentrant model


 *************** function _abs *****************
 Defined at:
		line 1 in file "C:\Program Files\Microchip\xc8\v2.31\pic\sources\c99\common\abs.c"
 Parameters:    Size  Location     Type
  a               2   18[COMRAM] int 
 Auto vars:     Size  Location     Type
		None
 Return value:  Size  Location     Type
                  2   18[COMRAM] int 
 Registers used:
		wreg, status,2, status,0
 Tracked objects:
		On entry : 
		On exit  : 
		Unchanged: 
 Data sizes:     COMRAM   BANK0   BANK1   BANK2   BANK3   BANK4   BANK5   BANK6   BANK7
      Params:         2       0       0       0       0       0       0       0       0
      Locals:         0       0       0       0       0       0       0       0       0
      Temps:          2       0       0       0       0       0       0       0       0
      Totals:         4       0       0       0       0       0       0       0       0
Total ram usage:        4 bytes
 Hardware stack levels used:    1
 This function calls:
		Nothing
 This function is called by:
		_dtoa
 This function uses a non-reentrant model


 *************** function ___aomod *****************
 Defined at:
		line 9 in file "C:\Program Files\Microchip\xc8\v2.31\pic\sources\c99\common\aomod.c"
 Parameters:    Size  Location     Type
  dividend        8    0[COMRAM] long long 
  divisor         8    8[COMRAM] long long 
 Auto vars:     Size  Location     Type
  sign            1   17[COMRAM] unsigned char 
  counter         1   16[COMRAM] unsigned char 
 Return value:  Size  Location     Type
                  8    0[COMRAM] long long 
 Registers used:
		wreg, status,2, status,0
 Tracked objects:
		On entry : 
		On exit  : 
		Unchanged: 
 Data sizes:     COMRAM   BANK0   BANK1   BANK2   BANK3   BANK4   BANK5   BANK6   BANK7
      Params:        16       0       0       0       0       0       0       0       0
      Locals:         2       0       0       0       0       0       0       0       0
      Temps:          0       0       0       0       0       0       0       0       0
      Totals:        18       0       0       0       0       0       0       0       0
Total ram usage:       18 bytes
 Hardware stack levels used:    1
 This function calls:
		Nothing
 This function is called by:
		_dtoa
 This function uses a non-reentrant model


 *************** function ___aodiv *****************
 Defined at:
		line 9 in file "C:\Program Files\Microchip\xc8\v2.31\pic\sources\c99\common\aodiv.c"
 Parameters:    Size  Location     Type
  dividend        8    0[COMRAM] long long 
  divisor         8    8[COMRAM] long long 
 Auto vars:     Size  Location     Type
  quotient        8   18[COMRAM] long long 
  sign            1   17[COMRAM] unsigned char 
  counter         1   16[COMRAM] unsigned char 
 Return value:  Size  Location     Type
                  8    0[COMRAM] long long 
 Registers used:
		wreg, fsr2l, fsr2h, status,2, status,0
 Tracked objects:
		On entry : 
		On exit  : 
		Unchanged: 
 Data sizes:     COMRAM   BANK0   BANK1   BANK2   BANK3   BANK4   BANK5   BANK6   BANK7
      Params:        16       0       0       0       0       0       0       0       0
      Locals:        10       0       0       0       0       0       0       0       0
      Temps:          0       0       0       0       0       0       0       0       0
      Totals:        26       0       0       0       0       0       0       0       0
Total ram usage:       26 bytes
 Hardware stack levels used:    1
 This function calls:
		Nothing
 This function is called by:
		_dtoa
 This function uses a non-reentrant model


 *************** function _onLEDS *****************
 Defined at:
		line 250 in file "humidity_Temp.c"
 Parameters:    Size  Location     Type
  T_Integral      1    wreg     unsigned char 
 Auto vars:     Size  Location     Type
  T_Integral      1   19[COMRAM] unsigned char 
  i               2   22[COMRAM] int 
  buffer_TX      19    0[COMRAM] unsigned char [19]
  valor           2   20[COMRAM] int 
 Return value:  Size  Location     Type
                  1    wreg      void 
 Registers used:
		wreg, fsr1l, fsr1h, fsr2l, fsr2h, status,2, status,0
 Tracked objects:
		On entry : 
		On exit  : 
		Unchanged: 
 Data sizes:     COMRAM   BANK0   BANK1   BANK2   BANK3   BANK4   BANK5   BANK6   BANK7
      Params:         0       0       0       0       0       0       0       0       0
      Locals:        24       0       0       0       0       0       0       0       0
      Temps:          0       0       0       0       0       0       0       0       0
      Totals:        24       0       0       0       0       0       0       0       0
Total ram usage:       24 bytes
 Hardware stack levels used:    1
 This function calls:
		Nothing
 This function is called by:
		_main
 This function uses a non-reentrant model


 *************** function _offBombillas *****************
 Defined at:
		line 278 in file "humidity_Temp.c"
 Parameters:    Size  Location     Type
		None
 Auto vars:     Size  Location     Type
  i               2   21[COMRAM] int 
  buffer_TX      21    0[COMRAM] unsigned char [21]
 Return value:  Size  Location     Type
                  1    wreg      void 
 Registers used:
		wreg, fsr1l, fsr1h, fsr2l, fsr2h, status,2, status,0
 Tracked objects:
		On entry : 
		On exit  : 
		Unchanged: 
 Data sizes:     COMRAM   BANK0   BANK1   BANK2   BANK3   BANK4   BANK5   BANK6   BANK7
      Params:         0       0       0       0       0       0       0       0       0
      Locals:        23       0       0       0       0       0       0       0       0
      Temps:          0       0       0       0       0       0       0       0       0
      Totals:        23       0       0       0       0       0       0       0       0
Total ram usage:       23 bytes
 Hardware stack levels used:    1
 This function calls:
		Nothing
 This function is called by:
		_main
 This function uses a non-reentrant model


 *************** function _LCD_String_xy *****************
 Defined at:
		line 58 in file "LCD_16x2.c"
 Parameters:    Size  Location     Type
  row             1    wreg     unsigned char 
  pos             1    9[COMRAM] unsigned char 
  msg             2   10[COMRAM] PTR const unsigned char 
		 -> STR_14(5), STR_13(8), STR_7(5), STR_6(8), 
		 -> main@value(10), 
 Auto vars:     Size  Location     Type
  row             1   12[COMRAM] unsigned char 
  location        1   13[COMRAM] unsigned char 
 Return value:  Size  Location     Type
                  1    wreg      void 
 Registers used:
		wreg, fsr1l, fsr1h, status,2, status,0, tblptrl, tblptrh, tblptru, cstack
 Tracked objects:
		On entry : 
		On exit  : 
		Unchanged: 
 Data sizes:     COMRAM   BANK0   BANK1   BANK2   BANK3   BANK4   BANK5   BANK6   BANK7
      Params:         3       0       0       0       0       0       0       0       0
      Locals:         2       0       0       0       0       0       0       0       0
      Temps:          0       0       0       0       0       0       0       0       0
      Totals:         5       0       0       0       0       0       0       0       0
Total ram usage:        5 bytes
 Hardware stack levels used:    1
 Hardware stack levels required when called:    3
 This function calls:
		_LCD_Command
		_LCD_String
 This function is called by:
		_main
 This function uses a non-reentrant model


 *************** function _LCD_String *****************
 Defined at:
		line 48 in file "LCD_16x2.c"
 Parameters:    Size  Location     Type
  msg             2    7[COMRAM] PTR const unsigned char 
		 -> STR_14(5), STR_13(8), STR_7(5), STR_6(8), 
		 -> main@value(10), 
 Auto vars:     Size  Location     Type
		None
 Return value:  Size  Location     Type
                  1    wreg      void 
 Registers used:
		wreg, fsr1l, fsr1h, status,2, status,0, tblptrl, tblptrh, tblptru, cstack
 Tracked objects:
		On entry : 
		On exit  : 
		Unchanged: 
 Data sizes:     COMRAM   BANK0   BANK1   BANK2   BANK3   BANK4   BANK5   BANK6   BANK7
      Params:         2       0       0       0       0       0       0       0       0
      Locals:         0       0       0       0       0       0       0       0       0
      Temps:          0       0       0       0       0       0       0       0       0
      Totals:         2       0       0       0       0       0       0       0       0
Total ram usage:        2 bytes
 Hardware stack levels used:    1
 Hardware stack levels required when called:    2
 This function calls:
		_LCD_Char
 This function is called by:
		_main
		_LCD_String_xy
 This function uses a non-reentrant model


 *************** function _LCD_Char *****************
 Defined at:
		line 37 in file "LCD_16x2.c"
 Parameters:    Size  Location     Type
  dat             1    wreg     unsigned char 
 Auto vars:     Size  Location     Type
  dat             1    6[COMRAM] unsigned char 
 Return value:  Size  Location     Type
                  1    wreg      void 
 Registers used:
		wreg, status,2, status,0, cstack
 Tracked objects:
		On entry : 
		On exit  : 
		Unchanged: 
 Data sizes:     COMRAM   BANK0   BANK1   BANK2   BANK3   BANK4   BANK5   BANK6   BANK7
      Params:         0       0       0       0       0       0       0       0       0
      Locals:         1       0       0       0       0       0       0       0       0
      Temps:          0       0       0       0       0       0       0       0       0
      Totals:         1       0       0       0       0       0       0       0       0
Total ram usage:        1 bytes
 Hardware stack levels used:    1
 Hardware stack levels required when called:    1
 This function calls:
		_MSdelay
 This function is called by:
		_main
		_LCD_String
 This function uses a non-reentrant model


 *************** function _LCD_Init *****************
 Defined at:
		line 9 in file "LCD_16x2.c"
 Parameters:    Size  Location     Type
		None
 Auto vars:     Size  Location     Type
		None
 Return value:  Size  Location     Type
                  1    wreg      void 
 Registers used:
		wreg, status,2, status,0, cstack
 Tracked objects:
		On entry : 
		On exit  : 
		Unchanged: 
 Data sizes:     COMRAM   BANK0   BANK1   BANK2   BANK3   BANK4   BANK5   BANK6   BANK7
      Params:         0       0       0       0       0       0       0       0       0
      Locals:         0       0       0       0       0       0       0       0       0
      Temps:          0       0       0       0       0       0       0       0       0
      Totals:         0       0       0       0       0       0       0       0       0
Total ram usage:        0 bytes
 Hardware stack levels used:    1
 Hardware stack levels required when called:    2
 This function calls:
		_LCD_Command
		_MSdelay
 This function is called by:
		_main
 This function uses a non-reentrant model


 *************** function _LCD_Command *****************
 Defined at:
		line 26 in file "LCD_16x2.c"
 Parameters:    Size  Location     Type
  cmd             1    wreg     unsigned char 
 Auto vars:     Size  Location     Type
  cmd             1    6[COMRAM] unsigned char 
 Return value:  Size  Location     Type
                  1    wreg      void 
 Registers used:
		wreg, status,2, status,0, cstack
 Tracked objects:
		On entry : 
		On exit  : 
		Unchanged: 
 Data sizes:     COMRAM   BANK0   BANK1   BANK2   BANK3   BANK4   BANK5   BANK6   BANK7
      Params:         0       0       0       0       0       0       0       0       0
      Locals:         1       0       0       0       0       0       0       0       0
      Temps:          0       0       0       0       0       0       0       0       0
      Totals:         1       0       0       0       0       0       0       0       0
Total ram usage:        1 bytes
 Hardware stack levels used:    1
 Hardware stack levels required when called:    1
 This function calls:
		_MSdelay
 This function is called by:
		_LCD_Init
		_LCD_String_xy
		_LCD_Clear
 This function uses a non-reentrant model


 *************** function _MSdelay *****************
 Defined at:
		line 77 in file "LCD_16x2.c"
 Parameters:    Size  Location     Type
  val             2    0[COMRAM] unsigned int 
 Auto vars:     Size  Location     Type
  j               2    4[COMRAM] unsigned int 
  i               2    2[COMRAM] unsigned int 
 Return value:  Size  Location     Type
                  1    wreg      void 
 Registers used:
		wreg, status,2, status,0
 Tracked objects:
		On entry : 
		On exit  : 
		Unchanged: 
 Data sizes:     COMRAM   BANK0   BANK1   BANK2   BANK3   BANK4   BANK5   BANK6   BANK7
      Params:         2       0       0       0       0       0       0       0       0
      Locals:         4       0       0       0       0       0       0       0       0
      Temps:          0       0       0       0       0       0       0       0       0
      Totals:         6       0       0       0       0       0       0       0       0
Total ram usage:        6 bytes
 Hardware stack levels used:    1
 This function calls:
		Nothing
 This function is called by:
		_main
		_LCD_Init
		_LCD_Command
		_LCD_Char
 This function uses a non-reentrant model


 *************** function _DHT11_Start *****************
 Defined at:
		line 234 in file "humidity_Temp.c"
 Parameters:    Size  Location     Type
		None
 Auto vars:     Size  Location     Type
		None
 Return value:  Size  Location     Type
                  1    wreg      void 
 Registers used:
		wreg
 Tracked objects:
		On entry : 
		On exit  : 
		Unchanged: 
 Data sizes:     COMRAM   BANK0   BANK1   BANK2   BANK3   BANK4   BANK5   BANK6   BANK7
      Params:         0       0       0       0       0       0       0       0       0
      Locals:         0       0       0       0       0       0       0       0       0
      Temps:          1       0       0       0       0       0       0       0       0
      Totals:         1       0       0       0       0       0       0       0       0
Total ram usage:        1 bytes
 Hardware stack levels used:    1
 This function calls:
		Nothing
 This function is called by:
		_main
 This function uses a non-reentrant model


 *************** function _DHT11_ReadData *****************
 Defined at:
		line 219 in file "humidity_Temp.c"
 Parameters:    Size  Location     Type
		None
 Auto vars:     Size  Location     Type
  data            1    1[COMRAM] unsigned char 
  i               1    0[COMRAM] unsigned char 
 Return value:  Size  Location     Type
                  1    wreg      unsigned char 
 Registers used:
		wreg, status,2, status,0
 Tracked objects:
		On entry : 
		On exit  : 
		Unchanged: 
 Data sizes:     COMRAM   BANK0   BANK1   BANK2   BANK3   BANK4   BANK5   BANK6   BANK7
      Params:         0       0       0       0       0       0       0       0       0
      Locals:         2       0       0       0       0       0       0       0       0
      Temps:          0       0       0       0       0       0       0       0       0
      Totals:         2       0       0       0       0       0       0       0       0
Total ram usage:        2 bytes
 Hardware stack levels used:    1
 This function calls:
		Nothing
 This function is called by:
		_main
 This function uses a non-reentrant model


 *************** function _DHT11_CheckResponse *****************
 Defined at:
		line 244 in file "humidity_Temp.c"
 Parameters:    Size  Location     Type
		None
 Auto vars:     Size  Location     Type
		None
 Return value:  Size  Location     Type
                  1    wreg      void 
 Registers used:
		None
 Tracked objects:
		On entry : 
		On exit  : 
		Unchanged: 
 Data sizes:     COMRAM   BANK0   BANK1   BANK2   BANK3   BANK4   BANK5   BANK6   BANK7
      Params:         0       0       0       0       0       0       0       0       0
      Locals:         0       0       0       0       0       0       0       0       0
      Temps:          0       0       0       0       0       0       0       0       0
      Totals:         0       0       0       0       0       0       0       0       0
Total ram usage:        0 bytes
 Hardware stack levels used:    1
 This function calls:
		Nothing
 This function is called by:
		_main
 This function uses a non-reentrant model



MODULE INFORMATION

Module		Function		Class		Link	Load	Size
C:\Program Files\Microchip\xc8\v2.31\pic\sources\c99\common\putch.c
		_putch         		CODE           	1DBE	0000	2

C:\Program Files\Microchip\xc8\v2.31\pic\sources\c99\common\putch.c estimated size: 2

C:\Program Files\Microchip\xc8\v2.31\pic\sources\c99\common\nf_fputs.c
		_fputs         		CODE           	1BFE	0000	68

C:\Program Files\Microchip\xc8\v2.31\pic\sources\c99\common\nf_fputs.c estimated size: 68

C:\Program Files\Microchip\xc8\v2.31\pic\sources\c99\common\aomod.c
		___aomod       		CODE           	14D4	0000	356

C:\Program Files\Microchip\xc8\v2.31\pic\sources\c99\common\aomod.c estimated size: 356

C:\Program Files\Microchip\xc8\v2.31\pic\sources\c99\common\abs.c
		_abs           		CODE           	1C42	0000	64

C:\Program Files\Microchip\xc8\v2.31\pic\sources\c99\common\abs.c estimated size: 64

C:\Program Files\Microchip\xc8\v2.31\pic\sources\c99\common\strlen.c
		_strlen        		CODE           	1CC2	0000	54

C:\Program Files\Microchip\xc8\v2.31\pic\sources\c99\common\strlen.c estimated size: 54

humidity_Temp.c
		_onLEDS        		CODE           	1638	0000	208
		_main          		CODE           	081E	0000	1692
		_DHT11_Start   		CODE           	1D52	0000	32
		_DHT11_CheckResponse		CODE           	1D26	0000	44
		_offBombillas  		CODE           	1984	0000	100
		_DHT11_ReadData		CODE           	1B06	0000	92

humidity_Temp.c estimated size: 2168

LCD_16x2.c
		_LCD_String    		CODE           	1AA8	0000	94
		_LCD_Init      		CODE           	1CF8	0000	46
		_LCD_Command   		CODE           	1D8E	0000	28
		_LCD_String_xy 		CODE           	1C82	0000	64
		_LCD_Char      		CODE           	1D72	0000	28
		_MSdelay       		CODE           	1BB4	0000	74

LCD_16x2.c estimated size: 334

C:\Program Files\Microchip\xc8\v2.31\pic\sources\c99\common\aodiv.c
		___aodiv       		CODE           	134C	0000	392

C:\Program Files\Microchip\xc8\v2.31\pic\sources\c99\common\aodiv.c estimated size: 392

C:\Program Files\Microchip\xc8\v2.31\pic\sources\c99\common\nf_fputc.c
		_fputc         		CODE           	1708	0000	202

C:\Program Files\Microchip\xc8\v2.31\pic\sources\c99\common\nf_fputc.c estimated size: 202

shared
		__initialization		CODE           	1894	0000	112

shared estimated size: 112

C:\Program Files\Microchip\xc8\v2.31\pic\sources\c99\common\doprnt.c
		_vfpfcnvrt     		CODE           	1198	0000	436
		_pad           		CODE           	17D2	0000	194
		_dtoa          		CODE           	0EBA	0000	734
		_vfprintf      		CODE           	19E8	0000	98

C:\Program Files\Microchip\xc8\v2.31\pic\sources\c99\common\doprnt.c estimated size: 1462

C:\Program Files\Microchip\xc8\v2.31\pic\sources\c99\common\nf_sprintf.c
		_sprintf       		CODE           	1B62	0000	82

C:\Program Files\Microchip\xc8\v2.31\pic\sources\c99\common\nf_sprintf.c estimated size: 82

