Microchip MPLAB XC8 Compiler V2.31

Linker command line:

-W-3 --edf=C:\Program Files\Microchip\xc8\v2.31\pic\dat\en_msgs.txt -cn \
  -h+dist/default/production\DHT11.X.production.sym \
  --cmf=dist/default/production\DHT11.X.production.cmf -z -Q18F4550 \
  -oC:\Users\Mari\AppData\Local\Temp\s75g.4 --defsym=__MPLAB_BUILD=1 \
  -Mdist/default/production/DHT11.X.production.map -E1 -ver=XC8 Compiler \
  --acfsm=1493 -ASTACK=0365h-07FFh -pstack=STACK -ACODE=00h-07FFFh \
  -ACONST=00h-07FFFh -ASMALLCONST=0800h-08FFhx120 \
  -AMEDIUMCONST=0800h-07FFFh -ACOMRAM=01h-05Fh -AABS1=00h-07FFh \
  -ABIGRAM=01h-07FFh -ARAM=060h-0FFh,0100h-01FFhx7 -ABANK0=060h-0FFh \
  -ABANK1=0100h-01FFh -ABANK2=0200h-02FFh -ABANK3=0300h-03FFh \
  -ABANK4=0400h-04FFh -ABANK5=0500h-05FFh -ABANK6=0600h-06FFh \
  -ABANK7=0700h-07FFh -ASFR=0F60h-0FFFh -ACONFIG=0300000h-030000Dh \
  -AIDLOC=0200000h-0200007h -AEEDATA=0F00000h-0F000FFh -peeprom_data=EEDATA \
  -preset_vec=00h,intcode,intcodelo,powerup,init -pramtop=0800h \
  -psmallconst=SMALLCONST -pmediumconst=MEDIUMCONST -pconst=CONST \
  -AFARRAM=00h-00h \
  -prdata=COMRAM,nvrram=COMRAM,nvbit=COMRAM,rbss=COMRAM,rbit=COMRAM \
  -pfarbss=FARRAM,fardata=FARRAM,nvFARRAM=FARRAM \
  -pintsave_regs=BIGRAM,bigbss=BIGRAM,bigdata=BIGRAM -pbss=RAM \
  -pidata=CODE,irdata=CODE,ibigdata=CODE,ifardata=CODE -prparam=COMRAM \
  C:\Users\Mari\AppData\Local\Temp\s75g.o \
  dist/default/production\DHT11.X.production.o 

Object code version is 3.11

Machine type is 18F4550



                Name                               Link     Load   Length Selector   Space Scale
C:\Users\Mari\AppData\Local\Temp\s75g.o
                idloc                            200000   200000        8        0       5
                config                           300000   300000        E        0       4
                init                                  0        0        4        0       0
dist/default/production\DHT11.X.production.o
                idloc                            200000   200000        8        0       5
                config                           300000   300000        E        0       4
                smallconst                          800      800       62      400       0
                text44                             27C8     27C8       2C     10C3       0
                text43                             23C6     23C6       5C     10C3       0
                text42                             2816     2816       20     10C3       0
                text41                             286E     286E       1A     10C3       0
                text40                             24CE     24CE       4A     10C3       0
                text39                             1E1A     1E1A       D0      431       0
                text38                              862      862      39A      431       0
                text37                             2852     2852       1C     10C3       0
                text36                             2836     2836       1C     10C3       0
                text35                             2368     2368       5E     10C3       0
                text34                             25E2     25E2       40     10C3       0
                text33                             197A     197A      188      431       0
                text32                             1B02     1B02      164      431       0
                text31                             25A2     25A2       40     10C3       0
                text30                             28E0     28E0        2     1470       0
                text29                             1EEA     1EEA       CA      431       0
                text28                             255E     255E       44     10C3       0
                text27                             2708     2708       36     10C3       0
                text26                             1FB4     1FB4       C6      431       0
                text25                              F22      F22      2E4      431       0
                text24                             2622     2622       3C     10C3       0
                text23                             26D0     26D0       38     10C3       0
                text22                             2698     2698       38     10C3       0
                text21                             230A     230A       5E     10C3       0
                text20                             1206     1206      2DA      431       0
                text19                             14E0     14E0      298      431       0
                text18                             21EA     21EA       62     10C3       0
                text17                             247C     247C       52     10C3       0
                text16                             1C66     1C66       E4      431       0
                text15                             279A     279A       2E     10C3       0
                text14                             28B0     28B0       14     10C3       0
                text13                             289C     289C       14     10C3       0
                text12                             28C4     28C4       12     10C3       0
                text11                             265E     265E       3A     10C3       0
                text10                             27F4     27F4       22     10C3       0
                text9                              276C     276C       2E     10C3       0
                text8                              273E     273E       2E     10C3       0
                text7                              2888     2888       14     10C3       0
                text6                              2422     2422       5A     10C3       0
                text5                              2518     2518       46     10C3       0
                text4                               BFC      BFC      326      431       0
                text3                              2186     2186       64     10C3       0
                text2                              224C     224C       60     10C3       0
                text1                              22AC     22AC       5E     10C3       0
                text0                              1778     1778      202      431       0
                cstackCOMRAM                          1        1       5F        1       1
                cstackBANK0                          60       60       82       60       1
                cstackBANK1                         100      100       A6      100       1
                dataBANK3                           300      300       65      300       1
                dataBANK2                           200      200       D0      200       1
                bssBANK2                            2D0      2D0       20      200       1
                dataBANK1                           1F0      1F0        7      100       1
                bssBANK1                            1A6      1A6       4A      100       1
                dataBANK0                            FD       FD        2       60       1
                bssBANK0                             E2       E2       1B       60       1
                cinit                              207A     207A       A6      431       0
                idataBANK3                         2120     2120       65      431       0
                idataBANK2                         1D4A     1D4A       D0      431       0
                idataBANK1                         28D6     28D6        7     10C3       0
                idataBANK0                         28DD     28DD        2     10C3       0

TOTAL           Name                               Link     Load   Length     Space
        CLASS   STACK          

        CLASS   CODE           
                init                                  0        0        4         0
                text44                             27C8     27C8       2C         0
                text43                             23C6     23C6       5C         0
                text42                             2816     2816       20         0
                text41                             286E     286E       1A         0
                text40                             24CE     24CE       4A         0
                text39                             1E1A     1E1A       D0         0
                text38                              862      862      39A         0
                text37                             2852     2852       1C         0
                text36                             2836     2836       1C         0
                text35                             2368     2368       5E         0
                text34                             25E2     25E2       40         0
                text33                             197A     197A      188         0
                text32                             1B02     1B02      164         0
                text31                             25A2     25A2       40         0
                text30                             28E0     28E0        2         0
                text29                             1EEA     1EEA       CA         0
                text28                             255E     255E       44         0
                text27                             2708     2708       36         0
                text26                             1FB4     1FB4       C6         0
                text25                              F22      F22      2E4         0
                text24                             2622     2622       3C         0
                text23                             26D0     26D0       38         0
                text22                             2698     2698       38         0
                text21                             230A     230A       5E         0
                text20                             1206     1206      2DA         0
                text19                             14E0     14E0      298         0
                text18                             21EA     21EA       62         0
                text17                             247C     247C       52         0
                text16                             1C66     1C66       E4         0
                text15                             279A     279A       2E         0
                text14                             28B0     28B0       14         0
                text13                             289C     289C       14         0
                text12                             28C4     28C4       12         0
                text11                             265E     265E       3A         0
                text10                             27F4     27F4       22         0
                text9                              276C     276C       2E         0
                text8                              273E     273E       2E         0
                text7                              2888     2888       14         0
                text6                              2422     2422       5A         0
                text5                              2518     2518       46         0
                text4                               BFC      BFC      326         0
                text3                              2186     2186       64         0
                text2                              224C     224C       60         0
                text1                              22AC     22AC       5E         0
                text0                              1778     1778      202         0
                cinit                              207A     207A       A6         0
                idataBANK3                         2120     2120       65         0
                idataBANK2                         1D4A     1D4A       D0         0
                idataBANK1                         28D6     28D6        7         0
                idataBANK0                         28DD     28DD        2         0

        CLASS   CONST          

        CLASS   SMALLCONST     
                smallconst                          800      800       62         0

        CLASS   MEDIUMCONST    

        CLASS   COMRAM         
                cstackCOMRAM                          1        1       5F         1

        CLASS   ABS1           

        CLASS   BIGRAM         

        CLASS   RAM            

        CLASS   BANK0          
                cstackBANK0                          60       60       82         1
                dataBANK0                            FD       FD        2         1
                bssBANK0                             E2       E2       1B         1

        CLASS   BANK1          
                cstackBANK1                         100      100       A6         1
                dataBANK1                           1F0      1F0        7         1
                bssBANK1                            1A6      1A6       4A         1

        CLASS   BANK2          
                dataBANK2                           200      200       D0         1
                bssBANK2                            2D0      2D0       20         1

        CLASS   BANK3          
                dataBANK3                           300      300       65         1

        CLASS   BANK4          

        CLASS   BANK5          

        CLASS   BANK6          

        CLASS   BANK7          

        CLASS   SFR            

        CLASS   CONFIG         
                config                           300000   300000        E         4

        CLASS   IDLOC          
                idloc                            200000   200000        8         5

        CLASS   EEDATA         

        CLASS   FARRAM         



SEGMENTS        Name                           Load    Length   Top    Selector   Space  Class

                reset_vec                      000000  000004  000004         0       0  CODE    
                cstackCOMRAM                   000001  00005F  000060         1       1  COMRAM  
                cstackBANK0                    000060  00009F  0000FF        60       1  BANK0   
                cstackBANK1                    000100  0000F7  0001F7       100       1  BANK1   
                dataBANK2                      000200  0000F0  0002F0       200       1  BANK2   
                dataBANK3                      000300  000065  000365       300       1  BANK3   
                smallconst                     000800  000062  000862       400       0  SMALLCON
                text38                         000862  001923  002185       431       0  CODE    
                text3                          002186  000759  0028DF      10C3       0  CODE    
                text30                         0028E0  000002  0028E2      1470       0  CODE    


UNUSED ADDRESS RANGES

        Name                Unused          Largest block    Delta
        BANK0            0000FF-0000FF                1
        BANK1            0001F7-0001FF                9
        BANK2            0002F0-0002FF               10
        BANK3            000365-0003FF               9B
        BANK4            000400-0004FF              100
        BANK5            000500-0005FF              100
        BANK6            000600-0006FF              100
        BANK7            000700-0007FF              100
        BIGRAM           0000FF-0000FF                1
                         0001F7-0001FF                9
                         0002F0-0002FF               10
                         000365-0007FF              49B
        CODE             000004-0007FF              7FC
                         002185-002185                1
                         0028DF-0028DF                1
                         0028E2-007FFF             571E
        CONST            000004-0007FF              7FC
                         002185-002185                1
                         0028DF-0028DF                1
                         0028E2-007FFF             571E
        EEDATA           F00000-F000FF              100
        MEDIUMCONST      002185-002185                1
                         0028DF-0028DF                1
                         0028E2-007FFF             571E
        RAM              0000FF-0000FF                1
                         0001F7-0001FF                9
                         0002F0-0002FF               10
                         000365-0007FF              100
        SFR              000F60-000FFF               A0
        SMALLCONST       002185-002185                1
                         0028DF-0028DF                1
                         0028E2-007FFF              100
        STACK            000365-0007FF              49B

                                  Symbol Table

?___aodiv                               cstackCOMRAM 000001
?___aomod                               cstackCOMRAM 000001
?_abs                                   cstackCOMRAM 000013
?_dtoa                                  cstackCOMRAM 00001C
?_isalpha                               cstackCOMRAM 000001
?_islower                               cstackCOMRAM 000001
?_isupper                               cstackCOMRAM 000001
?_pad                                   cstackCOMRAM 000011
?_sprintf                               cstackBANK0  000066
?_strlen                                cstackCOMRAM 000001
?_toupper                               cstackCOMRAM 000007
?_vfpfcnvrt                             cstackCOMRAM 000043
?_vfprintf                              cstackBANK0  000060
?_xtoa                                  cstackCOMRAM 00001C
DHT11_ReadData@data                     cstackCOMRAM 000002
DHT11_ReadData@i                        cstackCOMRAM 000001
I2C_Read@buffer                         cstackCOMRAM 000002
I2C_Read@flag                           cstackCOMRAM 000001
I2C_Repeated_Start@slave_read_address   cstackCOMRAM 000002
I2C_Start@slave_write_address           cstackCOMRAM 000002
I2C_Write@data                          cstackCOMRAM 000001
LCD_Char@dat                            cstackCOMRAM 000007
LCD_Command@cmd                         cstackCOMRAM 000007
LCD_String@msg                          cstackCOMRAM 000008
LCD_String_xy@location                  cstackCOMRAM 00000E
LCD_String_xy@msg                       cstackCOMRAM 00000B
LCD_String_xy@pos                       cstackCOMRAM 00000A
LCD_String_xy@row                       cstackCOMRAM 00000D
MSdelay@i                               cstackCOMRAM 000003
MSdelay@j                               cstackCOMRAM 000005
MSdelay@val                             cstackCOMRAM 000001
RTC_Read_Calendar@read_calendar_address cstackCOMRAM 000004
RTC_Read_Clock@read_clock_address       cstackCOMRAM 000004
_ACKDT                                  (abs)        007E2D
_ACKEN                                  (abs)        007E2C
_ACKSTAT                                (abs)        007E2E
_ADCON1                                 (abs)        000FC1
_AM_PM                                  dataBANK0    0000FD
_BAUDCONbits                            (abs)        000FB8
_Clock_type                             dataBANK0    0000FE
_DHT11_CheckResponse                    text44       0027C8
_DHT11_ReadData                         text43       0023C6
_DHT11_Start                            text42       002816
_Date                                   bssBANK0     0000EC
_Day                                    bssBANK0     0000EE
_I2C_Ack                                text14       0028B0
_I2C_Init                               text41       00286E
_I2C_Nack                               text13       00289C
_I2C_Read                               text11       00265E
_I2C_Ready                              text12       0028C4
_I2C_Repeated_Start                     text9        00276C
_I2C_Start                              text8        00273E
_I2C_Stop                               text7        002888
_I2C_Write                              text10       0027F4
_LATC0                                  (abs)        007C58
_LATC1                                  (abs)        007C59
_LATC2                                  (abs)        007C5A
_LATD                                   (abs)        000F8C
_LCD_Char                               text36       002836
_LCD_Command                            text37       002852
_LCD_Init                               text15       00279A
_LCD_String                             text35       002368
_LCD_String_xy                          text34       0025E2
_MSdelay                                text40       0024CE
_Month                                  bssBANK0     0000EA
_OSCCON                                 (abs)        000FD3
_PEN                                    (abs)        007E2A
_PORTAbits                              (abs)        000F80
_PORTCbits                              (abs)        000F82
_RCEN                                   (abs)        007E2B
_RCSTAbits                              (abs)        000FAB
_RH_Decimal                             bssBANK0     0000FC
_RH_Integral                            bssBANK0     0000FB
_RSEN                                   (abs)        007E29
_RTC_Read_Calendar                      text6        002422
_RTC_Read_Clock                         text5        002518
_SPBRG                                  (abs)        000FAF
_SSPADD                                 (abs)        000FC8
_SSPBUF                                 (abs)        000FC9
_SSPCON1                                (abs)        000FC6
_SSPCON2                                (abs)        000FC5
_SSPCON2bits                            (abs)        000FC5
_SSPIE                                  (abs)        007CEB
_SSPIF                                  (abs)        007CF3
_SSPSTAT                                (abs)        000FC7
_SSPSTATbits                            (abs)        000FC7
_TRISA                                  (abs)        000F92
_TRISB0                                 (abs)        007C98
_TRISB1                                 (abs)        007C99
_TRISC                                  (abs)        000F94
_TRISCbits                              (abs)        000F94
_TRISD                                  (abs)        000F95
_TXREG                                  (abs)        000FAD
_TXSTAbits                              (abs)        000FAC
_T_Decimal                              bssBANK0     0000FA
_T_Integral                             bssBANK0     0000F9
_Year                                   bssBANK0     0000E8
__HRAM                                  (abs)        000000
__Habs1                                 abs1         000000
__Hbank0                                bank0        000000
__Hbank1                                bank1        000000
__Hbank2                                bank2        000000
__Hbank3                                bank3        000000
__Hbank4                                bank4        000000
__Hbank5                                bank5        000000
__Hbank6                                bank6        000000
__Hbank7                                bank7        000000
__Hbigbss                               bigbss       000000
__Hbigdata                              bigdata      000000
__Hbigram                               bigram       000000
__Hbss                                  bss          000000
__HbssBANK0                             bssBANK0     000000
__HbssBANK1                             bssBANK1     000000
__HbssBANK2                             bssBANK2     000000
__Hcinit                                cinit        000000
__Hclrtext                              clrtext      000000
__Hcomram                               comram       000000
__Hconfig                               config       30000E
__Hconst                                const        000000
__HcstackBANK0                          cstackBANK0  000000
__HcstackBANK1                          cstackBANK1  000000
__HcstackCOMRAM                         cstackCOMRAM 000000
__Hdata                                 data         000000
__HdataBANK0                            dataBANK0    000000
__HdataBANK1                            dataBANK1    000000
__HdataBANK2                            dataBANK2    000000
__HdataBANK3                            dataBANK3    000000
__Heeprom_data                          eeprom_data  000000
__Hfarbss                               farbss       000000
__Hfardata                              fardata      000000
__Hibigdata                             ibigdata     000000
__Hidata                                idata        000000
__HidataBANK0                           idataBANK0   000000
__HidataBANK1                           idataBANK1   000000
__HidataBANK2                           idataBANK2   000000
__HidataBANK3                           idataBANK3   000000
__Hidloc                                idloc        200008
__Hifardata                             ifardata     000000
__Hinit                                 init         000004
__Hintcode                              intcode      000000
__Hintcode_body                         intcode_body 000000
__Hintcodelo                            intcodelo    000000
__Hintentry                             intentry     000000
__Hintret                               intret       000000
__Hintsave_regs                         intsave_regs 000000
__Hirdata                               irdata       000000
__Hmediumconst                          mediumconst  000000
__HnvFARRAM                             nvFARRAM     000000
__Hnvbit                                nvbit        000000
__Hnvrram                               nvrram       000000
__Hparam                                rparam       000000
__Hpowerup                              powerup      000000
__Hram                                  ram          000000
__Hramtop                               ramtop       000800
__Hrbit                                 rbit         000000
__Hrbss                                 rbss         000000
__Hrdata                                rdata        000000
__Hreset_vec                            reset_vec    000000
__Hrparam                               rparam       000000
__Hsfr                                  sfr          000000
__Hsmallconst                           smallconst   000862
__Hspace_0                              (abs)        0028E2
__Hspace_1                              (abs)        000365
__Hspace_2                              (abs)        000000
__Hspace_4                              (abs)        60000E
__Hstack                                stack        000000
__Hstruct                               struct       000000
__Htemp                                 temp         000000
__Htext                                 text         000000
__Htext0                                text0        000000
__Htext1                                text1        000000
__Htext10                               text10       000000
__Htext11                               text11       000000
__Htext12                               text12       000000
__Htext13                               text13       000000
__Htext14                               text14       000000
__Htext15                               text15       000000
__Htext16                               text16       000000
__Htext17                               text17       000000
__Htext18                               text18       000000
__Htext19                               text19       000000
__Htext2                                text2        000000
__Htext20                               text20       000000
__Htext21                               text21       000000
__Htext22                               text22       000000
__Htext23                               text23       000000
__Htext24                               text24       000000
__Htext25                               text25       000000
__Htext26                               text26       000000
__Htext27                               text27       000000
__Htext28                               text28       000000
__Htext29                               text29       000000
__Htext3                                text3        000000
__Htext30                               text30       000000
__Htext31                               text31       000000
__Htext32                               text32       000000
__Htext33                               text33       000000
__Htext34                               text34       000000
__Htext35                               text35       000000
__Htext36                               text36       000000
__Htext37                               text37       000000
__Htext38                               text38       000000
__Htext39                               text39       000000
__Htext4                                text4        000000
__Htext40                               text40       000000
__Htext41                               text41       000000
__Htext42                               text42       000000
__Htext43                               text43       000000
__Htext44                               text44       000000
__Htext5                                text5        000000
__Htext6                                text6        000000
__Htext7                                text7        000000
__Htext8                                text8        000000
__Htext9                                text9        000000
__LRAM                                  (abs)        000001
__Labs1                                 abs1         000000
__Lbank0                                bank0        000000
__Lbank1                                bank1        000000
__Lbank2                                bank2        000000
__Lbank3                                bank3        000000
__Lbank4                                bank4        000000
__Lbank5                                bank5        000000
__Lbank6                                bank6        000000
__Lbank7                                bank7        000000
__Lbigbss                               bigbss       000000
__Lbigdata                              bigdata      000000
__Lbigram                               bigram       000000
__Lbss                                  bss          000000
__LbssBANK0                             bssBANK0     000000
__LbssBANK1                             bssBANK1     000000
__LbssBANK2                             bssBANK2     000000
__Lcinit                                cinit        000000
__Lclrtext                              clrtext      000000
__Lcomram                               comram       000000
__Lconfig                               config       000000
__Lconst                                const        000000
__LcstackBANK0                          cstackBANK0  000000
__LcstackBANK1                          cstackBANK1  000000
__LcstackCOMRAM                         cstackCOMRAM 000000
__Ldata                                 data         000000
__LdataBANK0                            dataBANK0    000000
__LdataBANK1                            dataBANK1    000000
__LdataBANK2                            dataBANK2    000000
__LdataBANK3                            dataBANK3    000000
__Leeprom_data                          eeprom_data  000000
__Lfarbss                               farbss       000000
__Lfardata                              fardata      000000
__Libigdata                             ibigdata     000000
__Lidata                                idata        000000
__LidataBANK0                           idataBANK0   000000
__LidataBANK1                           idataBANK1   000000
__LidataBANK2                           idataBANK2   000000
__LidataBANK3                           idataBANK3   000000
__Lidloc                                idloc        000000
__Lifardata                             ifardata     000000
__Linit                                 init         000000
__Lintcode                              intcode      000000
__Lintcode_body                         intcode_body 000000
__Lintcodelo                            intcodelo    000000
__Lintentry                             intentry     000000
__Lintret                               intret       000000
__Lintsave_regs                         intsave_regs 000000
__Lirdata                               irdata       000000
__Lmediumconst                          mediumconst  000000
__LnvFARRAM                             nvFARRAM     000000
__Lnvbit                                nvbit        000000
__Lnvrram                               nvrram       000000
__Lparam                                rparam       000000
__Lpowerup                              powerup      000000
__Lram                                  ram          000000
__Lramtop                               ramtop       000800
__Lrbit                                 rbit         000000
__Lrbss                                 rbss         000000
__Lrdata                                rdata        000000
__Lreset_vec                            reset_vec    000000
__Lrparam                               rparam       000000
__Lsfr                                  sfr          000000
__Lsmallconst                           smallconst   000800
__Lspace_0                              (abs)        000000
__Lspace_1                              (abs)        000000
__Lspace_2                              (abs)        000000
__Lspace_4                              (abs)        000000
__Lstack                                stack        000000
__Lstruct                               struct       000000
__Ltemp                                 temp         000000
__Ltext                                 text         000000
__Ltext0                                text0        000000
__Ltext1                                text1        000000
__Ltext10                               text10       000000
__Ltext11                               text11       000000
__Ltext12                               text12       000000
__Ltext13                               text13       000000
__Ltext14                               text14       000000
__Ltext15                               text15       000000
__Ltext16                               text16       000000
__Ltext17                               text17       000000
__Ltext18                               text18       000000
__Ltext19                               text19       000000
__Ltext2                                text2        000000
__Ltext20                               text20       000000
__Ltext21                               text21       000000
__Ltext22                               text22       000000
__Ltext23                               text23       000000
__Ltext24                               text24       000000
__Ltext25                               text25       000000
__Ltext26                               text26       000000
__Ltext27                               text27       000000
__Ltext28                               text28       000000
__Ltext29                               text29       000000
__Ltext3                                text3        000000
__Ltext30                               text30       000000
__Ltext31                               text31       000000
__Ltext32                               text32       000000
__Ltext33                               text33       000000
__Ltext34                               text34       000000
__Ltext35                               text35       000000
__Ltext36                               text36       000000
__Ltext37                               text37       000000
__Ltext38                               text38       000000
__Ltext39                               text39       000000
__Ltext4                                text4        000000
__Ltext40                               text40       000000
__Ltext41                               text41       000000
__Ltext42                               text42       000000
__Ltext43                               text43       000000
__Ltext44                               text44       000000
__Ltext5                                text5        000000
__Ltext6                                text6        000000
__Ltext7                                text7        000000
__Ltext8                                text8        000000
__Ltext9                                text9        000000
__S0                                    (abs)        0028E2
__S1                                    (abs)        000365
__S2                                    (abs)        000000
__S4                                    (abs)        000000
__S5                                    (abs)        000000
___aodiv                                text33       00197A
___aodiv@counter                        cstackCOMRAM 000011
___aodiv@dividend                       cstackCOMRAM 000001
___aodiv@divisor                        cstackCOMRAM 000009
___aodiv@quotient                       cstackCOMRAM 000013
___aodiv@sign                           cstackCOMRAM 000012
___aomod                                text32       001B02
___aomod@counter                        cstackCOMRAM 000011
___aomod@dividend                       cstackCOMRAM 000001
___aomod@divisor                        cstackCOMRAM 000009
___aomod@sign                           cstackCOMRAM 000012
___inthi_sp                             stack        000000
___intlo_sp                             stack        000000
___param_bank                           (abs)        000000
___rparam_used                          (abs)        000001
___sp                                   stack        000000
__accesstop                             (abs)        000060
__activetblptr                          (abs)        000002
__end_of_DHT11_CheckResponse            text44       0027F4
__end_of_DHT11_ReadData                 text43       002422
__end_of_DHT11_Start                    text42       002836
__end_of_I2C_Ack                        text14       0028C4
__end_of_I2C_Init                       text41       002888
__end_of_I2C_Nack                       text13       0028B0
__end_of_I2C_Read                       text11       002698
__end_of_I2C_Ready                      text12       0028D6
__end_of_I2C_Repeated_Start             text9        00279A
__end_of_I2C_Start                      text8        00276C
__end_of_I2C_Stop                       text7        00289C
__end_of_I2C_Write                      text10       002816
__end_of_LCD_Char                       text36       002852
__end_of_LCD_Command                    text37       00286E
__end_of_LCD_Init                       text15       0027C8
__end_of_LCD_String                     text35       0023C6
__end_of_LCD_String_xy                  text34       002622
__end_of_MSdelay                        text40       002518
__end_of_RTC_Read_Calendar              text6        00247C
__end_of_RTC_Read_Clock                 text5        00255E
__end_of___aodiv                        text33       001B02
__end_of___aomod                        text32       001C66
__end_of__initialization                cinit        002116
__end_of_abs                            text31       0025E2
__end_of_dtoa                           text25       001206
__end_of_encenderBombillas              text38       000BFC
__end_of_fputc                          text29       001FB4
__end_of_fputs                          text28       0025A2
__end_of_imprimirTemHum                 text16       001D4A
__end_of_isalpha                        text24       00265E
__end_of_islower                        text22       0026D0
__end_of_isupper                        text23       002708
__end_of_main                           text0        00197A
__end_of_mostrarFechaHora               text4        000F22
__end_of_offBombillas                   text3        0021EA
__end_of_offLEDS                        text2        0022AC
__end_of_onLEDS                         text39       001EEA
__end_of_pad                            text26       00207A
__end_of_putch                          text30       0028E2
__end_of_sprintf                        text17       0024CE
__end_of_strlen                         text27       00273E
__end_of_toupper                        text21       002368
__end_of_verificarHora                  text1        00230A
__end_of_vfpfcnvrt                      text19       001778
__end_of_vfprintf                       text18       00224C
__end_of_xtoa                           text20       0014E0
__initialization                        cinit        00207A
__mediumconst                           mediumconst  000000
__pbssBANK0                             bssBANK0     0000E2
__pbssBANK1                             bssBANK1     0001A6
__pbssBANK2                             bssBANK2     0002D0
__pcinit                                cinit        00207A
__pcstackBANK0                          cstackBANK0  000060
__pcstackBANK1                          cstackBANK1  000100
__pcstackCOMRAM                         cstackCOMRAM 000001
__pdataBANK0                            dataBANK0    0000FD
__pdataBANK1                            dataBANK1    0001F0
__pdataBANK2                            dataBANK2    000200
__pdataBANK3                            dataBANK3    000300
__pidataBANK0                           idataBANK0   0028DD
__pidataBANK1                           idataBANK1   0028D6
__pidataBANK2                           idataBANK2   001D4A
__pidataBANK3                           idataBANK3   002120
__psmallconst                           smallconst   000800
__ptext0                                text0        001778
__ptext1                                text1        0022AC
__ptext10                               text10       0027F4
__ptext11                               text11       00265E
__ptext12                               text12       0028C4
__ptext13                               text13       00289C
__ptext14                               text14       0028B0
__ptext15                               text15       00279A
__ptext16                               text16       001C66
__ptext17                               text17       00247C
__ptext18                               text18       0021EA
__ptext19                               text19       0014E0
__ptext2                                text2        00224C
__ptext20                               text20       001206
__ptext21                               text21       00230A
__ptext22                               text22       002698
__ptext23                               text23       0026D0
__ptext24                               text24       002622
__ptext25                               text25       000F22
__ptext26                               text26       001FB4
__ptext27                               text27       002708
__ptext28                               text28       00255E
__ptext29                               text29       001EEA
__ptext3                                text3        002186
__ptext30                               text30       0028E0
__ptext31                               text31       0025A2
__ptext32                               text32       001B02
__ptext33                               text33       00197A
__ptext34                               text34       0025E2
__ptext35                               text35       002368
__ptext36                               text36       002836
__ptext37                               text37       002852
__ptext38                               text38       000862
__ptext39                               text39       001E1A
__ptext4                                text4        000BFC
__ptext40                               text40       0024CE
__ptext41                               text41       00286E
__ptext42                               text42       002816
__ptext43                               text43       0023C6
__ptext44                               text44       0027C8
__ptext5                                text5        002518
__ptext6                                text6        002422
__ptext7                                text7        002888
__ptext8                                text8        00273E
__ptext9                                text9        00276C
__ramtop                                ramtop       000800
__size_of_DHT11_CheckResponse           (abs)        000000
__size_of_DHT11_ReadData                (abs)        000000
__size_of_DHT11_Start                   (abs)        000000
__size_of_I2C_Ack                       (abs)        000000
__size_of_I2C_Init                      (abs)        000000
__size_of_I2C_Nack                      (abs)        000000
__size_of_I2C_Read                      (abs)        000000
__size_of_I2C_Ready                     (abs)        000000
__size_of_I2C_Repeated_Start            (abs)        000000
__size_of_I2C_Start                     (abs)        000000
__size_of_I2C_Stop                      (abs)        000000
__size_of_I2C_Write                     (abs)        000000
__size_of_LCD_Char                      (abs)        000000
__size_of_LCD_Command                   (abs)        000000
__size_of_LCD_Init                      (abs)        000000
__size_of_LCD_String                    (abs)        000000
__size_of_LCD_String_xy                 (abs)        000000
__size_of_MSdelay                       (abs)        000000
__size_of_RTC_Read_Calendar             (abs)        000000
__size_of_RTC_Read_Clock                (abs)        000000
__size_of___aodiv                       (abs)        000000
__size_of___aomod                       (abs)        000000
__size_of_abs                           (abs)        000000
__size_of_dtoa                          (abs)        000000
__size_of_encenderBombillas             (abs)        000000
__size_of_fputc                         (abs)        000000
__size_of_fputs                         (abs)        000000
__size_of_imprimirTemHum                (abs)        000000
__size_of_isalpha                       (abs)        000000
__size_of_islower                       (abs)        000000
__size_of_isupper                       (abs)        000000
__size_of_main                          (abs)        000000
__size_of_mostrarFechaHora              (abs)        000000
__size_of_offBombillas                  (abs)        000000
__size_of_offLEDS                       (abs)        000000
__size_of_onLEDS                        (abs)        000000
__size_of_pad                           (abs)        000000
__size_of_putch                         (abs)        000000
__size_of_sprintf                       (abs)        000000
__size_of_strlen                        (abs)        000000
__size_of_toupper                       (abs)        000000
__size_of_verificarHora                 (abs)        000000
__size_of_vfpfcnvrt                     (abs)        000000
__size_of_vfprintf                      (abs)        000000
__size_of_xtoa                          (abs)        000000
__smallconst                            smallconst   000800
_abs                                    text31       0025A2
_acum                                   bssBANK1     0001A8
_agr                                    bssBANK0     0000F6
_date                                   bssBANK1     0001BE
_days                                   dataBANK1    0001F0
_dbuf                                   bssBANK2     0002D0
_dtoa                                   text25       000F22
_dtoa$1353                              cstackCOMRAM 00002E
_encenderBombillas                      text38       000862
_flags                                  bssBANK0     0000E6
_fputc                                  text29       001EEA
_fputs                                  text28       00255E
_hour                                   bssBANK0     0000F0
_hours                                  bssBANK1     0001C8
_imprimirTemHum                         text16       001C66
_isalpha                                text24       002622
_islower                                text22       002698
_isupper                                text23       0026D0
_main                                   text0        001778
_min                                    bssBANK0     0000F2
_mins                                   bssBANK1     0001D2
_month                                  bssBANK1     0001B4
_mostrarFechaHora                       text4        000BFC
_nout                                   bssBANK1     0001A6
_offBombillas                           text3        002186
_offLEDS                                text2        00224C
_onLEDS                                 text39       001E1A
_pad                                    text26       001FB4
_prec                                   bssBANK0     0000E4
_putch                                  text30       0028E0
_sec                                    bssBANK0     0000F4
_secs                                   bssBANK1     0001DC
_sprintf                                text17       00247C
_strlen                                 text27       002708
_toupper                                text21       00230A
_toupper$1449                           cstackCOMRAM 00000D
_valor2                                 bssBANK0     0000F8
_value                                  bssBANK1     0001E6
_verificarHora                          text1        0022AC
_vfpfcnvrt                              text19       0014E0
_vfprintf                               text18       0021EA
_width                                  bssBANK0     0000E2
_xtoa                                   text20       001206
_xtoa$1364                              cstackCOMRAM 00002F
_xtoa$1365                              cstackCOMRAM 000031
_year                                   bssBANK1     0001AA
abs@a                                   cstackCOMRAM 000013
dtoa@d                                  cstackCOMRAM 00001E
dtoa@fp                                 cstackCOMRAM 00001C
dtoa@i                                  cstackCOMRAM 00003E
dtoa@n                                  cstackCOMRAM 000036
dtoa@p                                  cstackCOMRAM 000030
dtoa@s                                  cstackCOMRAM 000034
dtoa@w                                  cstackCOMRAM 000032
encenderBombillas@F3589                 dataBANK2    000251
encenderBombillas@F3592                 dataBANK2    000236
encenderBombillas@F3595                 dataBANK2    00021B
encenderBombillas@F3598                 dataBANK2    000200
encenderBombillas@F3601                 dataBANK3    00034A
encenderBombillas@F3604                 dataBANK2    00029B
encenderBombillas@buffer_TX             cstackBANK1  000100
encenderBombillas@buffer_TX_787         cstackBANK1  00011B
encenderBombillas@buffer_TX_790         cstackBANK1  000136
encenderBombillas@buffer_TX_793         cstackBANK1  000151
encenderBombillas@buffer_TX_796         cstackBANK1  00016C
encenderBombillas@buffer_TX_799         cstackBANK1  000187
encenderBombillas@i                     cstackBANK1  00019A
encenderBombillas@i_788                 cstackBANK1  00019C
encenderBombillas@i_791                 cstackBANK1  00019E
encenderBombillas@i_794                 cstackBANK1  0001A0
encenderBombillas@i_797                 cstackBANK1  0001A2
encenderBombillas@i_800                 cstackBANK1  0001A4
end_of_initialization                   cinit        002116
fputc@c                                 cstackCOMRAM 000001
fputc@fp                                cstackCOMRAM 000003
fputs@c                                 cstackCOMRAM 00000E
fputs@fp                                cstackCOMRAM 00000C
fputs@i                                 cstackCOMRAM 00000F
fputs@s                                 cstackCOMRAM 00000A
intlevel0                               text         000000
intlevel1                               text         000000
intlevel2                               text         000000
intlevel3                               text         000000
isalpha@c                               cstackCOMRAM 000001
islower@c                               cstackCOMRAM 000001
isupper@c                               cstackCOMRAM 000001
main@F3562                              dataBANK3    000326
main@F3565                              dataBANK3    000300
main@buffer_TX                          cstackBANK0  0000BA
main@buffer_TX_745                      cstackBANK0  000094
main@i                                  cstackBANK0  0000DE
main@i_746                              cstackBANK0  0000E0
mostrarFechaHora@F3608                  dataBANK2    00026C
mostrarFechaHora@buffer_TX              cstackBANK0  000078
mostrarFechaHora@i                      cstackBANK0  000092
offBombillas@F3584                      dataBANK2    000286
offBombillas@buffer_TX                  cstackCOMRAM 000001
offBombillas@i                          cstackCOMRAM 000016
offLEDS@F3574                           dataBANK2    0002C1
offLEDS@buffer_TX                       cstackCOMRAM 000001
offLEDS@i                               cstackCOMRAM 000010
onLEDS@F3580                            dataBANK2    0002AE
onLEDS@T_Integral                       cstackCOMRAM 000014
onLEDS@buffer_TX                        cstackCOMRAM 000001
onLEDS@i                                cstackCOMRAM 000017
onLEDS@valor                            cstackCOMRAM 000015
pad@buf                                 cstackCOMRAM 000013
pad@fp                                  cstackCOMRAM 000011
pad@i                                   cstackCOMRAM 000018
pad@p                                   cstackCOMRAM 000015
pad@w                                   cstackCOMRAM 00001A
sprintf@ap                              cstackBANK0  00006E
sprintf@f                               cstackBANK0  000070
sprintf@fmt                             cstackBANK0  000068
sprintf@s                               cstackBANK0  000066
stackhi                                 (abs)        0007FF
stacklo                                 (abs)        000365
start                                   init         000000
start_initialization                    cinit        00207A
strlen@a                                cstackCOMRAM 000003
strlen@s                                cstackCOMRAM 000001
toupper@c                               cstackCOMRAM 000007
vfpfcnvrt@ap                            cstackCOMRAM 000047
vfpfcnvrt@c                             cstackCOMRAM 00005D
vfpfcnvrt@fmt                           cstackCOMRAM 000045
vfpfcnvrt@fp                            cstackCOMRAM 000043
vfpfcnvrt@ll                            cstackCOMRAM 00004D
vfpfcnvrt@llu                           cstackCOMRAM 000055
vfprintf@ap                             cstackBANK0  000064
vfprintf@cfmt                           cstackCOMRAM 00005E
vfprintf@fmt                            cstackBANK0  000062
vfprintf@fp                             cstackBANK0  000060
xtoa@c                                  cstackCOMRAM 000041
xtoa@d                                  cstackCOMRAM 00001E
xtoa@fp                                 cstackCOMRAM 00001C
xtoa@i                                  cstackCOMRAM 00003F
xtoa@n                                  cstackCOMRAM 000037
xtoa@p                                  cstackCOMRAM 000033
xtoa@w                                  cstackCOMRAM 000035
xtoa@x                                  cstackCOMRAM 000026


FUNCTION INFORMATION:

 *************** function _main *****************
 Defined at:
		line 106 in file "Controlador.c"
 Parameters:    Size  Location     Type
		None
 Auto vars:     Size  Location     Type
  i               2  128[BANK0 ] int 
  i               2  126[BANK0 ] int 
  buffer_TX      38   52[BANK0 ] unsigned char [38]
  buffer_TX      36   90[BANK0 ] unsigned char [36]
 Return value:  Size  Location     Type
                  1    wreg      void 
 Registers used:
		wreg, fsr1l, fsr1h, fsr2l, fsr2h, status,2, status,0, tblptrl, tblptrh, tblptru, cstack
 Tracked objects:
		On entry : 
		On exit  : 
		Unchanged: 
 Data sizes:     COMRAM   BANK0   BANK1   BANK2   BANK3   BANK4   BANK5   BANK6   BANK7
      Params:         0       0       0       0       0       0       0       0       0
      Locals:         0      78       0       0       0       0       0       0       0
      Temps:          0       0       0       0       0       0       0       0       0
      Totals:         0      78       0       0       0       0       0       0       0
Total ram usage:       78 bytes
 Hardware stack levels required when called:    9
 This function calls:
		_DHT11_CheckResponse
		_DHT11_ReadData
		_DHT11_Start
		_I2C_Init
		_LCD_Init
		_LCD_String_xy
		_MSdelay
		_encenderBombillas
		_imprimirTemHum
		_mostrarFechaHora
		_offBombillas
		_offLEDS
		_verificarHora
 This function is called by:
		Startup code after reset
 This function uses a non-reentrant model


 *************** function _verificarHora *****************
 Defined at:
		line 469 in file "Controlador.c"
 Parameters:    Size  Location     Type
		None
 Auto vars:     Size  Location     Type
		None
 Return value:  Size  Location     Type
                  1    wreg      void 
 Registers used:
		wreg, fsr1l, fsr1h, status,2, status,0, tblptrl, tblptrh, tblptru, cstack
 Tracked objects:
		On entry : 
		On exit  : 
		Unchanged: 
 Data sizes:     COMRAM   BANK0   BANK1   BANK2   BANK3   BANK4   BANK5   BANK6   BANK7
      Params:         0       0       0       0       0       0       0       0       0
      Locals:         0       0       0       0       0       0       0       0       0
      Temps:          0       0       0       0       0       0       0       0       0
      Totals:         0       0       0       0       0       0       0       0       0
Total ram usage:        0 bytes
 Hardware stack levels used:    1
 Hardware stack levels required when called:    4
 This function calls:
		_I2C_Stop
		_LCD_String_xy
		_MSdelay
		_RTC_Read_Clock
 This function is called by:
		_main
 This function uses a non-reentrant model


 *************** function _offLEDS *****************
 Defined at:
		line 224 in file "Controlador.c"
 Parameters:    Size  Location     Type
		None
 Auto vars:     Size  Location     Type
  i               2   15[COMRAM] int 
  buffer_TX      15    0[COMRAM] unsigned char [15]
 Return value:  Size  Location     Type
                  1    wreg      void 
 Registers used:
		wreg, fsr1l, fsr1h, fsr2l, fsr2h, status,2, status,0
 Tracked objects:
		On entry : 
		On exit  : 
		Unchanged: 
 Data sizes:     COMRAM   BANK0   BANK1   BANK2   BANK3   BANK4   BANK5   BANK6   BANK7
      Params:         0       0       0       0       0       0       0       0       0
      Locals:        17       0       0       0       0       0       0       0       0
      Temps:          0       0       0       0       0       0       0       0       0
      Totals:        17       0       0       0       0       0       0       0       0
Total ram usage:       17 bytes
 Hardware stack levels used:    1
 This function calls:
		Nothing
 This function is called by:
		_main
 This function uses a non-reentrant model


 *************** function _offBombillas *****************
 Defined at:
		line 267 in file "Controlador.c"
 Parameters:    Size  Location     Type
		None
 Auto vars:     Size  Location     Type
  i               2   21[COMRAM] int 
  buffer_TX      21    0[COMRAM] unsigned char [21]
 Return value:  Size  Location     Type
                  1    wreg      void 
 Registers used:
		wreg, fsr1l, fsr1h, fsr2l, fsr2h, status,2, status,0
 Tracked objects:
		On entry : 
		On exit  : 
		Unchanged: 
 Data sizes:     COMRAM   BANK0   BANK1   BANK2   BANK3   BANK4   BANK5   BANK6   BANK7
      Params:         0       0       0       0       0       0       0       0       0
      Locals:        23       0       0       0       0       0       0       0       0
      Temps:          0       0       0       0       0       0       0       0       0
      Totals:        23       0       0       0       0       0       0       0       0
Total ram usage:       23 bytes
 Hardware stack levels used:    1
 This function calls:
		Nothing
 This function is called by:
		_main
 This function uses a non-reentrant model


 *************** function _mostrarFechaHora *****************
 Defined at:
		line 391 in file "Controlador.c"
 Parameters:    Size  Location     Type
		None
 Auto vars:     Size  Location     Type
  i               2   50[BANK0 ] int 
  buffer_TX      26   24[BANK0 ] unsigned char [26]
 Return value:  Size  Location     Type
                  1    wreg      void 
 Registers used:
		wreg, fsr1l, fsr1h, fsr2l, fsr2h, status,2, status,0, tblptrl, tblptrh, tblptru, cstack
 Tracked objects:
		On entry : 
		On exit  : 
		Unchanged: 
 Data sizes:     COMRAM   BANK0   BANK1   BANK2   BANK3   BANK4   BANK5   BANK6   BANK7
      Params:         0       0       0       0       0       0       0       0       0
      Locals:         0      28       0       0       0       0       0       0       0
      Temps:          0       2       0       0       0       0       0       0       0
      Totals:         0      30       0       0       0       0       0       0       0
Total ram usage:       30 bytes
 Hardware stack levels used:    1
 Hardware stack levels required when called:    8
 This function calls:
		_I2C_Stop
		_LCD_Init
		_LCD_String
		_LCD_String_xy
		_MSdelay
		_RTC_Read_Calendar
		_RTC_Read_Clock
		_sprintf
 This function is called by:
		_main
 This function uses a non-reentrant model


 *************** function _RTC_Read_Clock *****************
 Defined at:
		line 84 in file "Controlador.c"
 Parameters:    Size  Location     Type
  read_clock_a    1    wreg     unsigned char 
 Auto vars:     Size  Location     Type
  read_clock_a    1    3[COMRAM] unsigned char 
 Return value:  Size  Location     Type
                  1    wreg      void 
 Registers used:
		wreg, status,2, status,0, cstack
 Tracked objects:
		On entry : 
		On exit  : 
		Unchanged: 
 Data sizes:     COMRAM   BANK0   BANK1   BANK2   BANK3   BANK4   BANK5   BANK6   BANK7
      Params:         0       0       0       0       0       0       0       0       0
      Locals:         1       0       0       0       0       0       0       0       0
      Temps:          1       0       0       0       0       0       0       0       0
      Totals:         2       0       0       0       0       0       0       0       0
Total ram usage:        2 bytes
 Hardware stack levels used:    1
 Hardware stack levels required when called:    3
 This function calls:
		_I2C_Read
		_I2C_Repeated_Start
		_I2C_Start
		_I2C_Write
 This function is called by:
		_mostrarFechaHora
		_verificarHora
 This function uses a non-reentrant model


 *************** function _RTC_Read_Calendar *****************
 Defined at:
		line 94 in file "Controlador.c"
 Parameters:    Size  Location     Type
  read_calenda    1    wreg     unsigned char 
 Auto vars:     Size  Location     Type
  read_calenda    1    3[COMRAM] unsigned char 
 Return value:  Size  Location     Type
                  1    wreg      void 
 Registers used:
		wreg, status,2, status,0, cstack
 Tracked objects:
		On entry : 
		On exit  : 
		Unchanged: 
 Data sizes:     COMRAM   BANK0   BANK1   BANK2   BANK3   BANK4   BANK5   BANK6   BANK7
      Params:         0       0       0       0       0       0       0       0       0
      Locals:         1       0       0       0       0       0       0       0       0
      Temps:          1       0       0       0       0       0       0       0       0
      Totals:         2       0       0       0       0       0       0       0       0
Total ram usage:        2 bytes
 Hardware stack levels used:    1
 Hardware stack levels required when called:    3
 This function calls:
		_I2C_Read
		_I2C_Repeated_Start
		_I2C_Start
		_I2C_Stop
		_I2C_Write
 This function is called by:
		_mostrarFechaHora
 This function uses a non-reentrant model


 *************** function _I2C_Stop *****************
 Defined at:
		line 140 in file "./I2C_Master_File.h"
 Parameters:    Size  Location     Type
		None
 Auto vars:     Size  Location     Type
		None
 Return value:  Size  Location     Type
                  1    wreg      unsigned char 
 Registers used:
		wreg
 Tracked objects:
		On entry : 
		On exit  : 
		Unchanged: 
 Data sizes:     COMRAM   BANK0   BANK1   BANK2   BANK3   BANK4   BANK5   BANK6   BANK7
      Params:         0       0       0       0       0       0       0       0       0
      Locals:         0       0       0       0       0       0       0       0       0
      Temps:          0       0       0       0       0       0       0       0       0
      Totals:         0       0       0       0       0       0       0       0       0
Total ram usage:        0 bytes
 Hardware stack levels used:    1
 This function calls:
		Nothing
 This function is called by:
		_RTC_Read_Calendar
		_mostrarFechaHora
		_verificarHora
		_I2C_Start_Wait
 This function uses a non-reentrant model


 *************** function _I2C_Start *****************
 Defined at:
		line 115 in file "./I2C_Master_File.h"
 Parameters:    Size  Location     Type
  slave_write_    1    wreg     unsigned char 
 Auto vars:     Size  Location     Type
  slave_write_    1    1[COMRAM] unsigned char 
 Return value:  Size  Location     Type
                  1    wreg      unsigned char 
 Registers used:
		wreg, status,2, cstack
 Tracked objects:
		On entry : 
		On exit  : 
		Unchanged: 
 Data sizes:     COMRAM   BANK0   BANK1   BANK2   BANK3   BANK4   BANK5   BANK6   BANK7
      Params:         0       0       0       0       0       0       0       0       0
      Locals:         1       0       0       0       0       0       0       0       0
      Temps:          0       0       0       0       0       0       0       0       0
      Totals:         1       0       0       0       0       0       0       0       0
Total ram usage:        1 bytes
 Hardware stack levels used:    1
 Hardware stack levels required when called:    2
 This function calls:
		_I2C_Write
 This function is called by:
		_RTC_Read_Clock
		_RTC_Read_Calendar
 This function uses a non-reentrant model


 *************** function _I2C_Repeated_Start *****************
 Defined at:
		line 126 in file "./I2C_Master_File.h"
 Parameters:    Size  Location     Type
  slave_read_a    1    wreg     unsigned char 
 Auto vars:     Size  Location     Type
  slave_read_a    1    1[COMRAM] unsigned char 
 Return value:  Size  Location     Type
                  1    wreg      unsigned char 
 Registers used:
		wreg, status,2, cstack
 Tracked objects:
		On entry : 
		On exit  : 
		Unchanged: 
 Data sizes:     COMRAM   BANK0   BANK1   BANK2   BANK3   BANK4   BANK5   BANK6   BANK7
      Params:         0       0       0       0       0       0       0       0       0
      Locals:         1       0       0       0       0       0       0       0       0
      Temps:          0       0       0       0       0       0       0       0       0
      Totals:         1       0       0       0       0       0       0       0       0
Total ram usage:        1 bytes
 Hardware stack levels used:    1
 Hardware stack levels required when called:    2
 This function calls:
		_I2C_Write
 This function is called by:
		_RTC_Read_Clock
		_RTC_Read_Calendar
 This function uses a non-reentrant model


 *************** function _I2C_Write *****************
 Defined at:
		line 148 in file "./I2C_Master_File.h"
 Parameters:    Size  Location     Type
  data            1    wreg     unsigned char 
 Auto vars:     Size  Location     Type
  data            1    0[COMRAM] unsigned char 
 Return value:  Size  Location     Type
                  1    wreg      unsigned char 
 Registers used:
		wreg, cstack
 Tracked objects:
		On entry : 
		On exit  : 
		Unchanged: 
 Data sizes:     COMRAM   BANK0   BANK1   BANK2   BANK3   BANK4   BANK5   BANK6   BANK7
      Params:         0       0       0       0       0       0       0       0       0
      Locals:         1       0       0       0       0       0       0       0       0
      Temps:          0       0       0       0       0       0       0       0       0
      Totals:         1       0       0       0       0       0       0       0       0
Total ram usage:        1 bytes
 Hardware stack levels used:    1
 Hardware stack levels required when called:    1
 This function calls:
		_I2C_Ready
 This function is called by:
		_I2C_Start
		_I2C_Repeated_Start
		_RTC_Read_Clock
		_RTC_Read_Calendar
		_I2C_Start_Wait
 This function uses a non-reentrant model


 *************** function _I2C_Read *****************
 Defined at:
		line 59 in file "./I2C_Master_File.h"
 Parameters:    Size  Location     Type
  flag            1    wreg     unsigned char 
 Auto vars:     Size  Location     Type
  flag            1    0[COMRAM] unsigned char 
  buffer          1    1[COMRAM] unsigned char 
 Return value:  Size  Location     Type
                  1    wreg      unsigned char 
 Registers used:
		wreg, status,2, cstack
 Tracked objects:
		On entry : 
		On exit  : 
		Unchanged: 
 Data sizes:     COMRAM   BANK0   BANK1   BANK2   BANK3   BANK4   BANK5   BANK6   BANK7
      Params:         0       0       0       0       0       0       0       0       0
      Locals:         2       0       0       0       0       0       0       0       0
      Temps:          0       0       0       0       0       0       0       0       0
      Totals:         2       0       0       0       0       0       0       0       0
Total ram usage:        2 bytes
 Hardware stack levels used:    1
 Hardware stack levels required when called:    1
 This function calls:
		_I2C_Ack
		_I2C_Nack
		_I2C_Ready
 This function is called by:
		_RTC_Read_Clock
		_RTC_Read_Calendar
 This function uses a non-reentrant model


 *************** function _I2C_Ready *****************
 Defined at:
		line 90 in file "./I2C_Master_File.h"
 Parameters:    Size  Location     Type
		None
 Auto vars:     Size  Location     Type
		None
 Return value:  Size  Location     Type
                  1    wreg      void 
 Registers used:
		None
 Tracked objects:
		On entry : 
		On exit  : 
		Unchanged: 
 Data sizes:     COMRAM   BANK0   BANK1   BANK2   BANK3   BANK4   BANK5   BANK6   BANK7
      Params:         0       0       0       0       0       0       0       0       0
      Locals:         0       0       0       0       0       0       0       0       0
      Temps:          0       0       0       0       0       0       0       0       0
      Totals:         0       0       0       0       0       0       0       0       0
Total ram usage:        0 bytes
 Hardware stack levels used:    1
 This function calls:
		Nothing
 This function is called by:
		_I2C_Read
		_I2C_Write
 This function uses a non-reentrant model


 *************** function _I2C_Nack *****************
 Defined at:
		line 165 in file "./I2C_Master_File.h"
 Parameters:    Size  Location     Type
		None
 Auto vars:     Size  Location     Type
		None
 Return value:  Size  Location     Type
                  1    wreg      void 
 Registers used:
		None
 Tracked objects:
		On entry : 
		On exit  : 
		Unchanged: 
 Data sizes:     COMRAM   BANK0   BANK1   BANK2   BANK3   BANK4   BANK5   BANK6   BANK7
      Params:         0       0       0       0       0       0       0       0       0
      Locals:         0       0       0       0       0       0       0       0       0
      Temps:          0       0       0       0       0       0       0       0       0
      Totals:         0       0       0       0       0       0       0       0       0
Total ram usage:        0 bytes
 Hardware stack levels used:    1
 This function calls:
		Nothing
 This function is called by:
		_I2C_Read
 This function uses a non-reentrant model


 *************** function _I2C_Ack *****************
 Defined at:
		line 158 in file "./I2C_Master_File.h"
 Parameters:    Size  Location     Type
		None
 Auto vars:     Size  Location     Type
		None
 Return value:  Size  Location     Type
                  1    wreg      void 
 Registers used:
		None
 Tracked objects:
		On entry : 
		On exit  : 
		Unchanged: 
 Data sizes:     COMRAM   BANK0   BANK1   BANK2   BANK3   BANK4   BANK5   BANK6   BANK7
      Params:         0       0       0       0       0       0       0       0       0
      Locals:         0       0       0       0       0       0       0       0       0
      Temps:          0       0       0       0       0       0       0       0       0
      Totals:         0       0       0       0       0       0       0       0       0
Total ram usage:        0 bytes
 Hardware stack levels used:    1
 This function calls:
		Nothing
 This function is called by:
		_I2C_Read
 This function uses a non-reentrant model


 *************** function _LCD_Init *****************
 Defined at:
		line 37 in file "LCD_16x2.c"
 Parameters:    Size  Location     Type
		None
 Auto vars:     Size  Location     Type
		None
 Return value:  Size  Location     Type
                  1    wreg      void 
 Registers used:
		wreg, status,2, status,0, cstack
 Tracked objects:
		On entry : 
		On exit  : 
		Unchanged: 
 Data sizes:     COMRAM   BANK0   BANK1   BANK2   BANK3   BANK4   BANK5   BANK6   BANK7
      Params:         0       0       0       0       0       0       0       0       0
      Locals:         0       0       0       0       0       0       0       0       0
      Temps:          0       0       0       0       0       0       0       0       0
      Totals:         0       0       0       0       0       0       0       0       0
Total ram usage:        0 bytes
 Hardware stack levels used:    1
 Hardware stack levels required when called:    2
 This function calls:
		_LCD_Command
		_MSdelay
 This function is called by:
		_main
		_mostrarFechaHora
 This function uses a non-reentrant model


 *************** function _imprimirTemHum *****************
 Defined at:
		line 283 in file "Controlador.c"
 Parameters:    Size  Location     Type
		None
 Auto vars:     Size  Location     Type
		None
 Return value:  Size  Location     Type
                  1    wreg      void 
 Registers used:
		wreg, fsr1l, fsr1h, fsr2l, fsr2h, status,2, status,0, tblptrl, tblptrh, tblptru, cstack
 Tracked objects:
		On entry : 
		On exit  : 
		Unchanged: 
 Data sizes:     COMRAM   BANK0   BANK1   BANK2   BANK3   BANK4   BANK5   BANK6   BANK7
      Params:         0       0       0       0       0       0       0       0       0
      Locals:         0       0       0       0       0       0       0       0       0
      Temps:          0       0       0       0       0       0       0       0       0
      Totals:         0       0       0       0       0       0       0       0       0
Total ram usage:        0 bytes
 Hardware stack levels used:    1
 Hardware stack levels required when called:    8
 This function calls:
		_LCD_Char
		_LCD_String
		_LCD_String_xy
		_sprintf
 This function is called by:
		_main
 This function uses a non-reentrant model


 *************** function _sprintf *****************
 Defined at:
		line 9 in file "C:\Program Files\Microchip\xc8\v2.31\pic\sources\c99\common\nf_sprintf.c"
 Parameters:    Size  Location     Type
  s               2    6[BANK0 ] PTR unsigned char 
		 -> year(10), month(10), date(10), hours(10), 
		 -> mins(10), secs(10), value(10), 
  fmt             2    8[BANK0 ] PTR const unsigned char 
		 -> STR_19(4), STR_18(4), STR_17(8), STR_16(8), 
		 -> STR_15(4), STR_14(4), STR_13(8), STR_12(4), 
		 -> STR_11(4), STR_6(4), STR_5(3), STR_4(5), 
		 -> STR_3(3), 
 Auto vars:     Size  Location     Type
  f               6   16[BANK0 ] struct _IO_FILE
  ap              2   14[BANK0 ] PTR void [1]
		 -> ?_sprintf(2), 
  ret             2    0        int 
 Return value:  Size  Location     Type
                  2    6[BANK0 ] int 
 Registers used:
		wreg, fsr1l, fsr1h, fsr2l, fsr2h, status,2, status,0, tblptrl, tblptrh, tblptru, cstack
 Tracked objects:
		On entry : 
		On exit  : 
		Unchanged: 
 Data sizes:     COMRAM   BANK0   BANK1   BANK2   BANK3   BANK4   BANK5   BANK6   BANK7
      Params:         0       6       0       0       0       0       0       0       0
      Locals:         0      10       0       0       0       0       0       0       0
      Temps:          0       0       0       0       0       0       0       0       0
      Totals:         0      16       0       0       0       0       0       0       0
Total ram usage:       16 bytes
 Hardware stack levels used:    1
 Hardware stack levels required when called:    7
 This function calls:
		_vfprintf
 This function is called by:
		_imprimirTemHum
		_mostrarFechaHora
 This function uses a non-reentrant model


 *************** function _vfprintf *****************
 Defined at:
		line 1390 in file "C:\Program Files\Microchip\xc8\v2.31\pic\sources\c99\common\doprnt.c"
 Parameters:    Size  Location     Type
  fp              2    0[BANK0 ] PTR struct _IO_FILE
		 -> sprintf@f(6), 
  fmt             2    2[BANK0 ] PTR const unsigned char 
		 -> STR_19(4), STR_18(4), STR_17(8), STR_16(8), 
		 -> STR_15(4), STR_14(4), STR_13(8), STR_12(4), 
		 -> STR_11(4), STR_6(4), STR_5(3), STR_4(5), 
		 -> STR_3(3), 
  ap              2    4[BANK0 ] PTR PTR void 
		 -> sprintf@ap(2), 
 Auto vars:     Size  Location     Type
  cfmt            2   93[COMRAM] PTR unsigned char 
		 -> STR_19(4), STR_18(4), STR_17(8), STR_16(8), 
		 -> STR_15(4), STR_14(4), STR_13(8), STR_12(4), 
		 -> STR_11(4), STR_6(4), STR_5(3), STR_4(5), 
		 -> STR_3(3), 
 Return value:  Size  Location     Type
                  2    0[BANK0 ] int 
 Registers used:
		wreg, fsr1l, fsr1h, fsr2l, fsr2h, status,2, status,0, tblptrl, tblptrh, tblptru, cstack
 Tracked objects:
		On entry : 
		On exit  : 
		Unchanged: 
 Data sizes:     COMRAM   BANK0   BANK1   BANK2   BANK3   BANK4   BANK5   BANK6   BANK7
      Params:         0       6       0       0       0       0       0       0       0
      Locals:         2       0       0       0       0       0       0       0       0
      Temps:          0       0       0       0       0       0       0       0       0
      Totals:         2       6       0       0       0       0       0       0       0
Total ram usage:        8 bytes
 Hardware stack levels used:    1
 Hardware stack levels required when called:    6
 This function calls:
		_vfpfcnvrt
 This function is called by:
		_sprintf
 This function uses a non-reentrant model


 *************** function _vfpfcnvrt *****************
 Defined at:
		line 692 in file "C:\Program Files\Microchip\xc8\v2.31\pic\sources\c99\common\doprnt.c"
 Parameters:    Size  Location     Type
  fp              2   66[COMRAM] PTR struct _IO_FILE
		 -> sprintf@f(6), 
  fmt             2   68[COMRAM] PTR PTR unsigned char 
		 -> vfprintf@cfmt(2), 
  ap              2   70[COMRAM] PTR PTR void 
		 -> sprintf@ap(2), 
 Auto vars:     Size  Location     Type
  llu             8   84[COMRAM] unsigned long long 
  ll              8   76[COMRAM] long long 
  f               4    0        long long 
  vp              3    0        PTR void 
  ct              3    0        unsigned char [3]
  cp              3    0        PTR unsigned char 
  i               2    0        int 
  done            2    0        int 
  c               1   92[COMRAM] unsigned char 
[...]
 Data sizes:     COMRAM   BANK0   BANK1   BANK2   BANK3   BANK4   BANK5   BANK6   BANK7
      Params:        16       0       0       0       0       0       0       0       0
      Locals:         2       0       0       0       0       0       0       0       0
      Temps:          0       0       0       0       0       0       0       0       0
      Totals:        18       0       0       0       0       0       0       0       0
Total ram usage:       18 bytes
 Hardware stack levels used:    1
 This function calls:
		Nothing
 This function is called by:
		_dtoa
 This function uses a non-reentrant model


 *************** function ___aodiv *****************
 Defined at:
		line 9 in file "C:\Program Files\Microchip\xc8\v2.31\pic\sources\c99\common\aodiv.c"
 Parameters:    Size  Location     Type
  dividend        8    0[COMRAM] long long 
  divisor         8    8[COMRAM] long long 
 Auto vars:     Size  Location     Type
  quotient        8   18[COMRAM] long long 
  sign            1   17[COMRAM] unsigned char 
  counter         1   16[COMRAM] unsigned char 
 Return value:  Size  Location     Type
                  8    0[COMRAM] long long 
 Registers used:
		wreg, fsr2l, fsr2h, status,2, status,0
 Tracked objects:
		On entry : 
		On exit  : 
		Unchanged: 
 Data sizes:     COMRAM   BANK0   BANK1   BANK2   BANK3   BANK4   BANK5   BANK6   BANK7
      Params:        16       0       0       0       0       0       0       0       0
      Locals:        10       0       0       0       0       0       0       0       0
      Temps:          0       0       0       0       0       0       0       0       0
      Totals:        26       0       0       0       0       0       0       0       0
Total ram usage:       26 bytes
 Hardware stack levels used:    1
 This function calls:
		Nothing
 This function is called by:
		_dtoa
 This function uses a non-reentrant model


 *************** function _LCD_String_xy *****************
 Defined at:
		line 86 in file "LCD_16x2.c"
 Parameters:    Size  Location     Type
  row             1    wreg     unsigned char 
  pos             1    9[COMRAM] unsigned char 
  msg             2   10[COMRAM] PTR const unsigned char 
		 -> STR_28(3), STR_27(3), date(10), hours(10), 
		 -> STR_10(3), STR_9(3), STR_8(5), STR_7(4), 
		 -> value(10), STR_2(12), STR_1(12), 
 Auto vars:     Size  Location     Type
  row             1   12[COMRAM] unsigned char 
  location        1   13[COMRAM] unsigned char 
 Return value:  Size  Location     Type
                  1    wreg      void 
 Registers used:
		wreg, fsr1l, fsr1h, status,2, status,0, tblptrl, tblptrh, tblptru, cstack
 Tracked objects:
		On entry : 
		On exit  : 
		Unchanged: 
 Data sizes:     COMRAM   BANK0   BANK1   BANK2   BANK3   BANK4   BANK5   BANK6   BANK7
      Params:         3       0       0       0       0       0       0       0       0
      Locals:         2       0       0       0       0       0       0       0       0
      Temps:          0       0       0       0       0       0       0       0       0
      Totals:         5       0       0       0       0       0       0       0       0
Total ram usage:        5 bytes
 Hardware stack levels used:    1
 Hardware stack levels required when called:    3
 This function calls:
		_LCD_Command
		_LCD_String
 This function is called by:
		_main
		_imprimirTemHum
		_mostrarFechaHora
		_verificarHora
 This function uses a non-reentrant model


 *************** function _LCD_String *****************
 Defined at:
		line 76 in file "LCD_16x2.c"
 Parameters:    Size  Location     Type
  msg             2    7[COMRAM] PTR const unsigned char 
		 -> STR_28(3), STR_27(3), STR_26(4), STR_25(4), 
		 -> STR_24(4), STR_23(4), STR_22(4), STR_21(4), 
		 -> STR_20(4), year(10), month(10), date(10), 
		 -> hours(10), mins(10), secs(10), STR_10(3), 
		 -> STR_9(3), STR_8(5), STR_7(4), value(10), 
		 -> STR_2(12), STR_1(12), 
 Auto vars:     Size  Location     Type
		None
 Return value:  Size  Location     Type
                  1    wreg      void 
 Registers used:
		wreg, fsr1l, fsr1h, status,2, status,0, tblptrl, tblptrh, tblptru, cstack
 Tracked objects:
		On entry : 
		On exit  : 
		Unchanged: 
 Data sizes:     COMRAM   BANK0   BANK1   BANK2   BANK3   BANK4   BANK5   BANK6   BANK7
      Params:         2       0       0       0       0       0       0       0       0
      Locals:         0       0       0       0       0       0       0       0       0
      Temps:          0       0       0       0       0       0       0       0       0
      Totals:         2       0       0       0       0       0       0       0       0
Total ram usage:        2 bytes
 Hardware stack levels used:    1
 Hardware stack levels required when called:    2
 This function calls:
		_LCD_Char
 This function is called by:
		_LCD_String_xy
		_imprimirTemHum
		_mostrarFechaHora
 This function uses a non-reentrant model


 *************** function _LCD_Char *****************
 Defined at:
		line 65 in file "LCD_16x2.c"
 Parameters:    Size  Location     Type
  dat             1    wreg     unsigned char 
 Auto vars:     Size  Location     Type
  dat             1    6[COMRAM] unsigned char 
 Return value:  Size  Location     Type
                  1    wreg      void 
 Registers used:
		wreg, status,2, status,0, cstack
 Tracked objects:
		On entry : 
		On exit  : 
		Unchanged: 
 Data sizes:     COMRAM   BANK0   BANK1   BANK2   BANK3   BANK4   BANK5   BANK6   BANK7
      Params:         0       0       0       0       0       0       0       0       0
      Locals:         1       0       0       0       0       0       0       0       0
      Temps:          0       0       0       0       0       0       0       0       0
      Totals:         1       0       0       0       0       0       0       0       0
Total ram usage:        1 bytes
 Hardware stack levels used:    1
 Hardware stack levels required when called:    1
 This function calls:
		_MSdelay
 This function is called by:
		_LCD_String
		_imprimirTemHum
 This function uses a non-reentrant model


 *************** function _LCD_Command *****************
 Defined at:
		line 54 in file "LCD_16x2.c"
 Parameters:    Size  Location     Type
  cmd             1    wreg     unsigned char 
 Auto vars:     Size  Location     Type
  cmd             1    6[COMRAM] unsigned char 
 Return value:  Size  Location     Type
                  1    wreg      void 
 Registers used:
		wreg, status,2, status,0, cstack
 Tracked objects:
		On entry : 
		On exit  : 
		Unchanged: 
 Data sizes:     COMRAM   BANK0   BANK1   BANK2   BANK3   BANK4   BANK5   BANK6   BANK7
      Params:         0       0       0       0       0       0       0       0       0
      Locals:         1       0       0       0       0       0       0       0       0
      Temps:          0       0       0       0       0       0       0       0       0
      Totals:         1       0       0       0       0       0       0       0       0
Total ram usage:        1 bytes
 Hardware stack levels used:    1
 Hardware stack levels required when called:    1
 This function calls:
		_MSdelay
 This function is called by:
		_LCD_Init
		_LCD_String_xy
		_LCD_Clear
 This function uses a non-reentrant model


 *************** function _encenderBombillas *****************
 Defined at:
		line 303 in file "Controlador.c"
 Parameters:    Size  Location     Type
		None
 Auto vars:     Size  Location     Type
  i               2  164[BANK1 ] int 
  i               2  162[BANK1 ] int 
  i               2  160[BANK1 ] int 
  i               2  158[BANK1 ] int 
  i               2  156[BANK1 ] int 
  i               2  154[BANK1 ] int 
  buffer_TX      19  135[BANK1 ] unsigned char [19]
  buffer_TX      27  108[BANK1 ] unsigned char [27]
  buffer_TX      27   81[BANK1 ] unsigned char [27]
  buffer_TX      27   54[BANK1 ] unsigned char [27]
  buffer_TX      27   27[BANK1 ] unsigned char [27]
  buffer_TX      27    0[BANK1 ] unsigned char [27]
 Return value:  Size  Location     Type
                  1    wreg      void 
 Registers used:
		wreg, fsr1l, fsr1h, fsr2l, fsr2h, status,2, status,0, cstack
 Tracked objects:
		On entry : 
		On exit  : 
		Unchanged: 
 Data sizes:     COMRAM   BANK0   BANK1   BANK2   BANK3   BANK4   BANK5   BANK6   BANK7
      Params:         0       0       0       0       0       0       0       0       0
      Locals:         0       0     166       0       0       0       0       0       0
      Temps:          0       0       0       0       0       0       0       0       0
      Totals:         0       0     166       0       0       0       0       0       0
Total ram usage:      166 bytes
 Hardware stack levels used:    1
 Hardware stack levels required when called:    1
 This function calls:
		_MSdelay
		_onLEDS
 This function is called by:
		_main
 This function uses a non-reentrant model


 *************** function _onLEDS *****************
 Defined at:
		line 239 in file "Controlador.c"
 Parameters:    Size  Location     Type
  T_Integral      1    wreg     unsigned char 
 Auto vars:     Size  Location     Type
  T_Integral      1   19[COMRAM] unsigned char 
  i               2   22[COMRAM] int 
  buffer_TX      19    0[COMRAM] unsigned char [19]
  valor           2   20[COMRAM] int 
 Return value:  Size  Location     Type
                  1    wreg      void 
 Registers used:
		wreg, fsr1l, fsr1h, fsr2l, fsr2h, status,2, status,0
 Tracked objects:
		On entry : 
		On exit  : 
		Unchanged: 
 Data sizes:     COMRAM   BANK0   BANK1   BANK2   BANK3   BANK4   BANK5   BANK6   BANK7
      Params:         0       0       0       0       0       0       0       0       0
      Locals:        24       0       0       0       0       0       0       0       0
      Temps:          0       0       0       0       0       0       0       0       0
      Totals:        24       0       0       0       0       0       0       0       0
Total ram usage:       24 bytes
 Hardware stack levels used:    1
 This function calls:
		Nothing
 This function is called by:
		_encenderBombillas
 This function uses a non-reentrant model


 *************** function _MSdelay *****************
 Defined at:
		line 105 in file "LCD_16x2.c"
 Parameters:    Size  Location     Type
  val             2    0[COMRAM] unsigned int 
 Auto vars:     Size  Location     Type
  j               2    4[COMRAM] unsigned int 
  i               2    2[COMRAM] unsigned int 
 Return value:  Size  Location     Type
                  1    wreg      void 
 Registers used:
		wreg, status,2, status,0
 Tracked objects:
		On entry : 
		On exit  : 
		Unchanged: 
 Data sizes:     COMRAM   BANK0   BANK1   BANK2   BANK3   BANK4   BANK5   BANK6   BANK7
      Params:         2       0       0       0       0       0       0       0       0
      Locals:         4       0       0       0       0       0       0       0       0
      Temps:          0       0       0       0       0       0       0       0       0
      Totals:         6       0       0       0       0       0       0       0       0
Total ram usage:        6 bytes
 Hardware stack levels used:    1
 This function calls:
		Nothing
 This function is called by:
		_LCD_Init
		_LCD_Command
		_LCD_Char
		_main
		_encenderBombillas
		_mostrarFechaHora
		_verificarHora
 This function uses a non-reentrant model


 *************** function _I2C_Init *****************
 Defined at:
		line 76 in file "./I2C_Master_File.h"
 Parameters:    Size  Location     Type
		None
 Auto vars:     Size  Location     Type
		None
 Return value:  Size  Location     Type
                  1    wreg      void 
 Registers used:
		wreg, status,2
 Tracked objects:
		On entry : 
		On exit  : 
		Unchanged: 
 Data sizes:     COMRAM   BANK0   BANK1   BANK2   BANK3   BANK4   BANK5   BANK6   BANK7
      Params:         0       0       0       0       0       0       0       0       0
      Locals:         0       0       0       0       0       0       0       0       0
      Temps:          0       0       0       0       0       0       0       0       0
      Totals:         0       0       0       0       0       0       0       0       0
Total ram usage:        0 bytes
 Hardware stack levels used:    1
 This function calls:
		Nothing
 This function is called by:
		_main
 This function uses a non-reentrant model


 *************** function _DHT11_Start *****************
 Defined at:
		line 208 in file "Controlador.c"
 Parameters:    Size  Location     Type
		None
 Auto vars:     Size  Location     Type
		None
 Return value:  Size  Location     Type
                  1    wreg      void 
 Registers used:
		wreg
 Tracked objects:
		On entry : 
		On exit  : 
		Unchanged: 
 Data sizes:     COMRAM   BANK0   BANK1   BANK2   BANK3   BANK4   BANK5   BANK6   BANK7
      Params:         0       0       0       0       0       0       0       0       0
      Locals:         0       0       0       0       0       0       0       0       0
      Temps:          1       0       0       0       0       0       0       0       0
      Totals:         1       0       0       0       0       0       0       0       0
Total ram usage:        1 bytes
 Hardware stack levels used:    1
 This function calls:
		Nothing
 This function is called by:
		_main
 This function uses a non-reentrant model


 *************** function _DHT11_ReadData *****************
 Defined at:
		line 193 in file "Controlador.c"
 Parameters:    Size  Location     Type
		None
 Auto vars:     Size  Location     Type
  data            1    1[COMRAM] unsigned char 
  i               1    0[COMRAM] unsigned char 
 Return value:  Size  Location     Type
                  1    wreg      unsigned char 
 Registers used:
		wreg, status,2, status,0
 Tracked objects:
		On entry : 
		On exit  : 
		Unchanged: 
 Data sizes:     COMRAM   BANK0   BANK1   BANK2   BANK3   BANK4   BANK5   BANK6   BANK7
      Params:         0       0       0       0       0       0       0       0       0
      Locals:         2       0       0       0       0       0       0       0       0
      Temps:          0       0       0       0       0       0       0       0       0
      Totals:         2       0       0       0       0       0       0       0       0
Total ram usage:        2 bytes
 Hardware stack levels used:    1
 This function calls:
		Nothing
 This function is called by:
		_main
 This function uses a non-reentrant model


 *************** function _DHT11_CheckResponse *****************
 Defined at:
		line 218 in file "Controlador.c"
 Parameters:    Size  Location     Type
		None
 Auto vars:     Size  Location     Type
		None
 Return value:  Size  Location     Type
                  1    wreg      void 
 Registers used:
		None
 Tracked objects:
		On entry : 
		On exit  : 
		Unchanged: 
 Data sizes:     COMRAM   BANK0   BANK1   BANK2   BANK3   BANK4   BANK5   BANK6   BANK7
      Params:         0       0       0       0       0       0       0       0       0
      Locals:         0       0       0       0       0       0       0       0       0
      Temps:          0       0       0       0       0       0       0       0       0
      Totals:         0       0       0       0       0       0       0       0       0
Total ram usage:        0 bytes
 Hardware stack levels used:    1
 This function calls:
		Nothing
 This function is called by:
		_main
 This function uses a non-reentrant model



MODULE INFORMATION

Module		Function		Class		Link	Load	Size
Controlador.c
		_mostrarFechaHora		CODE           	0BFC	0000	806
		_onLEDS        		CODE           	1E1A	0000	208
		_imprimirTemHum		CODE           	1C66	0000	228
		_main          		CODE           	1778	0000	514
		_verificarHora 		CODE           	22AC	0000	94
		_DHT11_Start   		CODE           	2816	0000	32
		_DHT11_CheckResponse		CODE           	27C8	0000	44
		_encenderBombillas		CODE           	0862	0000	922
		_offBombillas  		CODE           	2186	0000	100
		_RTC_Read_Clock		CODE           	2518	0000	70
		_RTC_Read_Calendar		CODE           	2422	0000	90
		_offLEDS       		CODE           	224C	0000	96
		_DHT11_ReadData		CODE           	23C6	0000	92

Controlador.c estimated size: 3296

C:\Program Files\Microchip\xc8\v2.31\pic\sources\c99\common\putch.c
		_putch         		CODE           	28E0	0000	2

C:\Program Files\Microchip\xc8\v2.31\pic\sources\c99\common\putch.c estimated size: 2

C:\Program Files\Microchip\xc8\v2.31\pic\sources\c99\common\nf_fputs.c
		_fputs         		CODE           	255E	0000	68

C:\Program Files\Microchip\xc8\v2.31\pic\sources\c99\common\nf_fputs.c estimated size: 68

C:\Program Files\Microchip\xc8\v2.31\pic\sources\c99\common\aomod.c
		___aomod       		CODE           	1B02	0000	356

C:\Program Files\Microchip\xc8\v2.31\pic\sources\c99\common\aomod.c estimated size: 356

./I2C_Master_File.h
		_I2C_Write     		CODE           	27F4	0000	34
		_I2C_Stop      		CODE           	2888	0000	20
		_I2C_Read      		CODE           	265E	0000	58
		_I2C_Ready     		CODE           	28C4	0000	18
		_I2C_Init      		CODE           	286E	0000	26
		_I2C_Repeated_Start		CODE           	276C	0000	46
		_I2C_Ack       		CODE           	28B0	0000	20
		_I2C_Nack      		CODE           	289C	0000	20
		_I2C_Start     		CODE           	273E	0000	46

./I2C_Master_File.h estimated size: 288

C:\Program Files\Microchip\xc8\v2.31\pic\sources\c99\common\abs.c
		_abs           		CODE           	25A2	0000	64

C:\Program Files\Microchip\xc8\v2.31\pic\sources\c99\common\abs.c estimated size: 64

C:\Program Files\Microchip\xc8\v2.31\pic\sources\c99\common\strlen.c
		_strlen        		CODE           	2708	0000	54

C:\Program Files\Microchip\xc8\v2.31\pic\sources\c99\common\strlen.c estimated size: 54

C:\Program Files\Microchip\xc8\v2.31\pic\sources\c99\common\isupper.c
		_isupper       		CODE           	26D0	0000	56

C:\Program Files\Microchip\xc8\v2.31\pic\sources\c99\common\isupper.c estimated size: 56

LCD_16x2.c
		_LCD_String    		CODE           	2368	0000	94
		_LCD_Init      		CODE           	279A	0000	46
		_LCD_Command   		CODE           	2852	0000	28
		_LCD_String_xy 		CODE           	25E2	0000	64
		_LCD_Char      		CODE           	2836	0000	28
		_MSdelay       		CODE           	24CE	0000	74

LCD_16x2.c estimated size: 334

C:\Program Files\Microchip\xc8\v2.31\pic\sources\c99\common\aodiv.c
		___aodiv       		CODE           	197A	0000	392

C:\Program Files\Microchip\xc8\v2.31\pic\sources\c99\common\aodiv.c estimated size: 392

C:\Program Files\Microchip\xc8\v2.31\pic\sources\c99\common\nf_fputc.c
		_fputc         		CODE           	1EEA	0000	202

C:\Program Files\Microchip\xc8\v2.31\pic\sources\c99\common\nf_fputc.c estimated size: 202

shared
		__initialization		CODE           	207A	0000	156

shared estimated size: 156

C:\Program Files\Microchip\xc8\v2.31\pic\sources\c99\common\islower.c
		_islower       		CODE           	2698	0000	56

C:\Program Files\Microchip\xc8\v2.31\pic\sources\c99\common\islower.c estimated size: 56

C:\Program Files\Microchip\xc8\v2.31\pic\sources\c99\common\doprnt.c
		_vfpfcnvrt     		CODE           	14E0	0000	664
		_pad           		CODE           	1FB4	0000	198
		_dtoa          		CODE           	0F22	0000	740
		_vfprintf      		CODE           	21EA	0000	98
		_xtoa          		CODE           	1206	0000	730

C:\Program Files\Microchip\xc8\v2.31\pic\sources\c99\common\doprnt.c estimated size: 2430

C:\Program Files\Microchip\xc8\v2.31\pic\sources\c99\common\nf_sprintf.c
		_sprintf       		CODE           	247C	0000	82

C:\Program Files\Microchip\xc8\v2.31\pic\sources\c99\common\nf_sprintf.c estimated size: 82

C:\Program Files\Microchip\xc8\v2.31\pic\sources\c99\common\toupper.c
		_toupper       		CODE           	230A	0000	94

C:\Program Files\Microchip\xc8\v2.31\pic\sources\c99\common\toupper.c estimated size: 94

C:\Program Files\Microchip\xc8\v2.31\pic\sources\c99\common\isalpha.c
		_isalpha       		CODE           	2622	0000	60

C:\Program Files\Microchip\xc8\v2.31\pic\sources\c99\common\isalpha.c estimated size: 60

