Microchip MPLAB XC8 Compiler V2.31

Linker command line:

-W-3 --edf=C:\Program Files\Microchip\xc8\v2.31\pic\dat\en_msgs.txt -cn \
  -h+dist/default/production\PollosBig.production.sym \
  --cmf=dist/default/production\PollosBig.production.cmf -z -Q18F4550 \
  -oC:\Users\Mari\AppData\Local\Temp\sai4.2 --defsym=__MPLAB_BUILD=1 \
  -Mdist/default/production/PollosBig.production.map -E1 -ver=XC8 Compiler \
  --acfsm=1493 -ASTACK=0365h-07FFh -pstack=STACK -ACODE=00h-07FFFh \
  -ACONST=00h-07FFFh -ASMALLCONST=0800h-08FFhx120 \
  -AMEDIUMCONST=0800h-07FFFh -ACOMRAM=01h-05Fh -AABS1=00h-07FFh \
  -ABIGRAM=01h-07FFh -ARAM=060h-0FFh,0100h-01FFhx7 -ABANK0=060h-0FFh \
  -ABANK1=0100h-01FFh -ABANK2=0200h-02FFh -ABANK3=0300h-03FFh \
  -ABANK4=0400h-04FFh -ABANK5=0500h-05FFh -ABANK6=0600h-06FFh \
  -ABANK7=0700h-07FFh -ASFR=0F60h-0FFFh -ACONFIG=0300000h-030000Dh \
  -AIDLOC=0200000h-0200007h -AEEDATA=0F00000h-0F000FFh -peeprom_data=EEDATA \
  -preset_vec=00h,intcode,intcodelo,powerup,init -pramtop=0800h \
  -psmallconst=SMALLCONST -pmediumconst=MEDIUMCONST -pconst=CONST \
  -AFARRAM=00h-00h \
  -prdata=COMRAM,nvrram=COMRAM,nvbit=COMRAM,rbss=COMRAM,rbit=COMRAM \
  -pfarbss=FARRAM,fardata=FARRAM,nvFARRAM=FARRAM \
  -pintsave_regs=BIGRAM,bigbss=BIGRAM,bigdata=BIGRAM -pbss=RAM \
  -pidata=CODE,irdata=CODE,ibigdata=CODE,ifardata=CODE -prparam=COMRAM \
  C:\Users\Mari\AppData\Local\Temp\sai4.o \
  dist/default/production\PollosBig.production.o 

Object code version is 3.11

Machine type is 18F4550



                Name                               Link     Load   Length Selector   Space Scale
C:\Users\Mari\AppData\Local\Temp\sai4.o
                idloc                            200000   200000        8        0       5
                config                           300000   300000        E        0       4
                init                                  0        0        4        0       0
dist/default/production\PollosBig.production.o
                idloc                            200000   200000        8        0       5
                config                           300000   300000        E        0       4
                smallconst                          800      800       58      400       0
                text45                             28C4     28C4       2C     111D       0
                text44                             247A     247A       5C     111D       0
                text43                             2912     2912       20     111D       0
                text42                             296A     296A       1A     111D       0
                text41                             2582     2582       4A     111D       0
                text40                             294E     294E       1C     111D       0
                text39                             2932     2932       1C     111D       0
                text38                             25CC     25CC       48     111D       0
                text37                             1ECE     1ECE       D0      42C       0
                text36                              858      858      458      42C       0
                text35                             241C     241C       5E     111D       0
                text34                             26DE     26DE       40     111D       0
                text33                             1A2E     1A2E      188      42C       0
                text32                             1BB6     1BB6      164      42C       0
                text31                             269E     269E       40     111D       0
                text30                             29E4     29E4        2     14F2       0
                text29                             1F9E     1F9E       CA      42C       0
                text28                             265A     265A       44     111D       0
                text27                             2804     2804       36     111D       0
                text26                             2068     2068       C6      42C       0
                text25                              FD6      FD6      2E4      42C       0
                text24                             271E     271E       3C     111D       0
                text23                             27CC     27CC       38     111D       0
                text22                             2794     2794       38     111D       0
                text21                             23BE     23BE       5E     111D       0
                text20                             12BA     12BA      2DA      42C       0
                text19                             1594     1594      298      42C       0
                text18                             229E     229E       62     111D       0
                text17                             2530     2530       52     111D       0
                text16                             1D1A     1D1A       E4      42C       0
                text15                             2896     2896       2E     111D       0
                text14                             29AC     29AC       14     111D       0
                text13                             2998     2998       14     111D       0
                text12                             29C0     29C0       12     111D       0
                text11                             275A     275A       3A     111D       0
                text10                             28F0     28F0       22     111D       0
                text9                              2868     2868       2E     111D       0
                text8                              283A     283A       2E     111D       0
                text7                              2984     2984       14     111D       0
                text6                              24D6     24D6       5A     111D       0
                text5                              2614     2614       46     111D       0
                text4                               CB0      CB0      326      42C       0
                text3                              223A     223A       64     111D       0
                text2                              2300     2300       60     111D       0
                text1                              2360     2360       5E     111D       0
                text0                              182C     182C      202      42C       0
                cstackCOMRAM                          1        1       5F        1       1
                cstackBANK0                          60       60       82       60       1
                cstackBANK1                         100      100       A7      100       1
                dataBANK3                           300      300       65      300       1
                dataBANK2                           200      200       D0      200       1
                bssBANK2                            2D0      2D0       20      200       1
                dataBANK1                           1F1      1F1        F      100       1
                bssBANK1                            1A7      1A7       4A      100       1
                dataBANK0                            FE       FE        2       60       1
                bssBANK0                             E2       E2       1C       60       1
                cinit                              212E     212E       A6      42C       0
                idataBANK3                         21D4     21D4       65      42C       0
                idataBANK2                         1DFE     1DFE       D0      42C       0
                idataBANK1                         29D2     29D2        F     111D       0
                idataBANK0                         29E1     29E1        2     111D       0

TOTAL           Name                               Link     Load   Length     Space
        CLASS   STACK          

        CLASS   CODE           
                init                                  0        0        4         0
                text45                             28C4     28C4       2C         0
                text44                             247A     247A       5C         0
                text43                             2912     2912       20         0
                text42                             296A     296A       1A         0
                text41                             2582     2582       4A         0
                text40                             294E     294E       1C         0
                text39                             2932     2932       1C         0
                text38                             25CC     25CC       48         0
                text37                             1ECE     1ECE       D0         0
                text36                              858      858      458         0
                text35                             241C     241C       5E         0
                text34                             26DE     26DE       40         0
                text33                             1A2E     1A2E      188         0
                text32                             1BB6     1BB6      164         0
                text31                             269E     269E       40         0
                text30                             29E4     29E4        2         0
                text29                             1F9E     1F9E       CA         0
                text28                             265A     265A       44         0
                text27                             2804     2804       36         0
                text26                             2068     2068       C6         0
                text25                              FD6      FD6      2E4         0
                text24                             271E     271E       3C         0
                text23                             27CC     27CC       38         0
                text22                             2794     2794       38         0
                text21                             23BE     23BE       5E         0
                text20                             12BA     12BA      2DA         0
                text19                             1594     1594      298         0
                text18                             229E     229E       62         0
                text17                             2530     2530       52         0
                text16                             1D1A     1D1A       E4         0
                text15                             2896     2896       2E         0
                text14                             29AC     29AC       14         0
                text13                             2998     2998       14         0
                text12                             29C0     29C0       12         0
                text11                             275A     275A       3A         0
                text10                             28F0     28F0       22         0
                text9                              2868     2868       2E         0
                text8                              283A     283A       2E         0
                text7                              2984     2984       14         0
                text6                              24D6     24D6       5A         0
                text5                              2614     2614       46         0
                text4                               CB0      CB0      326         0
                text3                              223A     223A       64         0
                text2                              2300     2300       60         0
                text1                              2360     2360       5E         0
                text0                              182C     182C      202         0
                cinit                              212E     212E       A6         0
                idataBANK3                         21D4     21D4       65         0
                idataBANK2                         1DFE     1DFE       D0         0
                idataBANK1                         29D2     29D2        F         0
                idataBANK0                         29E1     29E1        2         0

        CLASS   CONST          

        CLASS   SMALLCONST     
                smallconst                          800      800       58         0

        CLASS   MEDIUMCONST    

        CLASS   COMRAM         
                cstackCOMRAM                          1        1       5F         1

        CLASS   ABS1           

        CLASS   BIGRAM         

        CLASS   RAM            

        CLASS   BANK0          
                cstackBANK0                          60       60       82         1
                dataBANK0                            FE       FE        2         1
                bssBANK0                             E2       E2       1C         1

        CLASS   BANK1          
                cstackBANK1                         100      100       A7         1
                dataBANK1                           1F1      1F1        F         1
                bssBANK1                            1A7      1A7       4A         1

        CLASS   BANK2          
                dataBANK2                           200      200       D0         1
                bssBANK2                            2D0      2D0       20         1

        CLASS   BANK3          
                dataBANK3                           300      300       65         1

        CLASS   BANK4          

        CLASS   BANK5          

        CLASS   BANK6          

        CLASS   BANK7          

        CLASS   SFR            

        CLASS   CONFIG         
                config                           300000   300000        E         4

        CLASS   IDLOC          
                idloc                            200000   200000        8         5

        CLASS   EEDATA         

        CLASS   FARRAM         



SEGMENTS        Name                           Load    Length   Top    Selector   Space  Class

                reset_vec                      000000  000004  000004         0       0  CODE    
                cstackCOMRAM                   000001  00005F  000060         1       1  COMRAM  
                cstackBANK0                    000060  0000A0  000100        60       1  BANK0   
                cstackBANK1                    000100  000100  000200       100       1  BANK1   
                dataBANK2                      000200  0000F0  0002F0       200       1  BANK2   
                dataBANK3                      000300  000065  000365       300       1  BANK3   
                smallconst                     000800  000058  000858       400       0  SMALLCON
                text36                         000858  0019E1  002239       42C       0  CODE    
                text3                          00223A  0007A9  0029E3      111D       0  CODE    
                text30                         0029E4  000002  0029E6      14F2       0  CODE    


UNUSED ADDRESS RANGES

        Name                Unused          Largest block    Delta
        BANK2            0002F0-0002FF               10
        BANK3            000365-0003FF               9B
        BANK4            000400-0004FF              100
        BANK5            000500-0005FF              100
        BANK6            000600-0006FF              100
        BANK7            000700-0007FF              100
        BIGRAM           0002F0-0002FF               10
                         000365-0007FF              49B
        CODE             000004-0007FF              7FC
                         002239-002239                1
                         0029E3-0029E3                1
                         0029E6-007FFF             561A
        CONST            000004-0007FF              7FC
                         002239-002239                1
                         0029E3-0029E3                1
                         0029E6-007FFF             561A
        EEDATA           F00000-F000FF              100
        MEDIUMCONST      002239-002239                1
                         0029E3-0029E3                1
                         0029E6-007FFF             561A
        RAM              0002F0-0002FF               10
                         000365-0007FF              100
        SFR              000F60-000FFF               A0
        SMALLCONST       002239-002239                1
                         0029E3-0029E3                1
                         0029E6-007FFF              100
        STACK            000365-0007FF              49B

                                  Symbol Table

?___aodiv                               cstackCOMRAM 000001
?___aomod                               cstackCOMRAM 000001
?_abs                                   cstackCOMRAM 000013
?_dtoa                                  cstackCOMRAM 00001C
?_isalpha                               cstackCOMRAM 000001
?_islower                               cstackCOMRAM 000001
?_isupper                               cstackCOMRAM 000001
?_pad                                   cstackCOMRAM 000011
?_sprintf                               cstackBANK0  000066
?_strlen                                cstackCOMRAM 000001
?_toupper                               cstackCOMRAM 000007
?_vfpfcnvrt                             cstackCOMRAM 000043
?_vfprintf                              cstackBANK0  000060
?_xtoa                                  cstackCOMRAM 00001C
DHT11_ReadData@data                     cstackCOMRAM 000002
DHT11_ReadData@i                        cstackCOMRAM 000001
I2C_Read@buffer                         cstackCOMRAM 000002
I2C_Read@flag                           cstackCOMRAM 000001
I2C_Repeated_Start@slave_read_address   cstackCOMRAM 000002
I2C_Start@slave_write_address           cstackCOMRAM 000002
I2C_Write@data                          cstackCOMRAM 000001
LCD_Char@dat                            cstackCOMRAM 000007
LCD_Command@cmd                         cstackCOMRAM 000007
LCD_Custom_Char@i                       cstackCOMRAM 00000B
LCD_Custom_Char@loc                     cstackCOMRAM 00000A
LCD_Custom_Char@msg                     cstackCOMRAM 000008
LCD_String@msg                          cstackCOMRAM 000008
LCD_String_xy@location                  cstackCOMRAM 00000E
LCD_String_xy@msg                       cstackCOMRAM 00000B
LCD_String_xy@pos                       cstackCOMRAM 00000A
LCD_String_xy@row                       cstackCOMRAM 00000D
MSdelay@i                               cstackCOMRAM 000003
MSdelay@j                               cstackCOMRAM 000005
MSdelay@val                             cstackCOMRAM 000001
RTC_Read_Calendar@read_calendar_address cstackCOMRAM 000004
RTC_Read_Clock@read_clock_address       cstackCOMRAM 000004
_ACKDT                                  (abs)        007E2D
_ACKEN                                  (abs)        007E2C
_ACKSTAT                                (abs)        007E2E
_ADCON1                                 (abs)        000FC1
_AM_PM                                  dataBANK0    0000FE
_BAUDCONbits                            (abs)        000FB8
_Clock_type                             dataBANK0    0000FF
_DHT11_CheckResponse                    text45       0028C4
_DHT11_ReadData                         text44       00247A
_DHT11_Start                            text43       002912
_Date                                   bssBANK0     0000EC
_Day                                    bssBANK0     0000EE
_I2C_Ack                                text14       0029AC
_I2C_Init                               text42       00296A
_I2C_Nack                               text13       002998
_I2C_Read                               text11       00275A
_I2C_Ready                              text12       0029C0
_I2C_Repeated_Start                     text9        002868
_I2C_Start                              text8        00283A
_I2C_Stop                               text7        002984
_I2C_Write                              text10       0028F0
_LATC0                                  (abs)        007C58
_LATC1                                  (abs)        007C59
_LATC2                                  (abs)        007C5A
_LATD                                   (abs)        000F8C
_LCD_Char                               text40       00294E
_LCD_Command                            text39       002932
_LCD_Custom_Char                        text38       0025CC
_LCD_Init                               text15       002896
_LCD_String                             text35       00241C
_LCD_String_xy                          text34       0026DE
_MSdelay                                text41       002582
_Month                                  bssBANK0     0000EA
_OSCCON                                 (abs)        000FD3
_PEN                                    (abs)        007E2A
_PORTAbits                              (abs)        000F80
_PORTCbits                              (abs)        000F82
_RCEN                                   (abs)        007E2B
_RCSTAbits                              (abs)        000FAB
_RSEN                                   (abs)        007E29
_RTC_Read_Calendar                      text6        0024D6
_RTC_Read_Clock                         text5        002614
_SPBRG                                  (abs)        000FAF
_SSPADD                                 (abs)        000FC8
_SSPBUF                                 (abs)        000FC9
_SSPCON1                                (abs)        000FC6
_SSPCON2                                (abs)        000FC5
_SSPCON2bits                            (abs)        000FC5
_SSPIE                                  (abs)        007CEB
_SSPIF                                  (abs)        007CF3
_SSPSTAT                                (abs)        000FC7
_SSPSTATbits                            (abs)        000FC7
_TRISA                                  (abs)        000F92
_TRISB0                                 (abs)        007C98
_TRISB1                                 (abs)        007C99
_TRISC                                  (abs)        000F94
_TRISCbits                              (abs)        000F94
_TRISD                                  (abs)        000F95
_TXREG                                  (abs)        000FAD
_TXSTAbits                              (abs)        000FAC
_Year                                   bssBANK0     0000E8
__HRAM                                  (abs)        000000
__Habs1                                 abs1         000000
__Hbank0                                bank0        000000
__Hbank1                                bank1        000000
__Hbank2                                bank2        000000
__Hbank3                                bank3        000000
__Hbank4                                bank4        000000
__Hbank5                                bank5        000000
__Hbank6                                bank6        000000
__Hbank7                                bank7        000000
__Hbigbss                               bigbss       000000
__Hbigdata                              bigdata      000000
__Hbigram                               bigram       000000
__Hbss                                  bss          000000
__HbssBANK0                             bssBANK0     000000
__HbssBANK1                             bssBANK1     000000
__HbssBANK2                             bssBANK2     000000
__Hcinit                                cinit        000000
__Hclrtext                              clrtext      000000
__Hcomram                               comram       000000
__Hconfig                               config       30000E
__Hconst                                const        000000
__HcstackBANK0                          cstackBANK0  000000
__HcstackBANK1                          cstackBANK1  000000
__HcstackCOMRAM                         cstackCOMRAM 000000
__Hdata                                 data         000000
__HdataBANK0                            dataBANK0    000000
__HdataBANK1                            dataBANK1    000000
__HdataBANK2                            dataBANK2    000000
__HdataBANK3                            dataBANK3    000000
__Heeprom_data                          eeprom_data  000000
__Hfarbss                               farbss       000000
__Hfardata                              fardata      000000
__Hibigdata                             ibigdata     000000
__Hidata                                idata        000000
__HidataBANK0                           idataBANK0   000000
__HidataBANK1                           idataBANK1   000000
__HidataBANK2                           idataBANK2   000000
__HidataBANK3                           idataBANK3   000000
__Hidloc                                idloc        200008
__Hifardata                             ifardata     000000
__Hinit                                 init         000004
__Hintcode                              intcode      000000
__Hintcode_body                         intcode_body 000000
__Hintcodelo                            intcodelo    000000
__Hintentry                             intentry     000000
__Hintret                               intret       000000
__Hintsave_regs                         intsave_regs 000000
__Hirdata                               irdata       000000
__Hmediumconst                          mediumconst  000000
__HnvFARRAM                             nvFARRAM     000000
__Hnvbit                                nvbit        000000
__Hnvrram                               nvrram       000000
__Hparam                                rparam       000000
__Hpowerup                              powerup      000000
__Hram                                  ram          000000
__Hramtop                               ramtop       000800
__Hrbit                                 rbit         000000
__Hrbss                                 rbss         000000
__Hrdata                                rdata        000000
__Hreset_vec                            reset_vec    000000
__Hrparam                               rparam       000000
__Hsfr                                  sfr          000000
__Hsmallconst                           smallconst   000858
__Hspace_0                              (abs)        0029E6
__Hspace_1                              (abs)        000365
__Hspace_2                              (abs)        000000
__Hspace_4                              (abs)        60000E
__Hstack                                stack        000000
__Hstruct                               struct       000000
__Htemp                                 temp         000000
__Htext                                 text         000000
__Htext0                                text0        000000
__Htext1                                text1        000000
__Htext10                               text10       000000
__Htext11                               text11       000000
__Htext12                               text12       000000
__Htext13                               text13       000000
__Htext14                               text14       000000
__Htext15                               text15       000000
__Htext16                               text16       000000
__Htext17                               text17       000000
__Htext18                               text18       000000
__Htext19                               text19       000000
__Htext2                                text2        000000
__Htext20                               text20       000000
__Htext21                               text21       000000
__Htext22                               text22       000000
__Htext23                               text23       000000
__Htext24                               text24       000000
__Htext25                               text25       000000
__Htext26                               text26       000000
__Htext27                               text27       000000
__Htext28                               text28       000000
__Htext29                               text29       000000
__Htext3                                text3        000000
__Htext30                               text30       000000
__Htext31                               text31       000000
__Htext32                               text32       000000
__Htext33                               text33       000000
__Htext34                               text34       000000
__Htext35                               text35       000000
__Htext36                               text36       000000
__Htext37                               text37       000000
__Htext38                               text38       000000
__Htext39                               text39       000000
__Htext4                                text4        000000
__Htext40                               text40       000000
__Htext41                               text41       000000
__Htext42                               text42       000000
__Htext43                               text43       000000
__Htext44                               text44       000000
__Htext45                               text45       000000
__Htext5                                text5        000000
__Htext6                                text6        000000
__Htext7                                text7        000000
__Htext8                                text8        000000
__Htext9                                text9        000000
__LRAM                                  (abs)        000001
__Labs1                                 abs1         000000
__Lbank0                                bank0        000000
__Lbank1                                bank1        000000
__Lbank2                                bank2        000000
__Lbank3                                bank3        000000
__Lbank4                                bank4        000000
__Lbank5                                bank5        000000
__Lbank6                                bank6        000000
__Lbank7                                bank7        000000
__Lbigbss                               bigbss       000000
__Lbigdata                              bigdata      000000
__Lbigram                               bigram       000000
__Lbss                                  bss          000000
__LbssBANK0                             bssBANK0     000000
__LbssBANK1                             bssBANK1     000000
__LbssBANK2                             bssBANK2     000000
__Lcinit                                cinit        000000
__Lclrtext                              clrtext      000000
__Lcomram                               comram       000000
__Lconfig                               config       000000
__Lconst                                const        000000
__LcstackBANK0                          cstackBANK0  000000
__LcstackBANK1                          cstackBANK1  000000
__LcstackCOMRAM                         cstackCOMRAM 000000
__Ldata                                 data         000000
__LdataBANK0                            dataBANK0    000000
__LdataBANK1                            dataBANK1    000000
__LdataBANK2                            dataBANK2    000000
__LdataBANK3                            dataBANK3    000000
__Leeprom_data                          eeprom_data  000000
__Lfarbss                               farbss       000000
__Lfardata                              fardata      000000
__Libigdata                             ibigdata     000000
__Lidata                                idata        000000
__LidataBANK0                           idataBANK0   000000
__LidataBANK1                           idataBANK1   000000
__LidataBANK2                           idataBANK2   000000
__LidataBANK3                           idataBANK3   000000
__Lidloc                                idloc        000000
__Lifardata                             ifardata     000000
__Linit                                 init         000000
__Lintcode                              intcode      000000
__Lintcode_body                         intcode_body 000000
__Lintcodelo                            intcodelo    000000
__Lintentry                             intentry     000000
__Lintret                               intret       000000
__Lintsave_regs                         intsave_regs 000000
__Lirdata                               irdata       000000
__Lmediumconst                          mediumconst  000000
__LnvFARRAM                             nvFARRAM     000000
__Lnvbit                                nvbit        000000
__Lnvrram                               nvrram       000000
__Lparam                                rparam       000000
__Lpowerup                              powerup      000000
__Lram                                  ram          000000
__Lramtop                               ramtop       000800
__Lrbit                                 rbit         000000
__Lrbss                                 rbss         000000
__Lrdata                                rdata        000000
__Lreset_vec                            reset_vec    000000
__Lrparam                               rparam       000000
__Lsfr                                  sfr          000000
__Lsmallconst                           smallconst   000800
__Lspace_0                              (abs)        000000
__Lspace_1                              (abs)        000000
__Lspace_2                              (abs)        000000
__Lspace_4                              (abs)        000000
__Lstack                                stack        000000
__Lstruct                               struct       000000
__Ltemp                                 temp         000000
__Ltext                                 text         000000
__Ltext0                                text0        000000
__Ltext1                                text1        000000
__Ltext10                               text10       000000
__Ltext11                               text11       000000
__Ltext12                               text12       000000
__Ltext13                               text13       000000
__Ltext14                               text14       000000
__Ltext15                               text15       000000
__Ltext16                               text16       000000
__Ltext17                               text17       000000
__Ltext18                               text18       000000
__Ltext19                               text19       000000
__Ltext2                                text2        000000
__Ltext20                               text20       000000
__Ltext21                               text21       000000
__Ltext22                               text22       000000
__Ltext23                               text23       000000
__Ltext24                               text24       000000
__Ltext25                               text25       000000
__Ltext26                               text26       000000
__Ltext27                               text27       000000
__Ltext28                               text28       000000
__Ltext29                               text29       000000
__Ltext3                                text3        000000
__Ltext30                               text30       000000
__Ltext31                               text31       000000
__Ltext32                               text32       000000
__Ltext33                               text33       000000
__Ltext34                               text34       000000
__Ltext35                               text35       000000
__Ltext36                               text36       000000
__Ltext37                               text37       000000
__Ltext38                               text38       000000
__Ltext39                               text39       000000
__Ltext4                                text4        000000
__Ltext40                               text40       000000
__Ltext41                               text41       000000
__Ltext42                               text42       000000
__Ltext43                               text43       000000
__Ltext44                               text44       000000
__Ltext45                               text45       000000
__Ltext5                                text5        000000
__Ltext6                                text6        000000
__Ltext7                                text7        000000
__Ltext8                                text8        000000
__Ltext9                                text9        000000
__S0                                    (abs)        0029E6
__S1                                    (abs)        000365
__S2                                    (abs)        000000
__S4                                    (abs)        000000
__S5                                    (abs)        000000
___aodiv                                text33       001A2E
___aodiv@counter                        cstackCOMRAM 000011
___aodiv@dividend                       cstackCOMRAM 000001
___aodiv@divisor                        cstackCOMRAM 000009
___aodiv@quotient                       cstackCOMRAM 000013
___aodiv@sign                           cstackCOMRAM 000012
___aomod                                text32       001BB6
___aomod@counter                        cstackCOMRAM 000011
___aomod@dividend                       cstackCOMRAM 000001
___aomod@divisor                        cstackCOMRAM 000009
___aomod@sign                           cstackCOMRAM 000012
___inthi_sp                             stack        000000
___intlo_sp                             stack        000000
___param_bank                           (abs)        000000
___rparam_used                          (abs)        000001
___sp                                   stack        000000
__accesstop                             (abs)        000060
__activetblptr                          (abs)        000002
__end_of_DHT11_CheckResponse            text45       0028F0
__end_of_DHT11_ReadData                 text44       0024D6
__end_of_DHT11_Start                    text43       002932
__end_of_I2C_Ack                        text14       0029C0
__end_of_I2C_Init                       text42       002984
__end_of_I2C_Nack                       text13       0029AC
__end_of_I2C_Read                       text11       002794
__end_of_I2C_Ready                      text12       0029D2
__end_of_I2C_Repeated_Start             text9        002896
__end_of_I2C_Start                      text8        002868
__end_of_I2C_Stop                       text7        002998
__end_of_I2C_Write                      text10       002912
__end_of_LCD_Char                       text40       00296A
__end_of_LCD_Command                    text39       00294E
__end_of_LCD_Custom_Char                text38       002614
__end_of_LCD_Init                       text15       0028C4
__end_of_LCD_String                     text35       00247A
__end_of_LCD_String_xy                  text34       00271E
__end_of_MSdelay                        text41       0025CC
__end_of_RTC_Read_Calendar              text6        002530
__end_of_RTC_Read_Clock                 text5        00265A
__end_of___aodiv                        text33       001BB6
__end_of___aomod                        text32       001D1A
__end_of__initialization                cinit        0021CA
__end_of_abs                            text31       0026DE
__end_of_dtoa                           text25       0012BA
__end_of_encenderBombillas              text36       000CB0
__end_of_fputc                          text29       002068
__end_of_fputs                          text28       00269E
__end_of_imprimirTemHum                 text16       001DFE
__end_of_isalpha                        text24       00275A
__end_of_islower                        text22       0027CC
__end_of_isupper                        text23       002804
__end_of_main                           text0        001A2E
__end_of_mostrarFechaHora               text4        000FD6
__end_of_offBombillas                   text3        00229E
__end_of_offLEDS                        text2        002360
__end_of_onLEDS                         text37       001F9E
__end_of_pad                            text26       00212E
__end_of_putch                          text30       0029E6
__end_of_sprintf                        text17       002582
__end_of_strlen                         text27       00283A
__end_of_toupper                        text21       00241C
__end_of_verificarHora                  text1        0023BE
__end_of_vfpfcnvrt                      text19       00182C
__end_of_vfprintf                       text18       002300
__end_of_xtoa                           text20       001594
__initialization                        cinit        00212E
__mediumconst                           mediumconst  000000
__pbssBANK0                             bssBANK0     0000E2
__pbssBANK1                             bssBANK1     0001A7
__pbssBANK2                             bssBANK2     0002D0
__pcinit                                cinit        00212E
__pcstackBANK0                          cstackBANK0  000060
__pcstackBANK1                          cstackBANK1  000100
__pcstackCOMRAM                         cstackCOMRAM 000001
__pdataBANK0                            dataBANK0    0000FE
__pdataBANK1                            dataBANK1    0001F1
__pdataBANK2                            dataBANK2    000200
__pdataBANK3                            dataBANK3    000300
__pidataBANK0                           idataBANK0   0029E1
__pidataBANK1                           idataBANK1   0029D2
__pidataBANK2                           idataBANK2   001DFE
__pidataBANK3                           idataBANK3   0021D4
__psmallconst                           smallconst   000800
__ptext0                                text0        00182C
__ptext1                                text1        002360
__ptext10                               text10       0028F0
__ptext11                               text11       00275A
__ptext12                               text12       0029C0
__ptext13                               text13       002998
__ptext14                               text14       0029AC
__ptext15                               text15       002896
__ptext16                               text16       001D1A
__ptext17                               text17       002530
__ptext18                               text18       00229E
__ptext19                               text19       001594
__ptext2                                text2        002300
__ptext20                               text20       0012BA
__ptext21                               text21       0023BE
__ptext22                               text22       002794
__ptext23                               text23       0027CC
__ptext24                               text24       00271E
__ptext25                               text25       000FD6
__ptext26                               text26       002068
__ptext27                               text27       002804
__ptext28                               text28       00265A
__ptext29                               text29       001F9E
__ptext3                                text3        00223A
__ptext30                               text30       0029E4
__ptext31                               text31       00269E
__ptext32                               text32       001BB6
__ptext33                               text33       001A2E
__ptext34                               text34       0026DE
__ptext35                               text35       00241C
__ptext36                               text36       000858
__ptext37                               text37       001ECE
__ptext38                               text38       0025CC
__ptext39                               text39       002932
__ptext4                                text4        000CB0
__ptext40                               text40       00294E
__ptext41                               text41       002582
__ptext42                               text42       00296A
__ptext43                               text43       002912
__ptext44                               text44       00247A
__ptext45                               text45       0028C4
__ptext5                                text5        002614
__ptext6                                text6        0024D6
__ptext7                                text7        002984
__ptext8                                text8        00283A
__ptext9                                text9        002868
__ramtop                                ramtop       000800
__size_of_DHT11_CheckResponse           (abs)        000000
__size_of_DHT11_ReadData                (abs)        000000
__size_of_DHT11_Start                   (abs)        000000
__size_of_I2C_Ack                       (abs)        000000
__size_of_I2C_Init                      (abs)        000000
__size_of_I2C_Nack                      (abs)        000000
__size_of_I2C_Read                      (abs)        000000
__size_of_I2C_Ready                     (abs)        000000
__size_of_I2C_Repeated_Start            (abs)        000000
__size_of_I2C_Start                     (abs)        000000
__size_of_I2C_Stop                      (abs)        000000
__size_of_I2C_Write                     (abs)        000000
__size_of_LCD_Char                      (abs)        000000
__size_of_LCD_Command                   (abs)        000000
__size_of_LCD_Custom_Char               (abs)        000000
__size_of_LCD_Init                      (abs)        000000
__size_of_LCD_String                    (abs)        000000
__size_of_LCD_String_xy                 (abs)        000000
__size_of_MSdelay                       (abs)        000000
__size_of_RTC_Read_Calendar             (abs)        000000
__size_of_RTC_Read_Clock                (abs)        000000
__size_of___aodiv                       (abs)        000000
__size_of___aomod                       (abs)        000000
__size_of_abs                           (abs)        000000
__size_of_dtoa                          (abs)        000000
__size_of_encenderBombillas             (abs)        000000
__size_of_fputc                         (abs)        000000
__size_of_fputs                         (abs)        000000
__size_of_imprimirTemHum                (abs)        000000
__size_of_isalpha                       (abs)        000000
__size_of_islower                       (abs)        000000
__size_of_isupper                       (abs)        000000
__size_of_main                          (abs)        000000
__size_of_mostrarFechaHora              (abs)        000000
__size_of_offBombillas                  (abs)        000000
__size_of_offLEDS                       (abs)        000000
__size_of_onLEDS                        (abs)        000000
__size_of_pad                           (abs)        000000
__size_of_putch                         (abs)        000000
__size_of_sprintf                       (abs)        000000
__size_of_strlen                        (abs)        000000
__size_of_toupper                       (abs)        000000
__size_of_verificarHora                 (abs)        000000
__size_of_vfpfcnvrt                     (abs)        000000
__size_of_vfprintf                      (abs)        000000
__size_of_xtoa                          (abs)        000000
__smallconst                            smallconst   000800
_abs                                    text31       00269E
_acumBom                                bssBANK1     0001A9
_banAgregar                             bssBANK0     0000F6
_bombillaCar0                           dataBANK1    0001F8
_date                                   bssBANK1     0001BF
_days                                   dataBANK1    0001F1
_dbuf                                   bssBANK2     0002D0
_dtoa                                   text25       000FD6
_dtoa$1367                              cstackCOMRAM 00002E
_encenderBombillas                      text36       000858
_flags                                  bssBANK0     0000E6
_fputc                                  text29       001F9E
_fputs                                  text28       00265A
_hour                                   bssBANK0     0000F0
_hours                                  bssBANK1     0001C9
_imprimirTemHum                         text16       001D1A
_isalpha                                text24       00271E
_islower                                text22       002794
_isupper                                text23       0027CC
_j                                      bssBANK0     0000F8
_main                                   text0        00182C
_min                                    bssBANK0     0000F2
_mins                                   bssBANK1     0001D3
_month                                  bssBANK1     0001B5
_mostrarFechaHora                       text4        000CB0
_nout                                   bssBANK1     0001A7
_offBombillas                           text3        00223A
_offLEDS                                text2        002300
_onLEDS                                 text37       001ECE
_pad                                    text26       002068
_prec                                   bssBANK0     0000E4
_putch                                  text30       0029E4
_sec                                    bssBANK0     0000F4
_secs                                   bssBANK1     0001DD
_sprintf                                text17       002530
_strlen                                 text27       002804
_toupper                                text21       0023BE
_toupper$1463                           cstackCOMRAM 00000D
_valor2                                 bssBANK0     0000F9
_var_RH_Decimal                         bssBANK0     0000FD
_var_RH_Integral                        bssBANK0     0000FC
_var_T_Decimal                          bssBANK0     0000FB
_var_T_Integral                         bssBANK0     0000FA
_vec_value                              bssBANK1     0001E7
_verificarHora                          text1        002360
_vfpfcnvrt                              text19       001594
_vfprintf                               text18       00229E
_width                                  bssBANK0     0000E2
_xtoa                                   text20       0012BA
_xtoa$1378                              cstackCOMRAM 00002F
_xtoa$1379                              cstackCOMRAM 000031
_year                                   bssBANK1     0001AB
abs@a                                   cstackCOMRAM 000013
dtoa@d                                  cstackCOMRAM 00001E
dtoa@fp                                 cstackCOMRAM 00001C
dtoa@i                                  cstackCOMRAM 00003E
dtoa@n                                  cstackCOMRAM 000036
dtoa@p                                  cstackCOMRAM 000030
dtoa@s                                  cstackCOMRAM 000034
dtoa@w                                  cstackCOMRAM 000032
encenderBombillas@F3591                 dataBANK2    000251
encenderBombillas@F3594                 dataBANK2    000236
encenderBombillas@F3597                 dataBANK2    00021B
encenderBombillas@F3600                 dataBANK2    000200
encenderBombillas@F3604                 dataBANK3    00034A
encenderBombillas@F3607                 dataBANK2    00029B
encenderBombillas@buffer_TX             cstackBANK1  000100
encenderBombillas@buffer_TX_793         cstackBANK1  00011B
encenderBombillas@buffer_TX_796         cstackBANK1  000136
encenderBombillas@buffer_TX_799         cstackBANK1  000151
encenderBombillas@buffer_TX_803         cstackBANK1  00016C
encenderBombillas@buffer_TX_806         cstackBANK1  000187
encenderBombillas@i                     cstackBANK1  00019A
encenderBombillas@i_794                 cstackBANK1  00019C
encenderBombillas@i_797                 cstackBANK1  00019E
encenderBombillas@i_800                 cstackBANK1  0001A0
encenderBombillas@i_801                 cstackBANK1  0001A6
encenderBombillas@i_804                 cstackBANK1  0001A2
encenderBombillas@i_807                 cstackBANK1  0001A4
end_of_initialization                   cinit        0021CA
fputc@c                                 cstackCOMRAM 000001
fputc@fp                                cstackCOMRAM 000003
fputs@c                                 cstackCOMRAM 00000E
fputs@fp                                cstackCOMRAM 00000C
fputs@i                                 cstackCOMRAM 00000F
fputs@s                                 cstackCOMRAM 00000A
intlevel0                               text         000000
intlevel1                               text         000000
intlevel2                               text         000000
intlevel3                               text         000000
isalpha@c                               cstackCOMRAM 000001
islower@c                               cstackCOMRAM 000001
isupper@c                               cstackCOMRAM 000001
main@F3564                              dataBANK3    000326
main@F3567                              dataBANK3    000300
main@buffer_TX                          cstackBANK0  0000BA
main@buffer_TX_750                      cstackBANK0  000094
main@i                                  cstackBANK0  0000DE
main@i_751                              cstackBANK0  0000E0
mostrarFechaHora@F3615                  dataBANK2    00026C
mostrarFechaHora@buffer_TX              cstackBANK0  000078
mostrarFechaHora@i                      cstackBANK0  000092
offBombillas@F3586                      dataBANK2    000286
offBombillas@buffer_TX                  cstackCOMRAM 000001
offBombillas@i                          cstackCOMRAM 000016
offLEDS@F3576                           dataBANK2    0002C1
offLEDS@buffer_TX                       cstackCOMRAM 000001
offLEDS@i                               cstackCOMRAM 000010
onLEDS@F3582                            dataBANK2    0002AE
onLEDS@T_Integral                       cstackCOMRAM 000014
onLEDS@buffer_TX                        cstackCOMRAM 000001
onLEDS@i                                cstackCOMRAM 000017
onLEDS@valor                            cstackCOMRAM 000015
pad@buf                                 cstackCOMRAM 000013
pad@fp                                  cstackCOMRAM 000011
pad@i                                   cstackCOMRAM 000018
pad@p                                   cstackCOMRAM 000015
pad@w                                   cstackCOMRAM 00001A
sprintf@ap                              cstackBANK0  00006E
sprintf@f                               cstackBANK0  000070
sprintf@fmt                             cstackBANK0  000068
sprintf@s                               cstackBANK0  000066
stackhi                                 (abs)        0007FF
stacklo                                 (abs)        000365
start                                   init         000000
start_initialization                    cinit        00212E
strlen@a                                cstackCOMRAM 000003
strlen@s                                cstackCOMRAM 000001
toupper@c                               cstackCOMRAM 000007
vfpfcnvrt@ap                            cstackCOMRAM 000047
vfpfcnvrt@c                             cstackCOMRAM 00005D
vfpfcnvrt@fmt                           cstackCOMRAM 000045
vfpfcnvrt@fp                            cstackCOMRAM 000043
vfpfcnvrt@ll                            cstackCOMRAM 00004D
vfpfcnvrt@llu                           cstackCOMRAM 000055
vfprintf@ap                             cstackBANK0  000064
vfprintf@cfmt                           cstackCOMRAM 00005E
vfprintf@fmt                            cstackBANK0  000062
vfprintf@fp                             cstackBANK0  000060
xtoa@c                                  cstackCOMRAM 000041
xtoa@d                                  cstackCOMRAM 00001E
xtoa@fp                                 cstackCOMRAM 00001C
xtoa@i                                  cstackCOMRAM 00003F
xtoa@n                                  cstackCOMRAM 000037
xtoa@p                                  cstackCOMRAM 000033
xtoa@w                                  cstackCOMRAM 000035
xtoa@x                                  cstackCOMRAM 000026


FUNCTION INFORMATION:

 *************** function _main *****************
 Defined at:
		line 96 in file "Controlador.c"
 Parameters:    Size  Location     Type
		None
 Auto vars:     Size  Location     Type
  i               2  128[BANK0 ] int 
  i               2  126[BANK0 ] int 
  buffer_TX      38   52[BANK0 ] unsigned char [38]
  buffer_TX      36   90[BANK0 ] unsigned char [36]
 Return value:  Size  Location     Type
                  1    wreg      void 
 Registers used:
		wreg, fsr1l, fsr1h, fsr2l, fsr2h, status,2, status,0, tblptrl, tblptrh, tblptru, prodl, prodh, cstack
 Tracked objects:
		On entry : 
		On exit  : 
		Unchanged: 
 Data sizes:     COMRAM   BANK0   BANK1   BANK2   BANK3   BANK4   BANK5   BANK6   BANK7
      Params:         0       0       0       0       0       0       0       0       0
      Locals:         0      78       0       0       0       0       0       0       0
      Temps:          0       0       0       0       0       0       0       0       0
      Totals:         0      78       0       0       0       0       0       0       0
Total ram usage:       78 bytes
 Hardware stack levels required when called:    9
 This function calls:
		_DHT11_CheckResponse
		_DHT11_ReadData
		_DHT11_Start
		_I2C_Init
		_LCD_Init
		_LCD_String_xy
		_MSdelay
		_encenderBombillas
		_imprimirTemHum
		_mostrarFechaHora
		_offBombillas
		_offLEDS
		_verificarHora
 This function is called by:
		Startup code after reset
 This function uses a non-reentrant model


 *************** function _verificarHora *****************
 Defined at:
		line 529 in file "Controlador.c"
 Parameters:    Size  Location     Type
		None
 Auto vars:     Size  Location     Type
		None
 Return value:  Size  Location     Type
                  1    wreg      void 
 Registers used:
		wreg, fsr1l, fsr1h, status,2, status,0, tblptrl, tblptrh, tblptru, cstack
 Tracked objects:
		On entry : 
		On exit  : 
		Unchanged: 
 Data sizes:     COMRAM   BANK0   BANK1   BANK2   BANK3   BANK4   BANK5   BANK6   BANK7
      Params:         0       0       0       0       0       0       0       0       0
      Locals:         0       0       0       0       0       0       0       0       0
      Temps:          0       0       0       0       0       0       0       0       0
      Totals:         0       0       0       0       0       0       0       0       0
Total ram usage:        0 bytes
 Hardware stack levels used:    1
 Hardware stack levels required when called:    4
 This function calls:
		_I2C_Stop
		_LCD_String_xy
		_MSdelay
		_RTC_Read_Clock
 This function is called by:
		_main
 This function uses a non-reentrant model


 *************** function _offLEDS *****************
 Defined at:
		line 220 in file "Controlador.c"
 Parameters:    Size  Location     Type
		None
 Auto vars:     Size  Location     Type
  i               2   15[COMRAM] int 
  buffer_TX      15    0[COMRAM] unsigned char [15]
 Return value:  Size  Location     Type
                  1    wreg      void 
 Registers used:
		wreg, fsr1l, fsr1h, fsr2l, fsr2h, status,2, status,0
 Tracked objects:
		On entry : 
		On exit  : 
		Unchanged: 
 Data sizes:     COMRAM   BANK0   BANK1   BANK2   BANK3   BANK4   BANK5   BANK6   BANK7
      Params:         0       0       0       0       0       0       0       0       0
      Locals:        17       0       0       0       0       0       0       0       0
      Temps:          0       0       0       0       0       0       0       0       0
      Totals:        17       0       0       0       0       0       0       0       0
Total ram usage:       17 bytes
 Hardware stack levels used:    1
 This function calls:
		Nothing
 This function is called by:
		_main
 This function uses a non-reentrant model


 *************** function _offBombillas *****************
 Defined at:
		line 263 in file "Controlador.c"
 Parameters:    Size  Location     Type
		None
 Auto vars:     Size  Location     Type
  i               2   21[COMRAM] int 
  buffer_TX      21    0[COMRAM] unsigned char [21]
 Return value:  Size  Location     Type
                  1    wreg      void 
 Registers used:
		wreg, fsr1l, fsr1h, fsr2l, fsr2h, status,2, status,0
 Tracked objects:
		On entry : 
		On exit  : 
		Unchanged: 
 Data sizes:     COMRAM   BANK0   BANK1   BANK2   BANK3   BANK4   BANK5   BANK6   BANK7
      Params:         0       0       0       0       0       0       0       0       0
      Locals:        23       0       0       0       0       0       0       0       0
      Temps:          0       0       0       0       0       0       0       0       0
      Totals:        23       0       0       0       0       0       0       0       0
Total ram usage:       23 bytes
 Hardware stack levels used:    1
 This function calls:
		Nothing
 This function is called by:
		_main
 This function uses a non-reentrant model


 *************** function _mostrarFechaHora *****************
 Defined at:
		line 451 in file "Controlador.c"
 Parameters:    Size  Location     Type
		None
 Auto vars:     Size  Location     Type
  i               2   50[BANK0 ] int 
  buffer_TX      26   24[BANK0 ] unsigned char [26]
 Return value:  Size  Location     Type
                  1    wreg      void 
 Registers used:
		wreg, fsr1l, fsr1h, fsr2l, fsr2h, status,2, status,0, tblptrl, tblptrh, tblptru, cstack
 Tracked objects:
		On entry : 
		On exit  : 
		Unchanged: 
 Data sizes:     COMRAM   BANK0   BANK1   BANK2   BANK3   BANK4   BANK5   BANK6   BANK7
      Params:         0       0       0       0       0       0       0       0       0
      Locals:         0      28       0       0       0       0       0       0       0
      Temps:          0       2       0       0       0       0       0       0       0
      Totals:         0      30       0       0       0       0       0       0       0
Total ram usage:       30 bytes
 Hardware stack levels used:    1
 Hardware stack levels required when called:    8
 This function calls:
		_I2C_Stop
		_LCD_Init
		_LCD_String
		_LCD_String_xy
		_MSdelay
		_RTC_Read_Calendar
		_RTC_Read_Clock
		_sprintf
 This function is called by:
		_main
 This function uses a non-reentrant model


 *************** function _RTC_Read_Clock *****************
 Defined at:
		line 430 in file "Controlador.c"
 Parameters:    Size  Location     Type
  read_clock_a    1    wreg     unsigned char 
 Auto vars:     Size  Location     Type
  read_clock_a    1    3[COMRAM] unsigned char 
 Return value:  Size  Location     Type
                  1    wreg      void 
 Registers used:
		wreg, status,2, status,0, cstack
 Tracked objects:
		On entry : 
		On exit  : 
		Unchanged: 
 Data sizes:     COMRAM   BANK0   BANK1   BANK2   BANK3   BANK4   BANK5   BANK6   BANK7
      Params:         0       0       0       0       0       0       0       0       0
      Locals:         1       0       0       0       0       0       0       0       0
      Temps:          1       0       0       0       0       0       0       0       0
      Totals:         2       0       0       0       0       0       0       0       0
Total ram usage:        2 bytes
 Hardware stack levels used:    1
 Hardware stack levels required when called:    3
 This function calls:
		_I2C_Read
		_I2C_Repeated_Start
		_I2C_Start
		_I2C_Write
 This function is called by:
		_mostrarFechaHora
		_verificarHora
 This function uses a non-reentrant model


 *************** function _RTC_Read_Calendar *****************
 Defined at:
		line 440 in file "Controlador.c"
 Parameters:    Size  Location     Type
  read_calenda    1    wreg     unsigned char 
 Auto vars:     Size  Location     Type
  read_calenda    1    3[COMRAM] unsigned char 
 Return value:  Size  Location     Type
                  1    wreg      void 
 Registers used:
		wreg, status,2, status,0, cstack
 Tracked objects:
		On entry : 
		On exit  : 
		Unchanged: 
 Data sizes:     COMRAM   BANK0   BANK1   BANK2   BANK3   BANK4   BANK5   BANK6   BANK7
      Params:         0       0       0       0       0       0       0       0       0
      Locals:         1       0       0       0       0       0       0       0       0
      Temps:          1       0       0       0       0       0       0       0       0
      Totals:         2       0       0       0       0       0       0       0       0
Total ram usage:        2 bytes
 Hardware stack levels used:    1
 Hardware stack levels required when called:    3
 This function calls:
		_I2C_Read
		_I2C_Repeated_Start
		_I2C_Start
		_I2C_Stop
		_I2C_Write
 This function is called by:
		_mostrarFechaHora
 This function uses a non-reentrant model


 *************** function _I2C_Stop *****************
 Defined at:
		line 140 in file "./I2C_Master_File.h"
 Parameters:    Size  Location     Type
		None
 Auto vars:     Size  Location     Type
		None
 Return value:  Size  Location     Type
                  1    wreg      unsigned char 
 Registers used:
		wreg
 Tracked objects:
		On entry : 
		On exit  : 
		Unchanged: 
 Data sizes:     COMRAM   BANK0   BANK1   BANK2   BANK3   BANK4   BANK5   BANK6   BANK7
      Params:         0       0       0       0       0       0       0       0       0
      Locals:         0       0       0       0       0       0       0       0       0
      Temps:          0       0       0       0       0       0       0       0       0
      Totals:         0       0       0       0       0       0       0       0       0
Total ram usage:        0 bytes
 Hardware stack levels used:    1
 This function calls:
		Nothing
 This function is called by:
		_RTC_Read_Calendar
		_mostrarFechaHora
		_verificarHora
		_I2C_Start_Wait
 This function uses a non-reentrant model


 *************** function _I2C_Start *****************
 Defined at:
		line 115 in file "./I2C_Master_File.h"
 Parameters:    Size  Location     Type
  slave_write_    1    wreg     unsigned char 
 Auto vars:     Size  Location     Type
  slave_write_    1    1[COMRAM] unsigned char 
 Return value:  Size  Location     Type
                  1    wreg      unsigned char 
 Registers used:
		wreg, status,2, cstack
 Tracked objects:
		On entry : 
		On exit  : 
		Unchanged: 
 Data sizes:     COMRAM   BANK0   BANK1   BANK2   BANK3   BANK4   BANK5   BANK6   BANK7
      Params:         0       0       0       0       0       0       0       0       0
      Locals:         1       0       0       0       0       0       0       0       0
      Temps:          0       0       0       0       0       0       0       0       0
      Totals:         1       0       0       0       0       0       0       0       0
Total ram usage:        1 bytes
 Hardware stack levels used:    1
 Hardware stack levels required when called:    2
 This function calls:
		_I2C_Write
 This function is called by:
		_RTC_Read_Clock
		_RTC_Read_Calendar
 This function uses a non-reentrant model


 *************** function _I2C_Repeated_Start *****************
 Defined at:
		line 126 in file "./I2C_Master_File.h"
 Parameters:    Size  Location     Type
  slave_read_a    1    wreg     unsigned char 
 Auto vars:     Size  Location     Type
  slave_read_a    1    1[COMRAM] unsigned char 
 Return value:  Size  Location     Type
                  1    wreg      unsigned char 
 Registers used:
		wreg, status,2, cstack
 Tracked objects:
		On entry : 
		On exit  : 
		Unchanged: 
 Data sizes:     COMRAM   BANK0   BANK1   BANK2   BANK3   BANK4   BANK5   BANK6   BANK7
      Params:         0       0       0       0       0       0       0       0       0
      Locals:         1       0       0       0       0       0       0       0       0
      Temps:          0       0       0       0       0       0       0       0       0
      Totals:         1       0       0       0       0       0       0       0       0
Total ram usage:        1 bytes
 Hardware stack levels used:    1
 Hardware stack levels required when called:    2
 This function calls:
		_I2C_Write
 This function is called by:
		_RTC_Read_Clock
		_RTC_Read_Calendar
 This function uses a non-reentrant model


 *************** function _I2C_Write *****************
 Defined at:
		line 148 in file "./I2C_Master_File.h"
 Parameters:    Size  Location     Type
  data            1    wreg     unsigned char 
 Auto vars:     Size  Location     Type
  data            1    0[COMRAM] unsigned char 
 Return value:  Size  Location     Type
                  1    wreg      unsigned char 
 Registers used:
		wreg, cstack
 Tracked objects:
		On entry : 
		On exit  : 
		Unchanged: 
 Data sizes:     COMRAM   BANK0   BANK1   BANK2   BANK3   BANK4   BANK5   BANK6   BANK7
      Params:         0       0       0       0       0       0       0       0       0
      Locals:         1       0       0       0       0       0       0       0       0
      Temps:          0       0       0       0       0       0       0       0       0
      Totals:         1       0       0       0       0       0       0       0       0
Total ram usage:        1 bytes
 Hardware stack levels used:    1
 Hardware stack levels required when called:    1
 This function calls:
		_I2C_Ready
 This function is called by:
		_I2C_Start
		_I2C_Repeated_Start
		_RTC_Read_Clock
		_RTC_Read_Calendar
		_I2C_Start_Wait
 This function uses a non-reentrant model


 *************** function _I2C_Read *****************
 Defined at:
		line 59 in file "./I2C_Master_File.h"
 Parameters:    Size  Location     Type
  flag            1    wreg     unsigned char 
 Auto vars:     Size  Location     Type
  flag            1    0[COMRAM] unsigned char 
  buffer          1    1[COMRAM] unsigned char 
 Return value:  Size  Location     Type
                  1    wreg      unsigned char 
 Registers used:
		wreg, status,2, cstack
 Tracked objects:
		On entry : 
		On exit  : 
		Unchanged: 
 Data sizes:     COMRAM   BANK0   BANK1   BANK2   BANK3   BANK4   BANK5   BANK6   BANK7
      Params:         0       0       0       0       0       0       0       0       0
      Locals:         2       0       0       0       0       0       0       0       0
      Temps:          0       0       0       0       0       0       0       0       0
      Totals:         2       0       0       0       0       0       0       0       0
Total ram usage:        2 bytes
 Hardware stack levels used:    1
 Hardware stack levels required when called:    1
 This function calls:
		_I2C_Ack
		_I2C_Nack
		_I2C_Ready
 This function is called by:
		_RTC_Read_Clock
		_RTC_Read_Calendar
 This function uses a non-reentrant model


 *************** function _I2C_Ready *****************
 Defined at:
		line 90 in file "./I2C_Master_File.h"
 Parameters:    Size  Location     Type
		None
 Auto vars:     Size  Location     Type
		None
 Return value:  Size  Location     Type
                  1    wreg      void 
 Registers used:
		None
 Tracked objects:
		On entry : 
		On exit  : 
		Unchanged: 
 Data sizes:     COMRAM   BANK0   BANK1   BANK2   BANK3   BANK4   BANK5   BANK6   BANK7
      Params:         0       0       0       0       0       0       0       0       0
      Locals:         0       0       0       0       0       0       0       0       0
      Temps:          0       0       0       0       0       0       0       0       0
      Totals:         0       0       0       0       0       0       0       0       0
Total ram usage:        0 bytes
 Hardware stack levels used:    1
 This function calls:
		Nothing
 This function is called by:
		_I2C_Read
		_I2C_Write
 This function uses a non-reentrant model


 *************** function _I2C_Nack *****************
 Defined at:
		line 165 in file "./I2C_Master_File.h"
 Parameters:    Size  Location     Type
		None
 Auto vars:     Size  Location     Type
		None
 Return value:  Size  Location     Type
                  1    wreg      void 
 Registers used:
		None
 Tracked objects:
		On entry : 
		On exit  : 
		Unchanged: 
 Data sizes:     COMRAM   BANK0   BANK1   BANK2   BANK3   BANK4   BANK5   BANK6   BANK7
      Params:         0       0       0       0       0       0       0       0       0
      Locals:         0       0       0       0       0       0       0       0       0
      Temps:          0       0       0       0       0       0       0       0       0
      Totals:         0       0       0       0       0       0       0       0       0
Total ram usage:        0 bytes
 Hardware stack levels used:    1
 This function calls:
		Nothing
 This function is called by:
		_I2C_Read
 This function uses a non-reentrant model


 *************** function _I2C_Ack *****************
 Defined at:
		line 158 in file "./I2C_Master_File.h"
 Parameters:    Size  Location     Type
		None
 Auto vars:     Size  Location     Type
		None
 Return value:  Size  Location     Type
                  1    wreg      void 
 Registers used:
		None
 Tracked objects:
		On entry : 
		On exit  : 
		Unchanged: 
 Data sizes:     COMRAM   BANK0   BANK1   BANK2   BANK3   BANK4   BANK5   BANK6   BANK7
      Params:         0       0       0       0       0       0       0       0       0
      Locals:         0       0       0       0       0       0       0       0       0
      Temps:          0       0       0       0       0       0       0       0       0
      Totals:         0       0       0       0       0       0       0       0       0
Total ram usage:        0 bytes
 Hardware stack levels used:    1
 This function calls:
		Nothing
 This function is called by:
		_I2C_Read
 This function uses a non-reentrant model


 *************** function _LCD_Init *****************
 Defined at:
		line 37 in file "LCD_16x2.c"
 Parameters:    Size  Location     Type
		None
 Auto vars:     Size  Location     Type
		None
 Return value:  Size  Location     Type
                  1    wreg      void 
 Registers used:
		wreg, status,2, status,0, cstack
 Tracked objects:
		On entry : 
		On exit  : 
		Unchanged: 
 Data sizes:     COMRAM   BANK0   BANK1   BANK2   BANK3   BANK4   BANK5   BANK6   BANK7
      Params:         0       0       0       0       0       0       0       0       0
      Locals:         0       0       0       0       0       0       0       0       0
      Temps:          0       0       0       0       0       0       0       0       0
      Totals:         0       0       0       0       0       0       0       0       0
Total ram usage:        0 bytes
 Hardware stack levels used:    1
 Hardware stack levels required when called:    2
 This function calls:
		_LCD_Command
		_MSdelay
 This function is called by:
		_main
		_mostrarFechaHora
 This function uses a non-reentrant model


 *************** function _imprimirTemHum *****************
 Defined at:
		line 280 in file "Controlador.c"
 Parameters:    Size  Location     Type
		None
 Auto vars:     Size  Location     Type
		None
 Return value:  Size  Location     Type
                  1    wreg      void 
 Registers used:
		wreg, fsr1l, fsr1h, fsr2l, fsr2h, status,2, status,0, tblptrl, tblptrh, tblptru, cstack
 Tracked objects:
		On entry : 
		On exit  : 
		Unchanged: 
 Data sizes:     COMRAM   BANK0   BANK1   BANK2   BANK3   BANK4   BANK5   BANK6   BANK7
      Params:         0       0       0       0       0       0       0       0       0
      Locals:         0       0       0       0       0       0       0       0       0
      Temps:          0       0       0       0       0       0       0       0       0
      Totals:         0       0       0       0       0       0       0       0       0
Total ram usage:        0 bytes
 Hardware stack levels used:    1
 Hardware stack levels required when called:    8
 This function calls:
		_LCD_Char
		_LCD_String
		_LCD_String_xy
		_sprintf
 This function is called by:
		_main
 This function uses a non-reentrant model


 *************** function _sprintf *****************
 Defined at:
		line 9 in file "C:\Program Files\Microchip\xc8\v2.31\pic\sources\c99\common\nf_sprintf.c"
 Parameters:    Size  Location     Type
  s               2    6[BANK0 ] PTR unsigned char 
		 -> year(10), month(10), date(10), hours(10), 
		 -> mins(10), secs(10), vec_value(10), 
  fmt             2    8[BANK0 ] PTR const unsigned char 
		 -> STR_19(4), STR_18(4), STR_17(8), STR_16(8), 
		 -> STR_15(4), STR_14(4), STR_13(8), STR_12(4), 
		 -> STR_11(4), STR_6(4), STR_5(3), STR_4(5), 
		 -> STR_3(3), 
 Auto vars:     Size  Location     Type
  f               6   16[BANK0 ] struct _IO_FILE
  ap              2   14[BANK0 ] PTR void [1]
		 -> ?_sprintf(2), 
  ret             2    0        int 
 Return value:  Size  Location     Type
                  2    6[BANK0 ] int 
 Registers used:
		wreg, fsr1l, fsr1h, fsr2l, fsr2h, status,2, status,0, tblptrl, tblptrh, tblptru, cstack
 Tracked objects:
		On entry : 
		On exit  : 
		Unchanged: 
 Data sizes:     COMRAM   BANK0   BANK1   BANK2   BANK3   BANK4   BANK5   BANK6   BANK7
      Params:         0       6       0       0       0       0       0       0       0
      Locals:         0      10       0       0       0       0       0       0       0
      Temps:          0       0       0       0       0       0       0       0       0
      Totals:         0      16       0       0       0       0       0       0       0
Total ram usage:       16 bytes
 Hardware stack levels used:    1
 Hardware stack levels required when called:    7
 This function calls:
		_vfprintf
 This function is called by:
		_imprimirTemHum
		_mostrarFechaHora
 This function uses a non-reentrant model


 *************** function _vfprintf *****************
 Defined at:
		line 1390 in file "C:\Program Files\Microchip\xc8\v2.31\pic\sources\c99\common\doprnt.c"
 Parameters:    Size  Location     Type
  fp              2    0[BANK0 ] PTR struct _IO_FILE
		 -> sprintf@f(6), 
  fmt             2    2[BANK0 ] PTR const unsigned char 
		 -> STR_19(4), STR_18(4), STR_17(8), STR_16(8), 
		 -> STR_15(4), STR_14(4), STR_13(8), STR_12(4), 
		 -> STR_11(4), STR_6(4), STR_5(3), STR_4(5), 
		 -> STR_3(3), 
  ap              2    4[BANK0 ] PTR PTR void 
		 -> sprintf@ap(2), 
 Auto vars:     Size  Location     Type
  cfmt            2   93[COMRAM] PTR unsigned char 
		 -> STR_19(4), STR_18(4), STR_17(8), STR_16(8), 
		 -> STR_15(4), STR_14(4), STR_13(8), STR_12(4), 
		 -> STR_11(4), STR_6(4), STR_5(3), STR_4(5), 
		 -> STR_3(3), 
 Return value:  Size  Location     Type
                  2    0[BANK0 ] int 
 Registers used:
		wreg, fsr1l, fsr1h, fsr2l, fsr2h, status,2, status,0, tblptrl, tblptrh, tblptru, cstack
 Tracked objects:
		On entry : 
		On exit  : 
		Unchanged: 
 Data sizes:     COMRAM   BANK0   BANK1   BANK2   BANK3   BANK4   BANK5   BANK6   BANK7
      Params:         0       6       0       0       0       0       0       0       0
      Locals:         2       0       0       0       0       0       0       0       0
      Temps:          0       0       0       0       0       0       0       0       0
      Totals:         2       6       0       0       0       0       0       0       0
Total ram usage:        8 bytes
 Hardware stack levels used:    1
 Hardware stack levels required when called:    6
 This function calls:
		_vfpfcnvrt
 This function is called by:
		_sprintf
 This function uses a non-reentrant model


 *************** function _vfpfcnvrt *****************
 Defined at:
		line 692 in file "C:\Program Files\Microchip\xc8\v2.31\pic\sources\c99\common\doprnt.c"
 Parameters:    Size  Location     Type
  fp              2   66[COMRAM] PTR struct _IO_FILE
		 -> sprintf@f(6), 
[...]
      Totals:        26       0       0       0       0       0       0       0       0
Total ram usage:       26 bytes
 Hardware stack levels used:    1
 This function calls:
		Nothing
 This function is called by:
		_dtoa
 This function uses a non-reentrant model


 *************** function _LCD_String_xy *****************
 Defined at:
		line 99 in file "LCD_16x2.c"
 Parameters:    Size  Location     Type
  row             1    wreg     unsigned char 
  pos             1    9[COMRAM] unsigned char 
  msg             2   10[COMRAM] PTR const unsigned char 
		 -> STR_28(3), STR_27(3), date(10), hours(10), 
		 -> STR_10(3), STR_9(3), STR_8(2), STR_7(2), 
		 -> vec_value(10), STR_2(7), STR_1(12), 
 Auto vars:     Size  Location     Type
  row             1   12[COMRAM] unsigned char 
  location        1   13[COMRAM] unsigned char 
 Return value:  Size  Location     Type
                  1    wreg      void 
 Registers used:
		wreg, fsr1l, fsr1h, status,2, status,0, tblptrl, tblptrh, tblptru, cstack
 Tracked objects:
		On entry : 
		On exit  : 
		Unchanged: 
 Data sizes:     COMRAM   BANK0   BANK1   BANK2   BANK3   BANK4   BANK5   BANK6   BANK7
      Params:         3       0       0       0       0       0       0       0       0
      Locals:         2       0       0       0       0       0       0       0       0
      Temps:          0       0       0       0       0       0       0       0       0
      Totals:         5       0       0       0       0       0       0       0       0
Total ram usage:        5 bytes
 Hardware stack levels used:    1
 Hardware stack levels required when called:    3
 This function calls:
		_LCD_Command
		_LCD_String
 This function is called by:
		_main
		_imprimirTemHum
		_mostrarFechaHora
		_verificarHora
 This function uses a non-reentrant model


 *************** function _LCD_String *****************
 Defined at:
		line 89 in file "LCD_16x2.c"
 Parameters:    Size  Location     Type
  msg             2    7[COMRAM] PTR const unsigned char 
		 -> STR_28(3), STR_27(3), STR_26(4), STR_25(4), 
		 -> STR_24(4), STR_23(4), STR_22(4), STR_21(4), 
		 -> STR_20(4), year(10), month(10), date(10), 
		 -> hours(10), mins(10), secs(10), STR_10(3), 
		 -> STR_9(3), STR_8(2), STR_7(2), vec_value(10), 
		 -> STR_2(7), STR_1(12), 
 Auto vars:     Size  Location     Type
		None
 Return value:  Size  Location     Type
                  1    wreg      void 
 Registers used:
		wreg, fsr1l, fsr1h, status,2, status,0, tblptrl, tblptrh, tblptru, cstack
 Tracked objects:
		On entry : 
		On exit  : 
		Unchanged: 
 Data sizes:     COMRAM   BANK0   BANK1   BANK2   BANK3   BANK4   BANK5   BANK6   BANK7
      Params:         2       0       0       0       0       0       0       0       0
      Locals:         0       0       0       0       0       0       0       0       0
      Temps:          0       0       0       0       0       0       0       0       0
      Totals:         2       0       0       0       0       0       0       0       0
Total ram usage:        2 bytes
 Hardware stack levels used:    1
 Hardware stack levels required when called:    2
 This function calls:
		_LCD_Char
 This function is called by:
		_LCD_String_xy
		_imprimirTemHum
		_mostrarFechaHora
 This function uses a non-reentrant model


 *************** function _encenderBombillas *****************
 Defined at:
		line 301 in file "Controlador.c"
 Parameters:    Size  Location     Type
		None
 Auto vars:     Size  Location     Type
  i               2  164[BANK1 ] int 
  i               2  162[BANK1 ] int 
  i               1  166[BANK1 ] unsigned char 
  i               2  160[BANK1 ] int 
  i               2  158[BANK1 ] int 
  i               2  156[BANK1 ] int 
  i               2  154[BANK1 ] int 
  buffer_TX      19  135[BANK1 ] unsigned char [19]
  buffer_TX      27  108[BANK1 ] unsigned char [27]
  buffer_TX      27   81[BANK1 ] unsigned char [27]
  buffer_TX      27   54[BANK1 ] unsigned char [27]
  buffer_TX      27   27[BANK1 ] unsigned char [27]
  buffer_TX      27    0[BANK1 ] unsigned char [27]
 Return value:  Size  Location     Type
                  1    wreg      void 
 Registers used:
		wreg, fsr1l, fsr1h, fsr2l, fsr2h, status,2, status,0, prodl, prodh, cstack
 Tracked objects:
		On entry : 
		On exit  : 
		Unchanged: 
 Data sizes:     COMRAM   BANK0   BANK1   BANK2   BANK3   BANK4   BANK5   BANK6   BANK7
      Params:         0       0       0       0       0       0       0       0       0
      Locals:         0       0     167       0       0       0       0       0       0
      Temps:          0       0       0       0       0       0       0       0       0
      Totals:         0       0     167       0       0       0       0       0       0
Total ram usage:      167 bytes
 Hardware stack levels used:    1
 Hardware stack levels required when called:    3
 This function calls:
		_LCD_Char
		_LCD_Command
		_LCD_Custom_Char
		_MSdelay
		_onLEDS
 This function is called by:
		_main
 This function uses a non-reentrant model


 *************** function _onLEDS *****************
 Defined at:
		line 236 in file "Controlador.c"
 Parameters:    Size  Location     Type
  T_Integral      1    wreg     unsigned char 
 Auto vars:     Size  Location     Type
  T_Integral      1   19[COMRAM] unsigned char 
  i               2   22[COMRAM] int 
  buffer_TX      19    0[COMRAM] unsigned char [19]
  valor           2   20[COMRAM] int 
 Return value:  Size  Location     Type
                  1    wreg      void 
 Registers used:
		wreg, fsr1l, fsr1h, fsr2l, fsr2h, status,2, status,0
 Tracked objects:
		On entry : 
		On exit  : 
		Unchanged: 
 Data sizes:     COMRAM   BANK0   BANK1   BANK2   BANK3   BANK4   BANK5   BANK6   BANK7
      Params:         0       0       0       0       0       0       0       0       0
      Locals:        24       0       0       0       0       0       0       0       0
      Temps:          0       0       0       0       0       0       0       0       0
      Totals:        24       0       0       0       0       0       0       0       0
Total ram usage:       24 bytes
 Hardware stack levels used:    1
 This function calls:
		Nothing
 This function is called by:
		_encenderBombillas
 This function uses a non-reentrant model


 *************** function _LCD_Custom_Char *****************
 Defined at:
		line 49 in file "LCD_16x2.c"
 Parameters:    Size  Location     Type
  loc             1    wreg     unsigned char 
  msg             2    7[COMRAM] PTR unsigned char 
		 -> bombillaCar0(8), 
 Auto vars:     Size  Location     Type
  loc             1    9[COMRAM] unsigned char 
  i               1   10[COMRAM] unsigned char 
 Return value:  Size  Location     Type
                  1    wreg      void 
 Registers used:
		wreg, fsr2l, fsr2h, status,2, status,0, prodl, prodh, cstack
 Tracked objects:
		On entry : 
		On exit  : 
		Unchanged: 
 Data sizes:     COMRAM   BANK0   BANK1   BANK2   BANK3   BANK4   BANK5   BANK6   BANK7
      Params:         2       0       0       0       0       0       0       0       0
      Locals:         2       0       0       0       0       0       0       0       0
      Temps:          0       0       0       0       0       0       0       0       0
      Totals:         4       0       0       0       0       0       0       0       0
Total ram usage:        4 bytes
 Hardware stack levels used:    1
 Hardware stack levels required when called:    2
 This function calls:
		_LCD_Char
		_LCD_Command
 This function is called by:
		_encenderBombillas
 This function uses a non-reentrant model


 *************** function _LCD_Command *****************
 Defined at:
		line 66 in file "LCD_16x2.c"
 Parameters:    Size  Location     Type
  cmd             1    wreg     unsigned char 
 Auto vars:     Size  Location     Type
  cmd             1    6[COMRAM] unsigned char 
 Return value:  Size  Location     Type
                  1    wreg      void 
 Registers used:
		wreg, status,2, status,0, cstack
 Tracked objects:
		On entry : 
		On exit  : 
		Unchanged: 
 Data sizes:     COMRAM   BANK0   BANK1   BANK2   BANK3   BANK4   BANK5   BANK6   BANK7
      Params:         0       0       0       0       0       0       0       0       0
      Locals:         1       0       0       0       0       0       0       0       0
      Temps:          0       0       0       0       0       0       0       0       0
      Totals:         1       0       0       0       0       0       0       0       0
Total ram usage:        1 bytes
 Hardware stack levels used:    1
 Hardware stack levels required when called:    1
 This function calls:
		_MSdelay
 This function is called by:
		_LCD_Init
		_LCD_Custom_Char
		_LCD_String_xy
		_encenderBombillas
		_LCD_Clear
 This function uses a non-reentrant model


 *************** function _LCD_Char *****************
 Defined at:
		line 78 in file "LCD_16x2.c"
 Parameters:    Size  Location     Type
  dat             1    wreg     unsigned char 
 Auto vars:     Size  Location     Type
  dat             1    6[COMRAM] unsigned char 
 Return value:  Size  Location     Type
                  1    wreg      void 
 Registers used:
		wreg, status,2, status,0, cstack
 Tracked objects:
		On entry : 
		On exit  : 
		Unchanged: 
 Data sizes:     COMRAM   BANK0   BANK1   BANK2   BANK3   BANK4   BANK5   BANK6   BANK7
      Params:         0       0       0       0       0       0       0       0       0
      Locals:         1       0       0       0       0       0       0       0       0
      Temps:          0       0       0       0       0       0       0       0       0
      Totals:         1       0       0       0       0       0       0       0       0
Total ram usage:        1 bytes
 Hardware stack levels used:    1
 Hardware stack levels required when called:    1
 This function calls:
		_MSdelay
 This function is called by:
		_LCD_Custom_Char
		_LCD_String
		_imprimirTemHum
		_encenderBombillas
 This function uses a non-reentrant model


 *************** function _MSdelay *****************
 Defined at:
		line 118 in file "LCD_16x2.c"
 Parameters:    Size  Location     Type
  val             2    0[COMRAM] unsigned int 
 Auto vars:     Size  Location     Type
  j               2    4[COMRAM] unsigned int 
  i               2    2[COMRAM] unsigned int 
 Return value:  Size  Location     Type
                  1    wreg      void 
 Registers used:
		wreg, status,2, status,0
 Tracked objects:
		On entry : 
		On exit  : 
		Unchanged: 
 Data sizes:     COMRAM   BANK0   BANK1   BANK2   BANK3   BANK4   BANK5   BANK6   BANK7
      Params:         2       0       0       0       0       0       0       0       0
      Locals:         4       0       0       0       0       0       0       0       0
      Temps:          0       0       0       0       0       0       0       0       0
      Totals:         6       0       0       0       0       0       0       0       0
Total ram usage:        6 bytes
 Hardware stack levels used:    1
 This function calls:
		Nothing
 This function is called by:
		_LCD_Init
		_LCD_Command
		_LCD_Char
		_main
		_encenderBombillas
		_mostrarFechaHora
		_verificarHora
 This function uses a non-reentrant model


 *************** function _I2C_Init *****************
 Defined at:
		line 76 in file "./I2C_Master_File.h"
 Parameters:    Size  Location     Type
		None
 Auto vars:     Size  Location     Type
		None
 Return value:  Size  Location     Type
                  1    wreg      void 
 Registers used:
		wreg, status,2
 Tracked objects:
		On entry : 
		On exit  : 
		Unchanged: 
 Data sizes:     COMRAM   BANK0   BANK1   BANK2   BANK3   BANK4   BANK5   BANK6   BANK7
      Params:         0       0       0       0       0       0       0       0       0
      Locals:         0       0       0       0       0       0       0       0       0
      Temps:          0       0       0       0       0       0       0       0       0
      Totals:         0       0       0       0       0       0       0       0       0
Total ram usage:        0 bytes
 Hardware stack levels used:    1
 This function calls:
		Nothing
 This function is called by:
		_main
 This function uses a non-reentrant model


 *************** function _DHT11_Start *****************
 Defined at:
		line 202 in file "Controlador.c"
 Parameters:    Size  Location     Type
		None
 Auto vars:     Size  Location     Type
		None
 Return value:  Size  Location     Type
                  1    wreg      void 
 Registers used:
		wreg
 Tracked objects:
		On entry : 
		On exit  : 
		Unchanged: 
 Data sizes:     COMRAM   BANK0   BANK1   BANK2   BANK3   BANK4   BANK5   BANK6   BANK7
      Params:         0       0       0       0       0       0       0       0       0
      Locals:         0       0       0       0       0       0       0       0       0
      Temps:          1       0       0       0       0       0       0       0       0
      Totals:         1       0       0       0       0       0       0       0       0
Total ram usage:        1 bytes
 Hardware stack levels used:    1
 This function calls:
		Nothing
 This function is called by:
		_main
 This function uses a non-reentrant model


 *************** function _DHT11_ReadData *****************
 Defined at:
		line 187 in file "Controlador.c"
 Parameters:    Size  Location     Type
		None
 Auto vars:     Size  Location     Type
  data            1    1[COMRAM] unsigned char 
  i               1    0[COMRAM] unsigned char 
 Return value:  Size  Location     Type
                  1    wreg      unsigned char 
 Registers used:
		wreg, status,2, status,0
 Tracked objects:
		On entry : 
		On exit  : 
		Unchanged: 
 Data sizes:     COMRAM   BANK0   BANK1   BANK2   BANK3   BANK4   BANK5   BANK6   BANK7
      Params:         0       0       0       0       0       0       0       0       0
      Locals:         2       0       0       0       0       0       0       0       0
      Temps:          0       0       0       0       0       0       0       0       0
      Totals:         2       0       0       0       0       0       0       0       0
Total ram usage:        2 bytes
 Hardware stack levels used:    1
 This function calls:
		Nothing
 This function is called by:
		_main
 This function uses a non-reentrant model


 *************** function _DHT11_CheckResponse *****************
 Defined at:
		line 212 in file "Controlador.c"
 Parameters:    Size  Location     Type
		None
 Auto vars:     Size  Location     Type
		None
 Return value:  Size  Location     Type
                  1    wreg      void 
 Registers used:
		None
 Tracked objects:
		On entry : 
		On exit  : 
		Unchanged: 
 Data sizes:     COMRAM   BANK0   BANK1   BANK2   BANK3   BANK4   BANK5   BANK6   BANK7
      Params:         0       0       0       0       0       0       0       0       0
      Locals:         0       0       0       0       0       0       0       0       0
      Temps:          0       0       0       0       0       0       0       0       0
      Totals:         0       0       0       0       0       0       0       0       0
Total ram usage:        0 bytes
 Hardware stack levels used:    1
 This function calls:
		Nothing
 This function is called by:
		_main
 This function uses a non-reentrant model



MODULE INFORMATION

Module		Function		Class		Link	Load	Size
Controlador.c
		_mostrarFechaHora		CODE           	0CB0	0000	806
		_onLEDS        		CODE           	1ECE	0000	208
		_imprimirTemHum		CODE           	1D1A	0000	228
		_main          		CODE           	182C	0000	514
		_verificarHora 		CODE           	2360	0000	94
		_DHT11_Start   		CODE           	2912	0000	32
		_DHT11_CheckResponse		CODE           	28C4	0000	44
		_encenderBombillas		CODE           	0858	0000	1112
		_offBombillas  		CODE           	223A	0000	100
		_RTC_Read_Clock		CODE           	2614	0000	70
		_RTC_Read_Calendar		CODE           	24D6	0000	90
		_offLEDS       		CODE           	2300	0000	96
		_DHT11_ReadData		CODE           	247A	0000	92

Controlador.c estimated size: 3486

C:\Program Files\Microchip\xc8\v2.31\pic\sources\c99\common\putch.c
		_putch         		CODE           	29E4	0000	2

C:\Program Files\Microchip\xc8\v2.31\pic\sources\c99\common\putch.c estimated size: 2

C:\Program Files\Microchip\xc8\v2.31\pic\sources\c99\common\nf_fputs.c
		_fputs         		CODE           	265A	0000	68

C:\Program Files\Microchip\xc8\v2.31\pic\sources\c99\common\nf_fputs.c estimated size: 68

C:\Program Files\Microchip\xc8\v2.31\pic\sources\c99\common\aomod.c
		___aomod       		CODE           	1BB6	0000	356

C:\Program Files\Microchip\xc8\v2.31\pic\sources\c99\common\aomod.c estimated size: 356

./I2C_Master_File.h
		_I2C_Write     		CODE           	28F0	0000	34
		_I2C_Stop      		CODE           	2984	0000	20
		_I2C_Read      		CODE           	275A	0000	58
		_I2C_Ready     		CODE           	29C0	0000	18
		_I2C_Init      		CODE           	296A	0000	26
		_I2C_Repeated_Start		CODE           	2868	0000	46
		_I2C_Ack       		CODE           	29AC	0000	20
		_I2C_Nack      		CODE           	2998	0000	20
		_I2C_Start     		CODE           	283A	0000	46

./I2C_Master_File.h estimated size: 288

C:\Program Files\Microchip\xc8\v2.31\pic\sources\c99\common\abs.c
		_abs           		CODE           	269E	0000	64

C:\Program Files\Microchip\xc8\v2.31\pic\sources\c99\common\abs.c estimated size: 64

C:\Program Files\Microchip\xc8\v2.31\pic\sources\c99\common\strlen.c
		_strlen        		CODE           	2804	0000	54

C:\Program Files\Microchip\xc8\v2.31\pic\sources\c99\common\strlen.c estimated size: 54

C:\Program Files\Microchip\xc8\v2.31\pic\sources\c99\common\isupper.c
		_isupper       		CODE           	27CC	0000	56

C:\Program Files\Microchip\xc8\v2.31\pic\sources\c99\common\isupper.c estimated size: 56

LCD_16x2.c
		_LCD_String    		CODE           	241C	0000	94
		_LCD_Init      		CODE           	2896	0000	46
		_LCD_Command   		CODE           	2932	0000	28
		_LCD_String_xy 		CODE           	26DE	0000	64
		_LCD_Char      		CODE           	294E	0000	28
		_MSdelay       		CODE           	2582	0000	74
		_LCD_Custom_Char		CODE           	25CC	0000	72

LCD_16x2.c estimated size: 406

C:\Program Files\Microchip\xc8\v2.31\pic\sources\c99\common\aodiv.c
		___aodiv       		CODE           	1A2E	0000	392

C:\Program Files\Microchip\xc8\v2.31\pic\sources\c99\common\aodiv.c estimated size: 392

C:\Program Files\Microchip\xc8\v2.31\pic\sources\c99\common\nf_fputc.c
		_fputc         		CODE           	1F9E	0000	202

C:\Program Files\Microchip\xc8\v2.31\pic\sources\c99\common\nf_fputc.c estimated size: 202

shared
		__initialization		CODE           	212E	0000	156

shared estimated size: 156

C:\Program Files\Microchip\xc8\v2.31\pic\sources\c99\common\islower.c
		_islower       		CODE           	2794	0000	56

C:\Program Files\Microchip\xc8\v2.31\pic\sources\c99\common\islower.c estimated size: 56

C:\Program Files\Microchip\xc8\v2.31\pic\sources\c99\common\doprnt.c
		_vfpfcnvrt     		CODE           	1594	0000	664
		_pad           		CODE           	2068	0000	198
		_dtoa          		CODE           	0FD6	0000	740
		_vfprintf      		CODE           	229E	0000	98
		_xtoa          		CODE           	12BA	0000	730

C:\Program Files\Microchip\xc8\v2.31\pic\sources\c99\common\doprnt.c estimated size: 2430

C:\Program Files\Microchip\xc8\v2.31\pic\sources\c99\common\nf_sprintf.c
		_sprintf       		CODE           	2530	0000	82

C:\Program Files\Microchip\xc8\v2.31\pic\sources\c99\common\nf_sprintf.c estimated size: 82

C:\Program Files\Microchip\xc8\v2.31\pic\sources\c99\common\toupper.c
		_toupper       		CODE           	23BE	0000	94

C:\Program Files\Microchip\xc8\v2.31\pic\sources\c99\common\toupper.c estimated size: 94

C:\Program Files\Microchip\xc8\v2.31\pic\sources\c99\common\isalpha.c
		_isalpha       		CODE           	271E	0000	60

C:\Program Files\Microchip\xc8\v2.31\pic\sources\c99\common\isalpha.c estimated size: 60

